Archive member included to satisfy reference by file (symbol)

/opt/st/stm32cubeide_1.6.1/plugins/com.st.stm32cube.ide.mcu.externaltools.gnu-tools-for-stm32.9-2020-q2-update.linux64_1.5.0.202011040924/tools/bin/../lib/gcc/arm-none-eabi/9.3.1/../../../../arm-none-eabi/lib/thumb/v7e-m+fp/hard/libc_nano.a(lib_a-errno.o)
                              Core/Src/syscalls.o (__errno)
/opt/st/stm32cubeide_1.6.1/plugins/com.st.stm32cube.ide.mcu.externaltools.gnu-tools-for-stm32.9-2020-q2-update.linux64_1.5.0.202011040924/tools/bin/../lib/gcc/arm-none-eabi/9.3.1/../../../../arm-none-eabi/lib/thumb/v7e-m+fp/hard/libc_nano.a(lib_a-exit.o)
                              /opt/st/stm32cubeide_1.6.1/plugins/com.st.stm32cube.ide.mcu.externaltools.gnu-tools-for-stm32.9-2020-q2-update.linux64_1.5.0.202011040924/tools/bin/../lib/gcc/arm-none-eabi/9.3.1/../../../../arm-none-eabi/lib/thumb/v7e-m+fp/hard/crt0.o (exit)
/opt/st/stm32cubeide_1.6.1/plugins/com.st.stm32cube.ide.mcu.externaltools.gnu-tools-for-stm32.9-2020-q2-update.linux64_1.5.0.202011040924/tools/bin/../lib/gcc/arm-none-eabi/9.3.1/../../../../arm-none-eabi/lib/thumb/v7e-m+fp/hard/libc_nano.a(lib_a-impure.o)
                              /opt/st/stm32cubeide_1.6.1/plugins/com.st.stm32cube.ide.mcu.externaltools.gnu-tools-for-stm32.9-2020-q2-update.linux64_1.5.0.202011040924/tools/bin/../lib/gcc/arm-none-eabi/9.3.1/../../../../arm-none-eabi/lib/thumb/v7e-m+fp/hard/libc_nano.a(lib_a-exit.o) (_global_impure_ptr)
/opt/st/stm32cubeide_1.6.1/plugins/com.st.stm32cube.ide.mcu.externaltools.gnu-tools-for-stm32.9-2020-q2-update.linux64_1.5.0.202011040924/tools/bin/../lib/gcc/arm-none-eabi/9.3.1/../../../../arm-none-eabi/lib/thumb/v7e-m+fp/hard/libc_nano.a(lib_a-init.o)
                              /opt/st/stm32cubeide_1.6.1/plugins/com.st.stm32cube.ide.mcu.externaltools.gnu-tools-for-stm32.9-2020-q2-update.linux64_1.5.0.202011040924/tools/bin/../lib/gcc/arm-none-eabi/9.3.1/../../../../arm-none-eabi/lib/thumb/v7e-m+fp/hard/crt0.o (__libc_init_array)
/opt/st/stm32cubeide_1.6.1/plugins/com.st.stm32cube.ide.mcu.externaltools.gnu-tools-for-stm32.9-2020-q2-update.linux64_1.5.0.202011040924/tools/bin/../lib/gcc/arm-none-eabi/9.3.1/../../../../arm-none-eabi/lib/thumb/v7e-m+fp/hard/libc_nano.a(lib_a-memcpy-stub.o)
                              Application/Src/dsv2.o (memcpy)
/opt/st/stm32cubeide_1.6.1/plugins/com.st.stm32cube.ide.mcu.externaltools.gnu-tools-for-stm32.9-2020-q2-update.linux64_1.5.0.202011040924/tools/bin/../lib/gcc/arm-none-eabi/9.3.1/../../../../arm-none-eabi/lib/thumb/v7e-m+fp/hard/libc_nano.a(lib_a-memset.o)
                              /opt/st/stm32cubeide_1.6.1/plugins/com.st.stm32cube.ide.mcu.externaltools.gnu-tools-for-stm32.9-2020-q2-update.linux64_1.5.0.202011040924/tools/bin/../lib/gcc/arm-none-eabi/9.3.1/../../../../arm-none-eabi/lib/thumb/v7e-m+fp/hard/crt0.o (memset)
/opt/st/stm32cubeide_1.6.1/plugins/com.st.stm32cube.ide.mcu.externaltools.gnu-tools-for-stm32.9-2020-q2-update.linux64_1.5.0.202011040924/tools/bin/../lib/gcc/arm-none-eabi/9.3.1/thumb/v7e-m+fp/hard/libgcc.a(_aeabi_uldivmod.o)
                              Drivers/STM32F4xx_HAL_Driver/Src/stm32f4xx_hal_rcc.o (__aeabi_uldivmod)
/opt/st/stm32cubeide_1.6.1/plugins/com.st.stm32cube.ide.mcu.externaltools.gnu-tools-for-stm32.9-2020-q2-update.linux64_1.5.0.202011040924/tools/bin/../lib/gcc/arm-none-eabi/9.3.1/thumb/v7e-m+fp/hard/libgcc.a(_udivmoddi4.o)
                              /opt/st/stm32cubeide_1.6.1/plugins/com.st.stm32cube.ide.mcu.externaltools.gnu-tools-for-stm32.9-2020-q2-update.linux64_1.5.0.202011040924/tools/bin/../lib/gcc/arm-none-eabi/9.3.1/thumb/v7e-m+fp/hard/libgcc.a(_aeabi_uldivmod.o) (__udivmoddi4)
/opt/st/stm32cubeide_1.6.1/plugins/com.st.stm32cube.ide.mcu.externaltools.gnu-tools-for-stm32.9-2020-q2-update.linux64_1.5.0.202011040924/tools/bin/../lib/gcc/arm-none-eabi/9.3.1/thumb/v7e-m+fp/hard/libgcc.a(_dvmd_tls.o)
                              /opt/st/stm32cubeide_1.6.1/plugins/com.st.stm32cube.ide.mcu.externaltools.gnu-tools-for-stm32.9-2020-q2-update.linux64_1.5.0.202011040924/tools/bin/../lib/gcc/arm-none-eabi/9.3.1/thumb/v7e-m+fp/hard/libgcc.a(_aeabi_uldivmod.o) (__aeabi_ldiv0)

Allocating common symbols
Common symbol       size              file

defaultTaskHandle   0x4               Core/Src/freertos.o
hdma_usart6_rx      0x60              Core/Src/usart.o
htim8               0x48              Core/Src/tim.o
hdma_usart3_rx      0x60              Core/Src/usart.o
huart3              0x44              Core/Src/usart.o
uwTick              0x4               Drivers/STM32F4xx_HAL_Driver/Src/stm32f4xx_hal.o
xQueueRegistry      0x40              Middlewares/Third_Party/FreeRTOS/Source/queue.o
hdma_usart3_tx      0x60              Core/Src/usart.o
pFlash              0x20              Drivers/STM32F4xx_HAL_Driver/Src/stm32f4xx_hal_flash.o
htim5               0x48              Core/Src/tim.o
htim3               0x48              Core/Src/tim.o
[...]
Memory Configuration

Name             Origin             Length             Attributes
RAM              0x0000000020000000 0x0000000000020000 xrw
FLASH            0x0000000008000000 0x0000000000080000 xr
*default*        0x0000000000000000 0xffffffffffffffff

Linker script and memory map

LOAD /opt/st/stm32cubeide_1.6.1/plugins/com.st.stm32cube.ide.mcu.externaltools.gnu-tools-for-stm32.9-2020-q2-update.linux64_1.5.0.202011040924/tools/bin/../lib/gcc/arm-none-eabi/9.3.1/thumb/v7e-m+fp/hard/crti.o
LOAD /opt/st/stm32cubeide_1.6.1/plugins/com.st.stm32cube.ide.mcu.externaltools.gnu-tools-for-stm32.9-2020-q2-update.linux64_1.5.0.202011040924/tools/bin/../lib/gcc/arm-none-eabi/9.3.1/thumb/v7e-m+fp/hard/crtbegin.o
LOAD /opt/st/stm32cubeide_1.6.1/plugins/com.st.stm32cube.ide.mcu.externaltools.gnu-tools-for-stm32.9-2020-q2-update.linux64_1.5.0.202011040924/tools/bin/../lib/gcc/arm-none-eabi/9.3.1/../../../../arm-none-eabi/lib/thumb/v7e-m+fp/hard/crt0.o
LOAD Application/Src/can_comm.o
LOAD Application/Src/cm4.o
LOAD Application/Src/control.o
LOAD Application/Src/debug.o
LOAD Application/Src/dsv2.o
LOAD Application/Src/feedback.o
LOAD Application/Src/led.o
LOAD Application/Src/msv2.o
LOAD Application/Src/serial.o
LOAD Application/Src/servo.o
LOAD Application/Src/storage.o
LOAD Application/Src/threads.o
LOAD Core/Src/can.o
LOAD Core/Src/dma.o
LOAD Core/Src/freertos.o
LOAD Core/Src/gpio.o
LOAD Core/Src/main.o
LOAD Core/Src/quadspi.o
LOAD Core/Src/stm32f4xx_hal_msp.o
LOAD Core/Src/stm32f4xx_hal_timebase_tim.o
LOAD Core/Src/stm32f4xx_it.o
LOAD Core/Src/syscalls.o
LOAD Core/Src/sysmem.o
LOAD Core/Src/system_stm32f4xx.o
LOAD Core/Src/tim.o
LOAD Core/Src/usart.o
LOAD Core/Startup/startup_stm32f446retx.o
LOAD Drivers/STM32F4xx_HAL_Driver/Src/stm32f4xx_hal.o
LOAD Drivers/STM32F4xx_HAL_Driver/Src/stm32f4xx_hal_can.o
LOAD Drivers/STM32F4xx_HAL_Driver/Src/stm32f4xx_hal_cortex.o
LOAD Drivers/STM32F4xx_HAL_Driver/Src/stm32f4xx_hal_dma.o
LOAD Drivers/STM32F4xx_HAL_Driver/Src/stm32f4xx_hal_dma_ex.o
LOAD Drivers/STM32F4xx_HAL_Driver/Src/stm32f4xx_hal_exti.o
LOAD Drivers/STM32F4xx_HAL_Driver/Src/stm32f4xx_hal_flash.o
LOAD Drivers/STM32F4xx_HAL_Driver/Src/stm32f4xx_hal_flash_ex.o
LOAD Drivers/STM32F4xx_HAL_Driver/Src/stm32f4xx_hal_flash_ramfunc.o
LOAD Drivers/STM32F4xx_HAL_Driver/Src/stm32f4xx_hal_gpio.o
LOAD Drivers/STM32F4xx_HAL_Driver/Src/stm32f4xx_hal_pwr.o
LOAD Drivers/STM32F4xx_HAL_Driver/Src/stm32f4xx_hal_pwr_ex.o
LOAD Drivers/STM32F4xx_HAL_Driver/Src/stm32f4xx_hal_qspi.o
LOAD Drivers/STM32F4xx_HAL_Driver/Src/stm32f4xx_hal_rcc.o
LOAD Drivers/STM32F4xx_HAL_Driver/Src/stm32f4xx_hal_rcc_ex.o
LOAD Drivers/STM32F4xx_HAL_Driver/Src/stm32f4xx_hal_tim.o
LOAD Drivers/STM32F4xx_HAL_Driver/Src/stm32f4xx_hal_tim_ex.o
LOAD Drivers/STM32F4xx_HAL_Driver/Src/stm32f4xx_hal_uart.o
LOAD FlashAPI/Src/io_driver.o
LOAD FlashAPI/Src/qspi_driver.o
LOAD Middlewares/Third_Party/FreeRTOS/Source/CMSIS_RTOS/cmsis_os.o
LOAD Middlewares/Third_Party/FreeRTOS/Source/croutine.o
LOAD Middlewares/Third_Party/FreeRTOS/Source/event_groups.o
LOAD Middlewares/Third_Party/FreeRTOS/Source/list.o
LOAD Middlewares/Third_Party/FreeRTOS/Source/queue.o
LOAD Middlewares/Third_Party/FreeRTOS/Source/stream_buffer.o
LOAD Middlewares/Third_Party/FreeRTOS/Source/tasks.o
LOAD Middlewares/Third_Party/FreeRTOS/Source/timers.o
LOAD Middlewares/Third_Party/FreeRTOS/Source/portable/GCC/ARM_CM4F/port.o
START GROUP
LOAD /opt/st/stm32cubeide_1.6.1/plugins/com.st.stm32cube.ide.mcu.externaltools.gnu-tools-for-stm32.9-2020-q2-update.linux64_1.5.0.202011040924/tools/bin/../lib/gcc/arm-none-eabi/9.3.1/../../../../arm-none-eabi/lib/thumb/v7e-m+fp/hard/libc_nano.a
LOAD /opt/st/stm32cubeide_1.6.1/plugins/com.st.stm32cube.ide.mcu.externaltools.gnu-tools-for-stm32.9-2020-q2-update.linux64_1.5.0.202011040924/tools/bin/../lib/gcc/arm-none-eabi/9.3.1/../../../../arm-none-eabi/lib/thumb/v7e-m+fp/hard/libm.a
END GROUP
START GROUP
LOAD /opt/st/stm32cubeide_1.6.1/plugins/com.st.stm32cube.ide.mcu.externaltools.gnu-tools-for-stm32.9-2020-q2-update.linux64_1.5.0.202011040924/tools/bin/../lib/gcc/arm-none-eabi/9.3.1/thumb/v7e-m+fp/hard/libgcc.a
LOAD /opt/st/stm32cubeide_1.6.1/plugins/com.st.stm32cube.ide.mcu.externaltools.gnu-tools-for-stm32.9-2020-q2-update.linux64_1.5.0.202011040924/tools/bin/../lib/gcc/arm-none-eabi/9.3.1/../../../../arm-none-eabi/lib/thumb/v7e-m+fp/hard/libc_nano.a
END GROUP
START GROUP
LOAD /opt/st/stm32cubeide_1.6.1/plugins/com.st.stm32cube.ide.mcu.externaltools.gnu-tools-for-stm32.9-2020-q2-update.linux64_1.5.0.202011040924/tools/bin/../lib/gcc/arm-none-eabi/9.3.1/thumb/v7e-m+fp/hard/libgcc.a
LOAD /opt/st/stm32cubeide_1.6.1/plugins/com.st.stm32cube.ide.mcu.externaltools.gnu-tools-for-stm32.9-2020-q2-update.linux64_1.5.0.202011040924/tools/bin/../lib/gcc/arm-none-eabi/9.3.1/../../../../arm-none-eabi/lib/thumb/v7e-m+fp/hard/libc_nano.a
LOAD /opt/st/stm32cubeide_1.6.1/plugins/com.st.stm32cube.ide.mcu.externaltools.gnu-tools-for-stm32.9-2020-q2-update.linux64_1.5.0.202011040924/tools/bin/../lib/gcc/arm-none-eabi/9.3.1/../../../../arm-none-eabi/lib/thumb/v7e-m+fp/hard/libnosys.a
END GROUP
START GROUP
LOAD /opt/st/stm32cubeide_1.6.1/plugins/com.st.stm32cube.ide.mcu.externaltools.gnu-tools-for-stm32.9-2020-q2-update.linux64_1.5.0.202011040924/tools/bin/../lib/gcc/arm-none-eabi/9.3.1/thumb/v7e-m+fp/hard/libgcc.a
LOAD /opt/st/stm32cubeide_1.6.1/plugins/com.st.stm32cube.ide.mcu.externaltools.gnu-tools-for-stm32.9-2020-q2-update.linux64_1.5.0.202011040924/tools/bin/../lib/gcc/arm-none-eabi/9.3.1/../../../../arm-none-eabi/lib/thumb/v7e-m+fp/hard/libc_nano.a
LOAD /opt/st/stm32cubeide_1.6.1/plugins/com.st.stm32cube.ide.mcu.externaltools.gnu-tools-for-stm32.9-2020-q2-update.linux64_1.5.0.202011040924/tools/bin/../lib/gcc/arm-none-eabi/9.3.1/../../../../arm-none-eabi/lib/thumb/v7e-m+fp/hard/libnosys.a
END GROUP
LOAD /opt/st/stm32cubeide_1.6.1/plugins/com.st.stm32cube.ide.mcu.externaltools.gnu-tools-for-stm32.9-2020-q2-update.linux64_1.5.0.202011040924/tools/bin/../lib/gcc/arm-none-eabi/9.3.1/thumb/v7e-m+fp/hard/crtend.o
LOAD /opt/st/stm32cubeide_1.6.1/plugins/com.st.stm32cube.ide.mcu.externaltools.gnu-tools-for-stm32.9-2020-q2-update.linux64_1.5.0.202011040924/tools/bin/../lib/gcc/arm-none-eabi/9.3.1/thumb/v7e-m+fp/hard/crtn.o
                0x0000000020020000                _estack = (ORIGIN (RAM) + LENGTH (RAM))
                0x0000000000000200                _Min_Heap_Size = 0x200
                0x0000000000000400                _Min_Stack_Size = 0x400

.isr_vector     0x0000000008000000      0x1c4
                0x0000000008000000                . = ALIGN (0x4)
 *(.isr_vector)
 .isr_vector    0x0000000008000000      0x1c4 Core/Startup/startup_stm32f446retx.o
                0x0000000008000000                g_pfnVectors
                0x00000000080001c4                . = ALIGN (0x4)

.text           0x00000000080001d0     0xb504
                0x00000000080001d0                . = ALIGN (0x4)
 *(.text)
 .text          0x00000000080001d0       0x40 /opt/st/stm32cubeide_1.6.1/plugins/com.st.stm32cube.ide.mcu.externaltools.gnu-tools-for-stm32.9-2020-q2-update.linux64_1.5.0.202011040924/tools/bin/../lib/gcc/arm-none-eabi/9.3.1/thumb/v7e-m+fp/hard/crtbegin.o
 .text          0x0000000008000210       0x30 /opt/st/stm32cubeide_1.6.1/plugins/com.st.stm32cube.ide.mcu.externaltools.gnu-tools-for-stm32.9-2020-q2-update.linux64_1.5.0.202011040924/tools/bin/../lib/gcc/arm-none-eabi/9.3.1/thumb/v7e-m+fp/hard/libgcc.a(_aeabi_uldivmod.o)
                0x0000000008000210                __aeabi_uldivmod
 .text          0x0000000008000240      0x2c4 /opt/st/stm32cubeide_1.6.1/plugins/com.st.stm32cube.ide.mcu.externaltools.gnu-tools-for-stm32.9-2020-q2-update.linux64_1.5.0.202011040924/tools/bin/../lib/gcc/arm-none-eabi/9.3.1/thumb/v7e-m+fp/hard/libgcc.a(_udivmoddi4.o)
                0x0000000008000240                __udivmoddi4
 .text          0x0000000008000504        0x4 /opt/st/stm32cubeide_1.6.1/plugins/com.st.stm32cube.ide.mcu.externaltools.gnu-tools-for-stm32.9-2020-q2-update.linux64_1.5.0.202011040924/tools/bin/../lib/gcc/arm-none-eabi/9.3.1/thumb/v7e-m+fp/hard/libgcc.a(_dvmd_tls.o)
                0x0000000008000504                __aeabi_ldiv0
                0x0000000008000504                __aeabi_idiv0
 *(.text*)
 .text.pointer_inc
                0x0000000008000508       0x28 Application/Src/can_comm.o
                0x0000000008000508                pointer_inc
 .text.can_addMsg
                0x0000000008000530       0x68 Application/Src/can_comm.o
                0x0000000008000530                can_addMsg
 .text.CAN_Config
                0x0000000008000598       0x80 Application/Src/can_comm.o
                0x0000000008000598                CAN_Config
 .text.HAL_CAN_RxFifo0MsgPendingCallback
                0x0000000008000618       0x20 Application/Src/can_comm.o
                0x0000000008000618                HAL_CAN_RxFifo0MsgPendingCallback
 .text.can_msgPending
                0x0000000008000638       0x34 Application/Src/can_comm.o
                0x0000000008000638                can_msgPending
 .text.can_readBuffer
                0x000000000800066c       0x68 Application/Src/can_comm.o
                0x000000000800066c                can_readBuffer
 .text.can_readFrame
                0x00000000080006d4       0xc4 Application/Src/can_comm.o
                0x00000000080006d4                can_readFrame
 .text.can_init
                0x0000000008000798        0xe Application/Src/can_comm.o
                0x0000000008000798                can_init
 *fill*         0x00000000080007a6        0x2 
 .text.can_send_thread
                0x00000000080007a8       0x28 Application/Src/can_comm.o
                0x00000000080007a8                can_send_thread
 .text.util_encode_u32
                0x00000000080007d0       0x42 Application/Src/cm4.o
 .text.util_encode_i32
                0x0000000008000812       0x42 Application/Src/cm4.o
 .text.util_decode_u16
                0x0000000008000854       0x2a Application/Src/cm4.o
 .text.util_decode_u32
                0x000000000800087e       0x38 Application/Src/cm4.o
 .text.util_decode_i32
                0x00000000080008b6       0x38 Application/Src/cm4.o
 *fill*         0x00000000080008ee        0x2 
 .text.cm4_global_init
                0x00000000080008f0       0x20 Application/Src/cm4.o
                0x00000000080008f0                cm4_global_init
 .text.cm4_init
                0x0000000008000910       0x74 Application/Src/cm4.o
                0x0000000008000910                cm4_init
 .text.cm4_decode_fcn
                0x0000000008000984       0x5e Application/Src/cm4.o
                0x0000000008000984                cm4_decode_fcn
 *fill*         0x00000000080009e2        0x2 
 .text.cm4_generate_response
                0x00000000080009e4       0xec Application/Src/cm4.o
                0x00000000080009e4                cm4_generate_response
 .text.cm4_response_ping
                0x0000000008000ad0       0x30 Application/Src/cm4.o
 .text.cm4_response_command
                0x0000000008000b00      0x126 Application/Src/cm4.o
 *fill*         0x0000000008000c26        0x2 
 .text.cm4_send
                0x0000000008000c28      0x15c Application/Src/cm4.o
                0x0000000008000c28                cm4_send
 .text.cm4_ping
                0x0000000008000d84       0x3c Application/Src/cm4.o
                0x0000000008000d84                cm4_ping
 .text.cm4_transaction
                0x0000000008000dc0      0x214 Application/Src/cm4.o
                0x0000000008000dc0                cm4_transaction
 .text.cm4_boot
                0x0000000008000fd4       0x16 Application/Src/cm4.o
                0x0000000008000fd4                cm4_boot
 .text.cm4_is_ready
                0x0000000008000fea       0x40 Application/Src/cm4.o
                0x0000000008000fea                cm4_is_ready
 .text.cm4_shutdown
                0x000000000800102a       0x2c Application/Src/cm4.o
                0x000000000800102a                cm4_shutdown
 .text.cm4_is_shutdown
                0x0000000008001056       0x3c Application/Src/cm4.o
                0x0000000008001056                cm4_is_shutdown
 .text.cm4_force_shutdown
                0x0000000008001092       0x16 Application/Src/cm4.o
                0x0000000008001092                cm4_force_shutdown
 .text.is_booted
                0x00000000080010a8       0x24 Application/Src/cm4.o
 .text.allow_boot
                0x00000000080010cc       0x1c Application/Src/cm4.o
 .text.hold_boot
                0x00000000080010e8       0x1c Application/Src/cm4.o
 .text.control_thread
                0x0000000008001104       0x74 Application/Src/control.o
                0x0000000008001104                control_thread
 .text.control_update
                0x0000000008001178      0x136 Application/Src/control.o
 .text.init_control
                0x00000000080012ae       0x22 Application/Src/control.o
 .text.init_idle
                0x00000000080012d0       0x2e Application/Src/control.o
 .text.idle     0x00000000080012fe       0x2c Application/Src/control.o
 .text.init_boot
                0x000000000800132a       0x2a Application/Src/control.o
 .text.boot     0x0000000008001354       0x30 Application/Src/control.o
 .text.init_compute
                0x0000000008001384       0x20 Application/Src/control.o
 .text.compute  0x00000000080013a4       0x40 Application/Src/control.o
 .text.init_shutdown
                0x00000000080013e4       0x2a Application/Src/control.o
 .text.shutdown
                0x000000000800140e       0x30 Application/Src/control.o
 .text.init_abort
                0x000000000800143e       0x3c Application/Src/control.o
 .text._abort   0x000000000800147a       0x2c Application/Src/control.o
 .text.init_error
                0x00000000080014a6       0x2a Application/Src/control.o
 .text.error    0x00000000080014d0       0x2c Application/Src/control.o
 .text.control_move_tvc
                0x00000000080014fc       0x24 Application/Src/control.o
                0x00000000080014fc                control_move_tvc
 .text.control_boot
                0x0000000008001520       0x14 Application/Src/control.o
                0x0000000008001520                control_boot
 .text.control_shutdown
                0x0000000008001534       0x14 Application/Src/control.o
                0x0000000008001534                control_shutdown
 .text.control_abort
                0x0000000008001548       0x14 Application/Src/control.o
                0x0000000008001548                control_abort
 .text.control_recover
                0x000000000800155c       0x14 Application/Src/control.o
                0x000000000800155c                control_recover
 .text.control_get_status
                0x0000000008001570       0x7c Application/Src/control.o
                0x0000000008001570                control_get_status
 .text.control_set_sens
                0x00000000080015ec       0x38 Application/Src/control.o
                0x00000000080015ec                control_set_sens
 .text.control_get_sens
                0x0000000008001624       0x30 Application/Src/control.o
                0x0000000008001624                control_get_sens
 .text.control_set_cmd
                0x0000000008001654       0x38 Application/Src/control.o
                0x0000000008001654                control_set_cmd
 .text.control_get_cmd
                0x000000000800168c       0x30 Application/Src/control.o
                0x000000000800168c                control_get_cmd
 .text.control_sched_should_run
                0x00000000080016bc       0x2a Application/Src/control.o
 .text.control_sched_done
                0x00000000080016e6       0x30 Application/Src/control.o
 *fill*         0x0000000008001716        0x2 
 .text.control_sched_set
                0x0000000008001718       0x6c Application/Src/control.o
 .text.util_encode_u8
                0x0000000008001784       0x36 Application/Src/debug.o
 .text.util_encode_u16
                0x00000000080017ba       0x3e Application/Src/debug.o
 .text.util_encode_u32
                0x00000000080017f8       0x42 Application/Src/debug.o
 .text.util_encode_i8
                0x000000000800183a       0x36 Application/Src/debug.o
 .text.util_encode_i32
                0x0000000008001870       0x42 Application/Src/debug.o
 .text.util_decode_u32
                0x00000000080018b2       0x38 Application/Src/debug.o
 .text.util_decode_i32
                0x00000000080018ea       0x38 Application/Src/debug.o
 *fill*         0x0000000008001922        0x2 
 .text.debug_decode_fcn
                0x0000000008001924      0x104 Application/Src/debug.o
                0x0000000008001924                debug_decode_fcn
 .text.debug_init
                0x0000000008001a28       0x48 Application/Src/debug.o
                0x0000000008001a28                debug_init
 .text.debug_get_status
                0x0000000008001a70       0x9a Application/Src/debug.o
 .text.debug_boot
                0x0000000008001b0a       0x30 Application/Src/debug.o
 .text.debug_shutdown
                0x0000000008001b3a       0x30 Application/Src/debug.o
 .text.debug_download
                0x0000000008001b6a       0x56 Application/Src/debug.o
 .text.debug_tvc_move
                0x0000000008001bc0       0x56 Application/Src/debug.o
 .text.debug_abort
                0x0000000008001c16       0x30 Application/Src/debug.o
 .text.debug_recover
                0x0000000008001c46       0x30 Application/Src/debug.o
 .text.debug_transaction
                0x0000000008001c76      0x182 Application/Src/debug.o
 .text.debug_sensor_write
                0x0000000008001df8       0xd0 Application/Src/debug.o
 .text.debug_command_read
                0x0000000008001ec8       0xce Application/Src/debug.o
 .text.debug_sensor_read
                0x0000000008001f96       0x94 Application/Src/debug.o
 *fill*         0x000000000800202a        0x2 
 .text.led_init
                0x000000000800202c       0x48 Application/Src/led.o
                0x000000000800202c                led_init
 .text.led_set_color
                0x0000000008002074       0x3c Application/Src/led.o
                0x0000000008002074                led_set_color
 .text.calc_field_CRC
                0x00000000080020b0       0x7c Application/Src/msv2.o
 .text.msv2_init
                0x000000000800212c       0x28 Application/Src/msv2.o
                0x000000000800212c                msv2_init
 .text.msv2_create_frame
                0x0000000008002154      0x1cc Application/Src/msv2.o
                0x0000000008002154                msv2_create_frame
 .text.msv2_decode_fragment
                0x0000000008002320      0x1e8 Application/Src/msv2.o
                0x0000000008002320                msv2_decode_fragment
 .text.msv2_tx_data
                0x0000000008002508       0x1a Application/Src/msv2.o
                0x0000000008002508                msv2_tx_data
 .text.util_buffer_u8_init
                0x0000000008002522       0x32 Application/Src/serial.o
 .text.util_buffer_u8_add
                0x0000000008002554       0x40 Application/Src/serial.o
 .text.util_buffer_u8_get
                0x0000000008002594       0x3e Application/Src/serial.o
 .text.util_buffer_u8_isempty
                0x00000000080025d2       0x26 Application/Src/serial.o
 .text.HAL_UART_RxCpltCallback
                0x00000000080025f8       0x98 Application/Src/serial.o
                0x00000000080025f8                HAL_UART_RxCpltCallback
 .text.HAL_UART_ErrorCallback
                0x0000000008002690       0x18 Application/Src/serial.o
                0x0000000008002690                HAL_UART_ErrorCallback
 .text.serial_global_init
                0x00000000080026a8       0x2c Application/Src/serial.o
                0x00000000080026a8                serial_global_init
 .text.serial_init
                0x00000000080026d4       0x80 Application/Src/serial.o
                0x00000000080026d4                serial_init
 .text.serial_send
                0x0000000008002754       0x24 Application/Src/serial.o
                0x0000000008002754                serial_send
 .text.serial_garbage_clean
                0x0000000008002778       0x22 Application/Src/serial.o
                0x0000000008002778                serial_garbage_clean
 *fill*         0x000000000800279a        0x2 
 .text.serial_thread
                0x000000000800279c       0x88 Application/Src/serial.o
                0x000000000800279c                serial_thread
 .text.storage_init
                0x0000000008002824      0x108 Application/Src/storage.o
                0x0000000008002824                storage_init
 .text.write_header_used
                0x000000000800292c       0x48 Application/Src/storage.o
 .text.read_data
                0x0000000008002974       0x3c Application/Src/storage.o
 .text.storage_get_used
                0x00000000080029b0       0x18 Application/Src/storage.o
                0x00000000080029b0                storage_get_used
 .text.storage_get_sample
                0x00000000080029c8       0x2e Application/Src/storage.o
                0x00000000080029c8                storage_get_sample
 *fill*         0x00000000080029f6        0x2 
 .text.storage_disable
                0x00000000080029f8       0x1c Application/Src/storage.o
                0x00000000080029f8                storage_disable
 .text.storage_thread
                0x0000000008002a14       0x98 Application/Src/storage.o
                0x0000000008002a14                storage_thread
 .text.threads_init
                0x0000000008002aac       0xf0 Application/Src/threads.o
                0x0000000008002aac                threads_init
 .text.MX_CAN1_Init
                0x0000000008002b9c       0x6c Core/Src/can.o
                0x0000000008002b9c                MX_CAN1_Init
 .text.HAL_CAN_MspInit
                0x0000000008002c08       0xe4 Core/Src/can.o
                0x0000000008002c08                HAL_CAN_MspInit
 .text.MX_DMA_Init
                0x0000000008002cec       0xac Core/Src/dma.o
                0x0000000008002cec                MX_DMA_Init
 .text.configureTimerForRunTimeStats
                0x0000000008002d98       0x18 Core/Src/freertos.o
                0x0000000008002d98                configureTimerForRunTimeStats
 .text.getRunTimeCounterValue
                0x0000000008002db0       0x18 Core/Src/freertos.o
                0x0000000008002db0                getRunTimeCounterValue
 .text.vApplicationGetIdleTaskMemory
                0x0000000008002dc8       0x34 Core/Src/freertos.o
                0x0000000008002dc8                vApplicationGetIdleTaskMemory
 .text.MX_FREERTOS_Init
                0x0000000008002dfc       0x38 Core/Src/freertos.o
                0x0000000008002dfc                MX_FREERTOS_Init
 .text.StartDefaultTask
                0x0000000008002e34       0x10 Core/Src/freertos.o
                0x0000000008002e34                StartDefaultTask
 .text.MX_GPIO_Init
                0x0000000008002e44       0xc4 Core/Src/gpio.o
                0x0000000008002e44                MX_GPIO_Init
 .text.main     0x0000000008002f08       0x4e Core/Src/main.o
                0x0000000008002f08                main
 *fill*         0x0000000008002f56        0x2 
 .text.SystemClock_Config
                0x0000000008002f58       0xd8 Core/Src/main.o
                0x0000000008002f58                SystemClock_Config
 .text.HAL_TIM_PeriodElapsedCallback
                0x0000000008003030       0x24 Core/Src/main.o
                0x0000000008003030                HAL_TIM_PeriodElapsedCallback
 .text.Error_Handler
                0x0000000008003054        0xe Core/Src/main.o
                0x0000000008003054                Error_Handler
 *fill*         0x0000000008003062        0x2 
 .text.MX_QUADSPI_Init
                0x0000000008003064       0x58 Core/Src/quadspi.o
                0x0000000008003064                MX_QUADSPI_Init
 .text.HAL_QSPI_MspInit
                0x00000000080030bc      0x100 Core/Src/quadspi.o
                0x00000000080030bc                HAL_QSPI_MspInit
 .text.HAL_MspInit
                0x00000000080031bc       0x58 Core/Src/stm32f4xx_hal_msp.o
                0x00000000080031bc                HAL_MspInit
 .text.HAL_InitTick
                0x0000000008003214       0xb0 Core/Src/stm32f4xx_hal_timebase_tim.o
                0x0000000008003214                HAL_InitTick
 .text.NMI_Handler
                0x00000000080032c4        0xe Core/Src/stm32f4xx_it.o
                0x00000000080032c4                NMI_Handler
 .text.HardFault_Handler
                0x00000000080032d2       0x10 Core/Src/stm32f4xx_it.o
                0x00000000080032d2                HardFault_Handler
 .text.MemManage_Handler
                0x00000000080032e2        0x6 Core/Src/stm32f4xx_it.o
                0x00000000080032e2                MemManage_Handler
 .text.BusFault_Handler
                0x00000000080032e8        0x6 Core/Src/stm32f4xx_it.o
                0x00000000080032e8                BusFault_Handler
 .text.UsageFault_Handler
                0x00000000080032ee        0x6 Core/Src/stm32f4xx_it.o
                0x00000000080032ee                UsageFault_Handler
 .text.DebugMon_Handler
                0x00000000080032f4        0xe Core/Src/stm32f4xx_it.o
                0x00000000080032f4                DebugMon_Handler
 *fill*         0x0000000008003302        0x2 
 .text.DMA1_Stream1_IRQHandler
                0x0000000008003304       0x14 Core/Src/stm32f4xx_it.o
                0x0000000008003304                DMA1_Stream1_IRQHandler
 .text.DMA1_Stream3_IRQHandler
                0x0000000008003318       0x14 Core/Src/stm32f4xx_it.o
                0x0000000008003318                DMA1_Stream3_IRQHandler
 .text.CAN1_RX0_IRQHandler
                0x000000000800332c       0x14 Core/Src/stm32f4xx_it.o
                0x000000000800332c                CAN1_RX0_IRQHandler
 .text.TIM1_UP_TIM10_IRQHandler
                0x0000000008003340       0x14 Core/Src/stm32f4xx_it.o
                0x0000000008003340                TIM1_UP_TIM10_IRQHandler
 .text.USART1_IRQHandler
                0x0000000008003354       0x14 Core/Src/stm32f4xx_it.o
                0x0000000008003354                USART1_IRQHandler
 .text.USART3_IRQHandler
                0x0000000008003368       0x14 Core/Src/stm32f4xx_it.o
                0x0000000008003368                USART3_IRQHandler
 .text.DMA2_Stream2_IRQHandler
                0x000000000800337c       0x14 Core/Src/stm32f4xx_it.o
                0x000000000800337c                DMA2_Stream2_IRQHandler
 .text.DMA2_Stream5_IRQHandler
                0x0000000008003390       0x14 Core/Src/stm32f4xx_it.o
                0x0000000008003390                DMA2_Stream5_IRQHandler
 .text.DMA2_Stream6_IRQHandler
                0x00000000080033a4       0x14 Core/Src/stm32f4xx_it.o
                0x00000000080033a4                DMA2_Stream6_IRQHandler
 .text.DMA2_Stream7_IRQHandler
                0x00000000080033b8       0x14 Core/Src/stm32f4xx_it.o
                0x00000000080033b8                DMA2_Stream7_IRQHandler
 .text.USART6_IRQHandler
                0x00000000080033cc       0x14 Core/Src/stm32f4xx_it.o
                0x00000000080033cc                USART6_IRQHandler
 .text.QUADSPI_IRQHandler
                0x00000000080033e0       0x14 Core/Src/stm32f4xx_it.o
                0x00000000080033e0                QUADSPI_IRQHandler
 .text.SystemInit
                0x00000000080033f4       0x2c Core/Src/system_stm32f4xx.o
                0x00000000080033f4                SystemInit
 .text.MX_TIM2_Init
                0x0000000008003420       0x98 Core/Src/tim.o
                0x0000000008003420                MX_TIM2_Init
 .text.MX_TIM3_Init
                0x00000000080034b8       0x9c Core/Src/tim.o
                0x00000000080034b8                MX_TIM3_Init
 .text.MX_TIM5_Init
                0x0000000008003554       0x9c Core/Src/tim.o
                0x0000000008003554                MX_TIM5_Init
 .text.MX_TIM8_Init
                0x00000000080035f0      0x174 Core/Src/tim.o
                0x00000000080035f0                MX_TIM8_Init
 .text.HAL_TIM_Base_MspInit
                0x0000000008003764      0x110 Core/Src/tim.o
                0x0000000008003764                HAL_TIM_Base_MspInit
 .text.HAL_TIM_MspPostInit
                0x0000000008003874       0xb4 Core/Src/tim.o
                0x0000000008003874                HAL_TIM_MspPostInit
 .text.MX_USART1_UART_Init
                0x0000000008003928       0x54 Core/Src/usart.o
                0x0000000008003928                MX_USART1_UART_Init
 .text.MX_USART3_UART_Init
                0x000000000800397c       0x54 Core/Src/usart.o
                0x000000000800397c                MX_USART3_UART_Init
 .text.MX_USART6_UART_Init
                0x00000000080039d0       0x54 Core/Src/usart.o
                0x00000000080039d0                MX_USART6_UART_Init
 .text.HAL_UART_MspInit
                0x0000000008003a24      0x44c Core/Src/usart.o
                0x0000000008003a24                HAL_UART_MspInit
 .text.Reset_Handler
                0x0000000008003e70       0x50 Core/Startup/startup_stm32f446retx.o
                0x0000000008003e70                Reset_Handler
 .text.Default_Handler
                0x0000000008003ec0        0x2 Core/Startup/startup_stm32f446retx.o
                0x0000000008003ec0                RTC_Alarm_IRQHandler
                0x0000000008003ec0                EXTI2_IRQHandler
                0x0000000008003ec0                TIM8_CC_IRQHandler
                0x0000000008003ec0                FMPI2C1_EV_IRQHandler
                0x0000000008003ec0                SPI4_IRQHandler
                0x0000000008003ec0                TIM1_CC_IRQHandler
                0x0000000008003ec0                DMA1_Stream5_IRQHandler
                0x0000000008003ec0                PVD_IRQHandler
                0x0000000008003ec0                SDIO_IRQHandler
                0x0000000008003ec0                TAMP_STAMP_IRQHandler
                0x0000000008003ec0                CAN2_RX1_IRQHandler
                0x0000000008003ec0                EXTI3_IRQHandler
                0x0000000008003ec0                TIM8_TRG_COM_TIM14_IRQHandler
                0x0000000008003ec0                TIM8_UP_TIM13_IRQHandler
                0x0000000008003ec0                I2C3_ER_IRQHandler
                0x0000000008003ec0                EXTI0_IRQHandler
                0x0000000008003ec0                I2C2_EV_IRQHandler
                0x0000000008003ec0                DMA1_Stream2_IRQHandler
                0x0000000008003ec0                FPU_IRQHandler
                0x0000000008003ec0                OTG_HS_WKUP_IRQHandler
                0x0000000008003ec0                CAN2_SCE_IRQHandler
                0x0000000008003ec0                SPI1_IRQHandler
                0x0000000008003ec0                TIM6_DAC_IRQHandler
                0x0000000008003ec0                TIM1_BRK_TIM9_IRQHandler
                0x0000000008003ec0                DCMI_IRQHandler
                0x0000000008003ec0                CAN2_RX0_IRQHandler
                0x0000000008003ec0                DMA2_Stream3_IRQHandler
                0x0000000008003ec0                SAI2_IRQHandler
                0x0000000008003ec0                CAN1_RX1_IRQHandler
                0x0000000008003ec0                UART5_IRQHandler
                0x0000000008003ec0                DMA2_Stream0_IRQHandler
                0x0000000008003ec0                TIM4_IRQHandler
                0x0000000008003ec0                I2C1_EV_IRQHandler
                0x0000000008003ec0                DMA1_Stream6_IRQHandler
                0x0000000008003ec0                UART4_IRQHandler
                0x0000000008003ec0                TIM3_IRQHandler
                0x0000000008003ec0                RCC_IRQHandler
                0x0000000008003ec0                TIM8_BRK_TIM12_IRQHandler
                0x0000000008003ec0                Default_Handler
                0x0000000008003ec0                CEC_IRQHandler
                0x0000000008003ec0                EXTI15_10_IRQHandler
                0x0000000008003ec0                ADC_IRQHandler
                0x0000000008003ec0                DMA1_Stream7_IRQHandler
                0x0000000008003ec0                TIM7_IRQHandler
                0x0000000008003ec0                CAN2_TX_IRQHandler
                0x0000000008003ec0                TIM5_IRQHandler
                0x0000000008003ec0                I2C3_EV_IRQHandler
                0x0000000008003ec0                EXTI9_5_IRQHandler
                0x0000000008003ec0                RTC_WKUP_IRQHandler
                0x0000000008003ec0                SPDIF_RX_IRQHandler
                0x0000000008003ec0                SPI2_IRQHandler
                0x0000000008003ec0                OTG_HS_EP1_IN_IRQHandler
                0x0000000008003ec0                DMA1_Stream0_IRQHandler
                0x0000000008003ec0                CAN1_TX_IRQHandler
                0x0000000008003ec0                FMPI2C1_ER_IRQHandler
                0x0000000008003ec0                EXTI4_IRQHandler
                0x0000000008003ec0                OTG_HS_EP1_OUT_IRQHandler
                0x0000000008003ec0                WWDG_IRQHandler
                0x0000000008003ec0                TIM2_IRQHandler
                0x0000000008003ec0                OTG_FS_WKUP_IRQHandler
                0x0000000008003ec0                TIM1_TRG_COM_TIM11_IRQHandler
                0x0000000008003ec0                OTG_HS_IRQHandler
                0x0000000008003ec0                EXTI1_IRQHandler
                0x0000000008003ec0                USART2_IRQHandler
                0x0000000008003ec0                I2C2_ER_IRQHandler
                0x0000000008003ec0                DMA2_Stream1_IRQHandler
                0x0000000008003ec0                CAN1_SCE_IRQHandler
                0x0000000008003ec0                FLASH_IRQHandler
                0x0000000008003ec0                DMA2_Stream4_IRQHandler
                0x0000000008003ec0                OTG_FS_IRQHandler
                0x0000000008003ec0                SPI3_IRQHandler
                0x0000000008003ec0                DMA1_Stream4_IRQHandler
                0x0000000008003ec0                I2C1_ER_IRQHandler
                0x0000000008003ec0                FMC_IRQHandler
                0x0000000008003ec0                SAI1_IRQHandler
 *fill*         0x0000000008003ec2        0x2 
 .text.HAL_Init
                0x0000000008003ec4       0x44 Drivers/STM32F4xx_HAL_Driver/Src/stm32f4xx_hal.o
                0x0000000008003ec4                HAL_Init
 .text.HAL_IncTick
                0x0000000008003f08       0x28 Drivers/STM32F4xx_HAL_Driver/Src/stm32f4xx_hal.o
                0x0000000008003f08                HAL_IncTick
 .text.HAL_GetTick
                0x0000000008003f30       0x18 Drivers/STM32F4xx_HAL_Driver/Src/stm32f4xx_hal.o
                0x0000000008003f30                HAL_GetTick
 .text.HAL_CAN_Init
                0x0000000008003f48      0x1f6 Drivers/STM32F4xx_HAL_Driver/Src/stm32f4xx_hal_can.o
                0x0000000008003f48                HAL_CAN_Init
 *fill*         0x000000000800413e        0x2 
 .text.HAL_CAN_ConfigFilter
                0x0000000008004140      0x1c0 Drivers/STM32F4xx_HAL_Driver/Src/stm32f4xx_hal_can.o
                0x0000000008004140                HAL_CAN_ConfigFilter
 .text.HAL_CAN_Start
                0x0000000008004300       0x88 Drivers/STM32F4xx_HAL_Driver/Src/stm32f4xx_hal_can.o
                0x0000000008004300                HAL_CAN_Start
 .text.HAL_CAN_GetRxMessage
                0x0000000008004388      0x224 Drivers/STM32F4xx_HAL_Driver/Src/stm32f4xx_hal_can.o
                0x0000000008004388                HAL_CAN_GetRxMessage
 .text.HAL_CAN_GetRxFifoFillLevel
                0x00000000080045ac       0x50 Drivers/STM32F4xx_HAL_Driver/Src/stm32f4xx_hal_can.o
                0x00000000080045ac                HAL_CAN_GetRxFifoFillLevel
 .text.HAL_CAN_ActivateNotification
                0x00000000080045fc       0x4c Drivers/STM32F4xx_HAL_Driver/Src/stm32f4xx_hal_can.o
                0x00000000080045fc                HAL_CAN_ActivateNotification
 .text.HAL_CAN_IRQHandler
                0x0000000008004648      0x36e Drivers/STM32F4xx_HAL_Driver/Src/stm32f4xx_hal_can.o
                0x0000000008004648                HAL_CAN_IRQHandler
 .text.HAL_CAN_TxMailbox0CompleteCallback
                0x00000000080049b6       0x14 Drivers/STM32F4xx_HAL_Driver/Src/stm32f4xx_hal_can.o
                0x00000000080049b6                HAL_CAN_TxMailbox0CompleteCallback
 .text.HAL_CAN_TxMailbox1CompleteCallback
                0x00000000080049ca       0x14 Drivers/STM32F4xx_HAL_Driver/Src/stm32f4xx_hal_can.o
                0x00000000080049ca                HAL_CAN_TxMailbox1CompleteCallback
 .text.HAL_CAN_TxMailbox2CompleteCallback
                0x00000000080049de       0x14 Drivers/STM32F4xx_HAL_Driver/Src/stm32f4xx_hal_can.o
                0x00000000080049de                HAL_CAN_TxMailbox2CompleteCallback
 .text.HAL_CAN_TxMailbox0AbortCallback
                0x00000000080049f2       0x14 Drivers/STM32F4xx_HAL_Driver/Src/stm32f4xx_hal_can.o
                0x00000000080049f2                HAL_CAN_TxMailbox0AbortCallback
 .text.HAL_CAN_TxMailbox1AbortCallback
                0x0000000008004a06       0x14 Drivers/STM32F4xx_HAL_Driver/Src/stm32f4xx_hal_can.o
                0x0000000008004a06                HAL_CAN_TxMailbox1AbortCallback
 .text.HAL_CAN_TxMailbox2AbortCallback
                0x0000000008004a1a       0x14 Drivers/STM32F4xx_HAL_Driver/Src/stm32f4xx_hal_can.o
                0x0000000008004a1a                HAL_CAN_TxMailbox2AbortCallback
 .text.HAL_CAN_RxFifo0FullCallback
                0x0000000008004a2e       0x14 Drivers/STM32F4xx_HAL_Driver/Src/stm32f4xx_hal_can.o
                0x0000000008004a2e                HAL_CAN_RxFifo0FullCallback
 .text.HAL_CAN_RxFifo1MsgPendingCallback
                0x0000000008004a42       0x14 Drivers/STM32F4xx_HAL_Driver/Src/stm32f4xx_hal_can.o
                0x0000000008004a42                HAL_CAN_RxFifo1MsgPendingCallback
 .text.HAL_CAN_RxFifo1FullCallback
                0x0000000008004a56       0x14 Drivers/STM32F4xx_HAL_Driver/Src/stm32f4xx_hal_can.o
                0x0000000008004a56                HAL_CAN_RxFifo1FullCallback
 .text.HAL_CAN_SleepCallback
                0x0000000008004a6a       0x14 Drivers/STM32F4xx_HAL_Driver/Src/stm32f4xx_hal_can.o
                0x0000000008004a6a                HAL_CAN_SleepCallback
 .text.HAL_CAN_WakeUpFromRxMsgCallback
                0x0000000008004a7e       0x14 Drivers/STM32F4xx_HAL_Driver/Src/stm32f4xx_hal_can.o
                0x0000000008004a7e                HAL_CAN_WakeUpFromRxMsgCallback
 .text.HAL_CAN_ErrorCallback
                0x0000000008004a92       0x14 Drivers/STM32F4xx_HAL_Driver/Src/stm32f4xx_hal_can.o
                0x0000000008004a92                HAL_CAN_ErrorCallback
 *fill*         0x0000000008004aa6        0x2 
 .text.__NVIC_SetPriorityGrouping
                0x0000000008004aa8       0x48 Drivers/STM32F4xx_HAL_Driver/Src/stm32f4xx_hal_cortex.o
 .text.__NVIC_GetPriorityGrouping
                0x0000000008004af0       0x1c Drivers/STM32F4xx_HAL_Driver/Src/stm32f4xx_hal_cortex.o
 .text.__NVIC_EnableIRQ
                0x0000000008004b0c       0x3c Drivers/STM32F4xx_HAL_Driver/Src/stm32f4xx_hal_cortex.o
 .text.__NVIC_SetPriority
                0x0000000008004b48       0x54 Drivers/STM32F4xx_HAL_Driver/Src/stm32f4xx_hal_cortex.o
 .text.NVIC_EncodePriority
                0x0000000008004b9c       0x66 Drivers/STM32F4xx_HAL_Driver/Src/stm32f4xx_hal_cortex.o
 .text.HAL_NVIC_SetPriorityGrouping
                0x0000000008004c02       0x16 Drivers/STM32F4xx_HAL_Driver/Src/stm32f4xx_hal_cortex.o
                0x0000000008004c02                HAL_NVIC_SetPriorityGrouping
 .text.HAL_NVIC_SetPriority
                0x0000000008004c18       0x38 Drivers/STM32F4xx_HAL_Driver/Src/stm32f4xx_hal_cortex.o
                0x0000000008004c18                HAL_NVIC_SetPriority
 .text.HAL_NVIC_EnableIRQ
                0x0000000008004c50       0x1c Drivers/STM32F4xx_HAL_Driver/Src/stm32f4xx_hal_cortex.o
                0x0000000008004c50                HAL_NVIC_EnableIRQ
 .text.HAL_DMA_Init
                0x0000000008004c6c      0x15c Drivers/STM32F4xx_HAL_Driver/Src/stm32f4xx_hal_dma.o
                0x0000000008004c6c                HAL_DMA_Init
 .text.HAL_DMA_Start_IT
                0x0000000008004dc8       0xb0 Drivers/STM32F4xx_HAL_Driver/Src/stm32f4xx_hal_dma.o
                0x0000000008004dc8                HAL_DMA_Start_IT
 .text.HAL_DMA_Abort
                0x0000000008004e78       0xe0 Drivers/STM32F4xx_HAL_Driver/Src/stm32f4xx_hal_dma.o
                0x0000000008004e78                HAL_DMA_Abort
 .text.HAL_DMA_Abort_IT
                0x0000000008004f58       0x44 Drivers/STM32F4xx_HAL_Driver/Src/stm32f4xx_hal_dma.o
                0x0000000008004f58                HAL_DMA_Abort_IT
 .text.HAL_DMA_IRQHandler
                0x0000000008004f9c      0x314 Drivers/STM32F4xx_HAL_Driver/Src/stm32f4xx_hal_dma.o
                0x0000000008004f9c                HAL_DMA_IRQHandler
 .text.DMA_SetConfig
                0x00000000080052b0       0x5c Drivers/STM32F4xx_HAL_Driver/Src/stm32f4xx_hal_dma.o
 .text.DMA_CalcBaseAndBitshift
                0x000000000800530c       0x6c Drivers/STM32F4xx_HAL_Driver/Src/stm32f4xx_hal_dma.o
 .text.DMA_CheckFifoParam
                0x0000000008005378       0xf8 Drivers/STM32F4xx_HAL_Driver/Src/stm32f4xx_hal_dma.o
 .text.HAL_GPIO_Init
                0x0000000008005470      0x328 Drivers/STM32F4xx_HAL_Driver/Src/stm32f4xx_hal_gpio.o
                0x0000000008005470                HAL_GPIO_Init
 .text.HAL_GPIO_WritePin
                0x0000000008005798       0x32 Drivers/STM32F4xx_HAL_Driver/Src/stm32f4xx_hal_gpio.o
                0x0000000008005798                HAL_GPIO_WritePin
 *fill*         0x00000000080057ca        0x2 
 .text.HAL_QSPI_Init
                0x00000000080057cc       0xf8 Drivers/STM32F4xx_HAL_Driver/Src/stm32f4xx_hal_qspi.o
                0x00000000080057cc                HAL_QSPI_Init
 .text.HAL_QSPI_IRQHandler
                0x00000000080058c4      0x380 Drivers/STM32F4xx_HAL_Driver/Src/stm32f4xx_hal_qspi.o
                0x00000000080058c4                HAL_QSPI_IRQHandler
 .text.HAL_QSPI_Command
                0x0000000008005c44       0xbc Drivers/STM32F4xx_HAL_Driver/Src/stm32f4xx_hal_qspi.o
                0x0000000008005c44                HAL_QSPI_Command
 .text.HAL_QSPI_Transmit
                0x0000000008005d00      0x12e Drivers/STM32F4xx_HAL_Driver/Src/stm32f4xx_hal_qspi.o
                0x0000000008005d00                HAL_QSPI_Transmit
 .text.HAL_QSPI_Receive
                0x0000000008005e2e      0x144 Drivers/STM32F4xx_HAL_Driver/Src/stm32f4xx_hal_qspi.o
                0x0000000008005e2e                HAL_QSPI_Receive
 .text.HAL_QSPI_AutoPolling
                0x0000000008005f72       0xee Drivers/STM32F4xx_HAL_Driver/Src/stm32f4xx_hal_qspi.o
                0x0000000008005f72                HAL_QSPI_AutoPolling
 .text.HAL_QSPI_ErrorCallback
                0x0000000008006060       0x14 Drivers/STM32F4xx_HAL_Driver/Src/stm32f4xx_hal_qspi.o
                0x0000000008006060                HAL_QSPI_ErrorCallback
 .text.HAL_QSPI_AbortCpltCallback
                0x0000000008006074       0x14 Drivers/STM32F4xx_HAL_Driver/Src/stm32f4xx_hal_qspi.o
                0x0000000008006074                HAL_QSPI_AbortCpltCallback
 .text.HAL_QSPI_CmdCpltCallback
                0x0000000008006088       0x14 Drivers/STM32F4xx_HAL_Driver/Src/stm32f4xx_hal_qspi.o
                0x0000000008006088                HAL_QSPI_CmdCpltCallback
 .text.HAL_QSPI_RxCpltCallback
                0x000000000800609c       0x14 Drivers/STM32F4xx_HAL_Driver/Src/stm32f4xx_hal_qspi.o
                0x000000000800609c                HAL_QSPI_RxCpltCallback
 .text.HAL_QSPI_TxCpltCallback
                0x00000000080060b0       0x14 Drivers/STM32F4xx_HAL_Driver/Src/stm32f4xx_hal_qspi.o
                0x00000000080060b0                HAL_QSPI_TxCpltCallback
 .text.HAL_QSPI_FifoThresholdCallback
                0x00000000080060c4       0x14 Drivers/STM32F4xx_HAL_Driver/Src/stm32f4xx_hal_qspi.o
                0x00000000080060c4                HAL_QSPI_FifoThresholdCallback
 .text.HAL_QSPI_StatusMatchCallback
                0x00000000080060d8       0x14 Drivers/STM32F4xx_HAL_Driver/Src/stm32f4xx_hal_qspi.o
                0x00000000080060d8                HAL_QSPI_StatusMatchCallback
 .text.HAL_QSPI_TimeOutCallback
                0x00000000080060ec       0x14 Drivers/STM32F4xx_HAL_Driver/Src/stm32f4xx_hal_qspi.o
                0x00000000080060ec                HAL_QSPI_TimeOutCallback
 .text.HAL_QSPI_Abort
                0x0000000008006100       0xda Drivers/STM32F4xx_HAL_Driver/Src/stm32f4xx_hal_qspi.o
                0x0000000008006100                HAL_QSPI_Abort
 *fill*         0x00000000080061da        0x2 
 .text.HAL_QSPI_Abort_IT
                0x00000000080061dc       0xb8 Drivers/STM32F4xx_HAL_Driver/Src/stm32f4xx_hal_qspi.o
                0x00000000080061dc                HAL_QSPI_Abort_IT
 .text.HAL_QSPI_SetTimeout
                0x0000000008006294       0x1c Drivers/STM32F4xx_HAL_Driver/Src/stm32f4xx_hal_qspi.o
                0x0000000008006294                HAL_QSPI_SetTimeout
 .text.QSPI_DMAAbortCplt
                0x00000000080062b0       0x66 Drivers/STM32F4xx_HAL_Driver/Src/stm32f4xx_hal_qspi.o
 .text.QSPI_WaitFlagStateUntilTimeout
                0x0000000008006316       0x6e Drivers/STM32F4xx_HAL_Driver/Src/stm32f4xx_hal_qspi.o
 .text.QSPI_Config
                0x0000000008006384      0x30c Drivers/STM32F4xx_HAL_Driver/Src/stm32f4xx_hal_qspi.o
 .text.HAL_RCC_ClockConfig
                0x0000000008006690      0x1cc Drivers/STM32F4xx_HAL_Driver/Src/stm32f4xx_hal_rcc.o
                0x0000000008006690                HAL_RCC_ClockConfig
 .text.HAL_RCC_GetHCLKFreq
                0x000000000800685c       0x18 Drivers/STM32F4xx_HAL_Driver/Src/stm32f4xx_hal_rcc.o
                0x000000000800685c                HAL_RCC_GetHCLKFreq
 .text.HAL_RCC_GetPCLK1Freq
                0x0000000008006874       0x28 Drivers/STM32F4xx_HAL_Driver/Src/stm32f4xx_hal_rcc.o
                0x0000000008006874                HAL_RCC_GetPCLK1Freq
 .text.HAL_RCC_GetPCLK2Freq
                0x000000000800689c       0x28 Drivers/STM32F4xx_HAL_Driver/Src/stm32f4xx_hal_rcc.o
                0x000000000800689c                HAL_RCC_GetPCLK2Freq
 .text.HAL_RCC_GetClockConfig
                0x00000000080068c4       0x64 Drivers/STM32F4xx_HAL_Driver/Src/stm32f4xx_hal_rcc.o
                0x00000000080068c4                HAL_RCC_GetClockConfig
 .text.HAL_RCC_GetSysClockFreq
                0x0000000008006928      0x2b8 Drivers/STM32F4xx_HAL_Driver/Src/stm32f4xx_hal_rcc_ex.o
                0x0000000008006928                HAL_RCC_GetSysClockFreq
 .text.HAL_RCC_OscConfig
                0x0000000008006be0      0x53c Drivers/STM32F4xx_HAL_Driver/Src/stm32f4xx_hal_rcc_ex.o
                0x0000000008006be0                HAL_RCC_OscConfig
 .text.HAL_TIM_Base_Init
                0x000000000800711c       0x9e Drivers/STM32F4xx_HAL_Driver/Src/stm32f4xx_hal_tim.o
                0x000000000800711c                HAL_TIM_Base_Init
 *fill*         0x00000000080071ba        0x2 
 .text.HAL_TIM_Base_Start_IT
                0x00000000080071bc       0xe0 Drivers/STM32F4xx_HAL_Driver/Src/stm32f4xx_hal_tim.o
                0x00000000080071bc                HAL_TIM_Base_Start_IT
 .text.HAL_TIM_PWM_Init
                0x000000000800729c       0x9e Drivers/STM32F4xx_HAL_Driver/Src/stm32f4xx_hal_tim.o
                0x000000000800729c                HAL_TIM_PWM_Init
 .text.HAL_TIM_PWM_MspInit
                0x000000000800733a       0x14 Drivers/STM32F4xx_HAL_Driver/Src/stm32f4xx_hal_tim.o
                0x000000000800733a                HAL_TIM_PWM_MspInit
 .text.HAL_TIM_IRQHandler
                0x000000000800734e      0x210 Drivers/STM32F4xx_HAL_Driver/Src/stm32f4xx_hal_tim.o
                0x000000000800734e                HAL_TIM_IRQHandler
 *fill*         0x000000000800755e        0x2 
 .text.HAL_TIM_PWM_ConfigChannel
                0x0000000008007560      0x17c Drivers/STM32F4xx_HAL_Driver/Src/stm32f4xx_hal_tim.o
                0x0000000008007560                HAL_TIM_PWM_ConfigChannel
 .text.HAL_TIM_ConfigClockSource
                0x00000000080076dc      0x188 Drivers/STM32F4xx_HAL_Driver/Src/stm32f4xx_hal_tim.o
                0x00000000080076dc                HAL_TIM_ConfigClockSource
 .text.HAL_TIM_OC_DelayElapsedCallback
                0x0000000008007864       0x14 Drivers/STM32F4xx_HAL_Driver/Src/stm32f4xx_hal_tim.o
                0x0000000008007864                HAL_TIM_OC_DelayElapsedCallback
 .text.HAL_TIM_IC_CaptureCallback
                0x0000000008007878       0x14 Drivers/STM32F4xx_HAL_Driver/Src/stm32f4xx_hal_tim.o
                0x0000000008007878                HAL_TIM_IC_CaptureCallback
 .text.HAL_TIM_PWM_PulseFinishedCallback
                0x000000000800788c       0x14 Drivers/STM32F4xx_HAL_Driver/Src/stm32f4xx_hal_tim.o
                0x000000000800788c                HAL_TIM_PWM_PulseFinishedCallback
 .text.HAL_TIM_TriggerCallback
                0x00000000080078a0       0x14 Drivers/STM32F4xx_HAL_Driver/Src/stm32f4xx_hal_tim.o
                0x00000000080078a0                HAL_TIM_TriggerCallback
 .text.TIM_Base_SetConfig
                0x00000000080078b4      0x140 Drivers/STM32F4xx_HAL_Driver/Src/stm32f4xx_hal_tim.o
                0x00000000080078b4                TIM_Base_SetConfig
 .text.TIM_OC1_SetConfig
                0x00000000080079f4       0xe0 Drivers/STM32F4xx_HAL_Driver/Src/stm32f4xx_hal_tim.o
 .text.TIM_OC2_SetConfig
                0x0000000008007ad4       0xec Drivers/STM32F4xx_HAL_Driver/Src/stm32f4xx_hal_tim.o
                0x0000000008007ad4                TIM_OC2_SetConfig
 .text.TIM_OC3_SetConfig
                0x0000000008007bc0       0xe8 Drivers/STM32F4xx_HAL_Driver/Src/stm32f4xx_hal_tim.o
 .text.TIM_OC4_SetConfig
                0x0000000008007ca8       0xac Drivers/STM32F4xx_HAL_Driver/Src/stm32f4xx_hal_tim.o
 .text.TIM_TI1_ConfigInputStage
                0x0000000008007d54       0x5e Drivers/STM32F4xx_HAL_Driver/Src/stm32f4xx_hal_tim.o
 .text.TIM_TI2_ConfigInputStage
                0x0000000008007db2       0x60 Drivers/STM32F4xx_HAL_Driver/Src/stm32f4xx_hal_tim.o
 .text.TIM_ITRx_SetConfig
                0x0000000008007e12       0x36 Drivers/STM32F4xx_HAL_Driver/Src/stm32f4xx_hal_tim.o
 .text.TIM_ETR_SetConfig
                0x0000000008007e48       0x40 Drivers/STM32F4xx_HAL_Driver/Src/stm32f4xx_hal_tim.o
                0x0000000008007e48                TIM_ETR_SetConfig
 .text.HAL_TIMEx_PWMN_Start
                0x0000000008007e88      0x174 Drivers/STM32F4xx_HAL_Driver/Src/stm32f4xx_hal_tim_ex.o
                0x0000000008007e88                HAL_TIMEx_PWMN_Start
 .text.HAL_TIMEx_MasterConfigSynchronization
                0x0000000008007ffc       0xf8 Drivers/STM32F4xx_HAL_Driver/Src/stm32f4xx_hal_tim_ex.o
                0x0000000008007ffc                HAL_TIMEx_MasterConfigSynchronization
 .text.HAL_TIMEx_ConfigBreakDeadTime
                0x00000000080080f4       0xa4 Drivers/STM32F4xx_HAL_Driver/Src/stm32f4xx_hal_tim_ex.o
                0x00000000080080f4                HAL_TIMEx_ConfigBreakDeadTime
 .text.HAL_TIMEx_CommutCallback
                0x0000000008008198       0x14 Drivers/STM32F4xx_HAL_Driver/Src/stm32f4xx_hal_tim_ex.o
                0x0000000008008198                HAL_TIMEx_CommutCallback
 .text.HAL_TIMEx_BreakCallback
                0x00000000080081ac       0x14 Drivers/STM32F4xx_HAL_Driver/Src/stm32f4xx_hal_tim_ex.o
                0x00000000080081ac                HAL_TIMEx_BreakCallback
 .text.TIM_CCxNChannelCmd
                0x00000000080081c0       0x4a Drivers/STM32F4xx_HAL_Driver/Src/stm32f4xx_hal_tim_ex.o
 .text.HAL_UART_Init
                0x000000000800820a       0x9a Drivers/STM32F4xx_HAL_Driver/Src/stm32f4xx_hal_uart.o
                0x000000000800820a                HAL_UART_Init
 .text.HAL_HalfDuplex_Init
                0x00000000080082a4       0xaa Drivers/STM32F4xx_HAL_Driver/Src/stm32f4xx_hal_uart.o
                0x00000000080082a4                HAL_HalfDuplex_Init
 *fill*         0x000000000800834e        0x2 
 .text.HAL_UART_Transmit_DMA
                0x0000000008008350       0xd8 Drivers/STM32F4xx_HAL_Driver/Src/stm32f4xx_hal_uart.o
                0x0000000008008350                HAL_UART_Transmit_DMA
 .text.HAL_UART_Receive_DMA
                0x0000000008008428       0x60 Drivers/STM32F4xx_HAL_Driver/Src/stm32f4xx_hal_uart.o
                0x0000000008008428                HAL_UART_Receive_DMA
 .text.HAL_UART_IRQHandler
                0x0000000008008488      0x358 Drivers/STM32F4xx_HAL_Driver/Src/stm32f4xx_hal_uart.o
                0x0000000008008488                HAL_UART_IRQHandler
 .text.HAL_UART_TxCpltCallback
                0x00000000080087e0       0x14 Drivers/STM32F4xx_HAL_Driver/Src/stm32f4xx_hal_uart.o
                0x00000000080087e0                HAL_UART_TxCpltCallback
 .text.HAL_UART_TxHalfCpltCallback
                0x00000000080087f4       0x14 Drivers/STM32F4xx_HAL_Driver/Src/stm32f4xx_hal_uart.o
                0x00000000080087f4                HAL_UART_TxHalfCpltCallback
 .text.HAL_UART_RxHalfCpltCallback
                0x0000000008008808       0x14 Drivers/STM32F4xx_HAL_Driver/Src/stm32f4xx_hal_uart.o
                0x0000000008008808                HAL_UART_RxHalfCpltCallback
 .text.HAL_UARTEx_RxEventCallback
                0x000000000800881c       0x18 Drivers/STM32F4xx_HAL_Driver/Src/stm32f4xx_hal_uart.o
                0x000000000800881c                HAL_UARTEx_RxEventCallback
 .text.UART_DMATransmitCplt
                0x0000000008008834       0x52 Drivers/STM32F4xx_HAL_Driver/Src/stm32f4xx_hal_uart.o
 .text.UART_DMATxHalfCplt
                0x0000000008008886       0x1c Drivers/STM32F4xx_HAL_Driver/Src/stm32f4xx_hal_uart.o
 .text.UART_DMAReceiveCplt
                0x00000000080088a2       0x96 Drivers/STM32F4xx_HAL_Driver/Src/stm32f4xx_hal_uart.o
 .text.UART_DMARxHalfCplt
                0x0000000008008938       0x36 Drivers/STM32F4xx_HAL_Driver/Src/stm32f4xx_hal_uart.o
 .text.UART_DMAError
                0x000000000800896e       0x94 Drivers/STM32F4xx_HAL_Driver/Src/stm32f4xx_hal_uart.o
 *fill*         0x0000000008008a02        0x2 
 .text.UART_Start_Receive_DMA
                0x0000000008008a04       0xc8 Drivers/STM32F4xx_HAL_Driver/Src/stm32f4xx_hal_uart.o
                0x0000000008008a04                UART_Start_Receive_DMA
 .text.UART_EndTxTransfer
                0x0000000008008acc       0x2c Drivers/STM32F4xx_HAL_Driver/Src/stm32f4xx_hal_uart.o
 .text.UART_EndRxTransfer
                0x0000000008008af8       0x5a Drivers/STM32F4xx_HAL_Driver/Src/stm32f4xx_hal_uart.o
 .text.UART_DMAAbortOnError
                0x0000000008008b52       0x28 Drivers/STM32F4xx_HAL_Driver/Src/stm32f4xx_hal_uart.o
 .text.UART_Transmit_IT
                0x0000000008008b7a       0xa0 Drivers/STM32F4xx_HAL_Driver/Src/stm32f4xx_hal_uart.o
 .text.UART_EndTransmit_IT
                0x0000000008008c1a       0x30 Drivers/STM32F4xx_HAL_Driver/Src/stm32f4xx_hal_uart.o
 .text.UART_Receive_IT
                0x0000000008008c4a      0x12e Drivers/STM32F4xx_HAL_Driver/Src/stm32f4xx_hal_uart.o
 .text.UART_SetConfig
                0x0000000008008d78      0x390 Drivers/STM32F4xx_HAL_Driver/Src/stm32f4xx_hal_uart.o
 .text.__read_flags
                0x0000000008009108       0x3a FlashAPI/Src/io_driver.o
                0x0000000008009108                __read_flags
 .text.__write_enable_latch
                0x0000000008009142       0x72 FlashAPI/Src/io_driver.o
                0x0000000008009142                __write_enable_latch
 .text.__write_disable_latch
                0x00000000080091b4       0x22 FlashAPI/Src/io_driver.o
                0x00000000080091b4                __write_disable_latch
 .text.flash_init
                0x00000000080091d6       0x4a FlashAPI/Src/io_driver.o
                0x00000000080091d6                flash_init
 .text.flash_read
                0x0000000008009220       0x60 FlashAPI/Src/io_driver.o
                0x0000000008009220                flash_read
 .text.__flash_write_page
                0x0000000008009280       0xa2 FlashAPI/Src/io_driver.o
                0x0000000008009280                __flash_write_page
 .text.flash_write
                0x0000000008009322       0x60 FlashAPI/Src/io_driver.o
                0x0000000008009322                flash_write
 .text.__flash_erase
                0x0000000008009382       0x8e FlashAPI/Src/io_driver.o
                0x0000000008009382                __flash_erase
 .text.flash_erase_subsector
                0x0000000008009410       0x18 FlashAPI/Src/io_driver.o
                0x0000000008009410                flash_erase_subsector
 .text.get_default_command
                0x0000000008009428       0x40 FlashAPI/Src/qspi_driver.o
                0x0000000008009428                get_default_command
 .text.with_address
                0x0000000008009468       0x2c FlashAPI/Src/qspi_driver.o
                0x0000000008009468                with_address
 .text.with_data
                0x0000000008009494       0x24 FlashAPI/Src/qspi_driver.o
                0x0000000008009494                with_data
 .text.qspi_run
                0x00000000080094b8       0x38 FlashAPI/Src/qspi_driver.o
                0x00000000080094b8                qspi_run
 .text.qspi_poll
                0x00000000080094f0       0x6c FlashAPI/Src/qspi_driver.o
                0x00000000080094f0                qspi_poll
 .text.qspi_transmit
                0x000000000800955c       0x2c FlashAPI/Src/qspi_driver.o
                0x000000000800955c                qspi_transmit
 .text.qspi_receive
                0x0000000008009588       0x2c FlashAPI/Src/qspi_driver.o
                0x0000000008009588                qspi_receive
 .text.makeFreeRtosPriority
                0x00000000080095b4       0x30 Middlewares/Third_Party/FreeRTOS/Source/CMSIS_RTOS/cmsis_os.o
 .text.osKernelStart
                0x00000000080095e4        0xe Middlewares/Third_Party/FreeRTOS/Source/CMSIS_RTOS/cmsis_os.o
                0x00000000080095e4                osKernelStart
 .text.osThreadCreate
                0x00000000080095f2       0x4a Middlewares/Third_Party/FreeRTOS/Source/CMSIS_RTOS/cmsis_os.o
                0x00000000080095f2                osThreadCreate
 .text.osDelay  0x000000000800963c       0x28 Middlewares/Third_Party/FreeRTOS/Source/CMSIS_RTOS/cmsis_os.o
                0x000000000800963c                osDelay
 .text.vListInitialise
                0x0000000008009664       0x40 Middlewares/Third_Party/FreeRTOS/Source/list.o
                0x0000000008009664                vListInitialise
 .text.vListInitialiseItem
                0x00000000080096a4       0x1a Middlewares/Third_Party/FreeRTOS/Source/list.o
                0x00000000080096a4                vListInitialiseItem
 .text.vListInsertEnd
                0x00000000080096be       0x48 Middlewares/Third_Party/FreeRTOS/Source/list.o
                0x00000000080096be                vListInsertEnd
 .text.vListInsert
                0x0000000008009706       0x72 Middlewares/Third_Party/FreeRTOS/Source/list.o
                0x0000000008009706                vListInsert
 .text.uxListRemove
                0x0000000008009778       0x54 Middlewares/Third_Party/FreeRTOS/Source/list.o
                0x0000000008009778                uxListRemove
 .text.xQueueGenericReset
                0x00000000080097cc       0xd0 Middlewares/Third_Party/FreeRTOS/Source/queue.o
                0x00000000080097cc                xQueueGenericReset
 .text.xQueueGenericCreateStatic
                0x000000000800989c       0xe8 Middlewares/Third_Party/FreeRTOS/Source/queue.o
                0x000000000800989c                xQueueGenericCreateStatic
 .text.prvInitialiseNewQueue
                0x0000000008009984       0x3e Middlewares/Third_Party/FreeRTOS/Source/queue.o
 .text.prvInitialiseMutex
                0x00000000080099c2       0x34 Middlewares/Third_Party/FreeRTOS/Source/queue.o
 .text.xQueueCreateMutexStatic
                0x00000000080099f6       0x36 Middlewares/Third_Party/FreeRTOS/Source/queue.o
                0x00000000080099f6                xQueueCreateMutexStatic
 .text.xQueueGenericSend
                0x0000000008009a2c      0x1fc Middlewares/Third_Party/FreeRTOS/Source/queue.o
                0x0000000008009a2c                xQueueGenericSend
 .text.xQueueGiveFromISR
                0x0000000008009c28      0x11a Middlewares/Third_Party/FreeRTOS/Source/queue.o
                0x0000000008009c28                xQueueGiveFromISR
 *fill*         0x0000000008009d42        0x2 
 .text.xQueueSemaphoreTake
                0x0000000008009d44      0x218 Middlewares/Third_Party/FreeRTOS/Source/queue.o
                0x0000000008009d44                xQueueSemaphoreTake
 .text.prvGetDisinheritPriorityAfterTimeout
                0x0000000008009f5c       0x30 Middlewares/Third_Party/FreeRTOS/Source/queue.o
 .text.prvCopyDataToQueue
                0x0000000008009f8c       0xd4 Middlewares/Third_Party/FreeRTOS/Source/queue.o
 .text.prvUnlockQueue
                0x000000000800a060       0xa4 Middlewares/Third_Party/FreeRTOS/Source/queue.o
 .text.prvIsQueueEmpty
                0x000000000800a104       0x2c Middlewares/Third_Party/FreeRTOS/Source/queue.o
 .text.prvIsQueueFull
                0x000000000800a130       0x30 Middlewares/Third_Party/FreeRTOS/Source/queue.o
 .text.xTaskCreateStatic
                0x000000000800a160       0xb2 Middlewares/Third_Party/FreeRTOS/Source/tasks.o
                0x000000000800a160                xTaskCreateStatic
 .text.prvInitialiseNewTask
                0x000000000800a212      0x114 Middlewares/Third_Party/FreeRTOS/Source/tasks.o
 *fill*         0x000000000800a326        0x2 
 .text.prvAddNewTaskToReadyList
                0x000000000800a328       0xd4 Middlewares/Third_Party/FreeRTOS/Source/tasks.o
 .text.vTaskDelayUntil
                0x000000000800a3fc       0xfc Middlewares/Third_Party/FreeRTOS/Source/tasks.o
                0x000000000800a3fc                vTaskDelayUntil
 .text.vTaskDelay
                0x000000000800a4f8       0x68 Middlewares/Third_Party/FreeRTOS/Source/tasks.o
                0x000000000800a4f8                vTaskDelay
 .text.vTaskStartScheduler
                0x000000000800a560       0xc4 Middlewares/Third_Party/FreeRTOS/Source/tasks.o
                0x000000000800a560                vTaskStartScheduler
 .text.vTaskSuspendAll
                0x000000000800a624       0x1c Middlewares/Third_Party/FreeRTOS/Source/tasks.o
                0x000000000800a624                vTaskSuspendAll
 .text.xTaskResumeAll
                0x000000000800a640      0x138 Middlewares/Third_Party/FreeRTOS/Source/tasks.o
                0x000000000800a640                xTaskResumeAll
 .text.xTaskGetTickCount
                0x000000000800a778       0x20 Middlewares/Third_Party/FreeRTOS/Source/tasks.o
                0x000000000800a778                xTaskGetTickCount
 .text.xTaskIncrementTick
                0x000000000800a798      0x170 Middlewares/Third_Party/FreeRTOS/Source/tasks.o
                0x000000000800a798                xTaskIncrementTick
 .text.vTaskSwitchContext
                0x000000000800a908       0xec Middlewares/Third_Party/FreeRTOS/Source/tasks.o
                0x000000000800a908                vTaskSwitchContext
 .text.vTaskPlaceOnEventList
                0x000000000800a9f4       0x48 Middlewares/Third_Party/FreeRTOS/Source/tasks.o
                0x000000000800a9f4                vTaskPlaceOnEventList
 .text.xTaskRemoveFromEventList
                0x000000000800aa3c       0xc4 Middlewares/Third_Party/FreeRTOS/Source/tasks.o
                0x000000000800aa3c                xTaskRemoveFromEventList
 .text.vTaskInternalSetTimeOutState
                0x000000000800ab00       0x2c Middlewares/Third_Party/FreeRTOS/Source/tasks.o
                0x000000000800ab00                vTaskInternalSetTimeOutState
 .text.xTaskCheckForTimeOut
                0x000000000800ab2c       0xc4 Middlewares/Third_Party/FreeRTOS/Source/tasks.o
                0x000000000800ab2c                xTaskCheckForTimeOut
 .text.vTaskMissedYield
                0x000000000800abf0       0x18 Middlewares/Third_Party/FreeRTOS/Source/tasks.o
                0x000000000800abf0                vTaskMissedYield
 .text.prvIdleTask
                0x000000000800ac08       0x30 Middlewares/Third_Party/FreeRTOS/Source/tasks.o
 .text.prvInitialiseTaskLists
                0x000000000800ac38       0x80 Middlewares/Third_Party/FreeRTOS/Source/tasks.o
 .text.prvCheckTasksWaitingTermination
                0x000000000800acb8       0x5c Middlewares/Third_Party/FreeRTOS/Source/tasks.o
 .text.prvDeleteTCB
                0x000000000800ad14       0x14 Middlewares/Third_Party/FreeRTOS/Source/tasks.o
 .text.prvResetNextTaskUnblockTime
                0x000000000800ad28       0x40 Middlewares/Third_Party/FreeRTOS/Source/tasks.o
 .text.xTaskGetSchedulerState
                0x000000000800ad68       0x3c Middlewares/Third_Party/FreeRTOS/Source/tasks.o
                0x000000000800ad68                xTaskGetSchedulerState
 .text.xTaskPriorityInherit
                0x000000000800ada4       0xec Middlewares/Third_Party/FreeRTOS/Source/tasks.o
                0x000000000800ada4                xTaskPriorityInherit
 .text.xTaskPriorityDisinherit
                0x000000000800ae90      0x10c Middlewares/Third_Party/FreeRTOS/Source/tasks.o
                0x000000000800ae90                xTaskPriorityDisinherit
 .text.vTaskPriorityDisinheritAfterTimeout
                0x000000000800af9c      0x11c Middlewares/Third_Party/FreeRTOS/Source/tasks.o
                0x000000000800af9c                vTaskPriorityDisinheritAfterTimeout
 .text.pvTaskIncrementMutexHeldCount
                0x000000000800b0b8       0x28 Middlewares/Third_Party/FreeRTOS/Source/tasks.o
                0x000000000800b0b8                pvTaskIncrementMutexHeldCount
 .text.prvAddCurrentTaskToDelayedList
                0x000000000800b0e0       0xcc Middlewares/Third_Party/FreeRTOS/Source/tasks.o
 .text.pxPortInitialiseStack
                0x000000000800b1ac       0x68 Middlewares/Third_Party/FreeRTOS/Source/portable/GCC/ARM_CM4F/port.o
                0x000000000800b1ac                pxPortInitialiseStack
 .text.prvTaskExitError
                0x000000000800b214       0x58 Middlewares/Third_Party/FreeRTOS/Source/portable/GCC/ARM_CM4F/port.o
 *fill*         0x000000000800b26c        0x4 
 .text.SVC_Handler
                0x000000000800b270       0x28 Middlewares/Third_Party/FreeRTOS/Source/portable/GCC/ARM_CM4F/port.o
                0x000000000800b270                SVC_Handler
 .text.prvPortStartFirstTask
                0x000000000800b298       0x28 Middlewares/Third_Party/FreeRTOS/Source/portable/GCC/ARM_CM4F/port.o
 .text.xPortStartScheduler
                0x000000000800b2c0      0x144 Middlewares/Third_Party/FreeRTOS/Source/portable/GCC/ARM_CM4F/port.o
                0x000000000800b2c0                xPortStartScheduler
 .text.vPortEnterCritical
                0x000000000800b404       0x60 Middlewares/Third_Party/FreeRTOS/Source/portable/GCC/ARM_CM4F/port.o
                0x000000000800b404                vPortEnterCritical
 .text.vPortExitCritical
                0x000000000800b464       0x54 Middlewares/Third_Party/FreeRTOS/Source/portable/GCC/ARM_CM4F/port.o
                0x000000000800b464                vPortExitCritical
 *fill*         0x000000000800b4b8        0x8 
 .text.PendSV_Handler
                0x000000000800b4c0       0x68 Middlewares/Third_Party/FreeRTOS/Source/portable/GCC/ARM_CM4F/port.o
                0x000000000800b4c0                PendSV_Handler
 .text.SysTick_Handler
                0x000000000800b528       0x44 Middlewares/Third_Party/FreeRTOS/Source/portable/GCC/ARM_CM4F/port.o
                0x000000000800b528                SysTick_Handler
 .text.vPortSetupTimerInterrupt
                0x000000000800b56c       0x48 Middlewares/Third_Party/FreeRTOS/Source/portable/GCC/ARM_CM4F/port.o
                0x000000000800b56c                vPortSetupTimerInterrupt
 .text.vPortEnableVFP
                0x000000000800b5b4       0x14 Middlewares/Third_Party/FreeRTOS/Source/portable/GCC/ARM_CM4F/port.o
 .text.vPortValidateInterruptPriority
                0x000000000800b5c8       0x80 Middlewares/Third_Party/FreeRTOS/Source/portable/GCC/ARM_CM4F/port.o
                0x000000000800b5c8                vPortValidateInterruptPriority
 .text.__libc_init_array
                0x000000000800b648       0x48 /opt/st/stm32cubeide_1.6.1/plugins/com.st.stm32cube.ide.mcu.externaltools.gnu-tools-for-stm32.9-2020-q2-update.linux64_1.5.0.202011040924/tools/bin/../lib/gcc/arm-none-eabi/9.3.1/../../../../arm-none-eabi/lib/thumb/v7e-m+fp/hard/libc_nano.a(lib_a-init.o)
                0x000000000800b648                __libc_init_array
 .text.memcpy   0x000000000800b690       0x1c /opt/st/stm32cubeide_1.6.1/plugins/com.st.stm32cube.ide.mcu.externaltools.gnu-tools-for-stm32.9-2020-q2-update.linux64_1.5.0.202011040924/tools/bin/../lib/gcc/arm-none-eabi/9.3.1/../../../../arm-none-eabi/lib/thumb/v7e-m+fp/hard/libc_nano.a(lib_a-memcpy-stub.o)
                0x000000000800b690                memcpy
 .text.memset   0x000000000800b6ac       0x10 /opt/st/stm32cubeide_1.6.1/plugins/com.st.stm32cube.ide.mcu.externaltools.gnu-tools-for-stm32.9-2020-q2-update.linux64_1.5.0.202011040924/tools/bin/../lib/gcc/arm-none-eabi/9.3.1/../../../../arm-none-eabi/lib/thumb/v7e-m+fp/hard/libc_nano.a(lib_a-memset.o)
                0x000000000800b6ac                memset
 *(.glue_7)
 .glue_7        0x000000000800b6bc        0x0 linker stubs
 *(.glue_7t)
 .glue_7t       0x000000000800b6bc        0x0 linker stubs
 *(.eh_frame)
 .eh_frame      0x000000000800b6bc        0x0 /opt/st/stm32cubeide_1.6.1/plugins/com.st.stm32cube.ide.mcu.externaltools.gnu-tools-for-stm32.9-2020-q2-update.linux64_1.5.0.202011040924/tools/bin/../lib/gcc/arm-none-eabi/9.3.1/thumb/v7e-m+fp/hard/crtbegin.o
 *(.init)
 .init          0x000000000800b6bc        0x4 /opt/st/stm32cubeide_1.6.1/plugins/com.st.stm32cube.ide.mcu.externaltools.gnu-tools-for-stm32.9-2020-q2-update.linux64_1.5.0.202011040924/tools/bin/../lib/gcc/arm-none-eabi/9.3.1/thumb/v7e-m+fp/hard/crti.o
                0x000000000800b6bc                _init
 .init          0x000000000800b6c0        0x8 /opt/st/stm32cubeide_1.6.1/plugins/com.st.stm32cube.ide.mcu.externaltools.gnu-tools-for-stm32.9-2020-q2-update.linux64_1.5.0.202011040924/tools/bin/../lib/gcc/arm-none-eabi/9.3.1/thumb/v7e-m+fp/hard/crtn.o
 *(.fini)
 .fini          0x000000000800b6c8        0x4 /opt/st/stm32cubeide_1.6.1/plugins/com.st.stm32cube.ide.mcu.externaltools.gnu-tools-for-stm32.9-2020-q2-update.linux64_1.5.0.202011040924/tools/bin/../lib/gcc/arm-none-eabi/9.3.1/thumb/v7e-m+fp/hard/crti.o
                0x000000000800b6c8                _fini
 .fini          0x000000000800b6cc        0x8 /opt/st/stm32cubeide_1.6.1/plugins/com.st.stm32cube.ide.mcu.externaltools.gnu-tools-for-stm32.9-2020-q2-update.linux64_1.5.0.202011040924/tools/bin/../lib/gcc/arm-none-eabi/9.3.1/thumb/v7e-m+fp/hard/crtn.o
                0x000000000800b6d4                . = ALIGN (0x4)
                0x000000000800b6d4                _etext = .

.vfp11_veneer   0x000000000800b6d4        0x0
 .vfp11_veneer  0x000000000800b6d4        0x0 linker stubs

.v4_bx          0x000000000800b6d4        0x0
 .v4_bx         0x000000000800b6d4        0x0 linker stubs

.iplt           0x000000000800b6d4        0x0
 .iplt          0x000000000800b6d4        0x0 /opt/st/stm32cubeide_1.6.1/plugins/com.st.stm32cube.ide.mcu.externaltools.gnu-tools-for-stm32.9-2020-q2-update.linux64_1.5.0.202011040924/tools/bin/../lib/gcc/arm-none-eabi/9.3.1/thumb/v7e-m+fp/hard/crtbegin.o

.rodata         0x000000000800b6d4       0x7c
                0x000000000800b6d4                . = ALIGN (0x4)
 *(.rodata)
 .rodata        0x000000000800b6d4       0x21 Application/Src/threads.o
 *fill*         0x000000000800b6f5        0x3 
 .rodata        0x000000000800b6f8       0x28 Core/Src/freertos.o
 .rodata        0x000000000800b720        0x5 Middlewares/Third_Party/FreeRTOS/Source/tasks.o
 *(.rodata*)
 *fill*         0x000000000800b725        0x3 
 .rodata.period.10451
                0x000000000800b728        0x4 Application/Src/can_comm.o
 .rodata.period.10460
                0x000000000800b72c        0x4 Application/Src/control.o
 .rodata.AHBPrescTable
                0x000000000800b730       0x10 Core/Src/system_stm32f4xx.o
                0x000000000800b730                AHBPrescTable
 .rodata.APBPrescTable
                0x000000000800b740        0x8 Core/Src/system_stm32f4xx.o
                0x000000000800b740                APBPrescTable
 .rodata.flagBitshiftOffset.8659
                0x000000000800b748        0x8 Drivers/STM32F4xx_HAL_Driver/Src/stm32f4xx_hal_dma.o
                0x000000000800b750                . = ALIGN (0x4)

.ARM.extab      0x000000000800b750        0x0
                0x000000000800b750                . = ALIGN (0x4)
 *(.ARM.extab* .gnu.linkonce.armextab.*)
                0x000000000800b750                . = ALIGN (0x4)

.ARM            0x000000000800b750        0x8
                0x000000000800b750                . = ALIGN (0x4)
                0x000000000800b750                __exidx_start = .
 *(.ARM.exidx*)
 .ARM.exidx     0x000000000800b750        0x8 /opt/st/stm32cubeide_1.6.1/plugins/com.st.stm32cube.ide.mcu.externaltools.gnu-tools-for-stm32.9-2020-q2-update.linux64_1.5.0.202011040924/tools/bin/../lib/gcc/arm-none-eabi/9.3.1/thumb/v7e-m+fp/hard/libgcc.a(_udivmoddi4.o)
                0x000000000800b758                __exidx_end = .
                0x000000000800b758                . = ALIGN (0x4)

.rel.dyn        0x000000000800b758        0x0
 .rel.iplt      0x000000000800b758        0x0 /opt/st/stm32cubeide_1.6.1/plugins/com.st.stm32cube.ide.mcu.externaltools.gnu-tools-for-stm32.9-2020-q2-update.linux64_1.5.0.202011040924/tools/bin/../lib/gcc/arm-none-eabi/9.3.1/thumb/v7e-m+fp/hard/crtbegin.o

.preinit_array  0x000000000800b758        0x0
                0x000000000800b758                . = ALIGN (0x4)
                0x000000000800b758                PROVIDE (__preinit_array_start = .)
 *(.preinit_array*)
                0x000000000800b758                PROVIDE (__preinit_array_end = .)
                0x000000000800b758                . = ALIGN (0x4)

.init_array     0x000000000800b758        0x4
                0x000000000800b758                . = ALIGN (0x4)
                0x000000000800b758                PROVIDE (__init_array_start = .)
 *(SORT_BY_NAME(.init_array.*))
 *(.init_array*)
 .init_array    0x000000000800b758        0x4 /opt/st/stm32cubeide_1.6.1/plugins/com.st.stm32cube.ide.mcu.externaltools.gnu-tools-for-stm32.9-2020-q2-update.linux64_1.5.0.202011040924/tools/bin/../lib/gcc/arm-none-eabi/9.3.1/thumb/v7e-m+fp/hard/crtbegin.o
                0x000000000800b75c                PROVIDE (__init_array_end = .)
                0x000000000800b75c                . = ALIGN (0x4)

.fini_array     0x000000000800b75c        0x4
                0x000000000800b75c                . = ALIGN (0x4)
                [!provide]                        PROVIDE (__fini_array_start = .)
 *(SORT_BY_NAME(.fini_array.*))
 *(.fini_array*)
 .fini_array    0x000000000800b75c        0x4 /opt/st/stm32cubeide_1.6.1/plugins/com.st.stm32cube.ide.mcu.externaltools.gnu-tools-for-stm32.9-2020-q2-update.linux64_1.5.0.202011040924/tools/bin/../lib/gcc/arm-none-eabi/9.3.1/thumb/v7e-m+fp/hard/crtbegin.o
                [!provide]                        PROVIDE (__fini_array_end = .)
                0x000000000800b760                . = ALIGN (0x4)
                0x000000000800b760                _sidata = LOADADDR (.data)

.data           0x0000000020000000       0x88 load address 0x000000000800b760
                0x0000000020000000                . = ALIGN (0x4)
                0x0000000020000000                _sdata = .
 *(.data)
 *(.data*)
 .data.response_fcn
                0x0000000020000000        0x8 Application/Src/cm4.o
 .data.response_fcn_max
                0x0000000020000008        0x2 Application/Src/cm4.o
 *fill*         0x000000002000000a        0x2 
 .data.sched_allowed
                0x000000002000000c       0x24 Application/Src/control.o
 .data.control_fcn
                0x0000000020000030       0x18 Application/Src/control.o
 .data.debug_fcn
                0x0000000020000048       0x2c Application/Src/debug.o
 .data.debug_fcn_max
                0x0000000020000074        0x2 Application/Src/debug.o
 *fill*         0x0000000020000076        0x2 
 .data.SystemCoreClock
                0x0000000020000078        0x4 Core/Src/system_stm32f4xx.o
                0x0000000020000078                SystemCoreClock
 .data.uwTickPrio
                0x000000002000007c        0x4 Drivers/STM32F4xx_HAL_Driver/Src/stm32f4xx_hal.o
                0x000000002000007c                uwTickPrio
 .data.uwTickFreq
                0x0000000020000080        0x1 Drivers/STM32F4xx_HAL_Driver/Src/stm32f4xx_hal.o
                0x0000000020000080                uwTickFreq
 *fill*         0x0000000020000081        0x3 
 .data.uxCriticalNesting
                0x0000000020000084        0x4 Middlewares/Third_Party/FreeRTOS/Source/portable/GCC/ARM_CM4F/port.o
                0x0000000020000088                . = ALIGN (0x4)
                0x0000000020000088                _edata = .

.igot.plt       0x0000000020000088        0x0 load address 0x000000000800b7e8
 .igot.plt      0x0000000020000088        0x0 /opt/st/stm32cubeide_1.6.1/plugins/com.st.stm32cube.ide.mcu.externaltools.gnu-tools-for-stm32.9-2020-q2-update.linux64_1.5.0.202011040924/tools/bin/../lib/gcc/arm-none-eabi/9.3.1/thumb/v7e-m+fp/hard/crtbegin.o
                0x0000000020000088                . = ALIGN (0x4)

.bss            0x0000000020000088     0x7fbc load address 0x000000000800b7e8
                0x0000000020000088                _sbss = .
                0x0000000020000088                __bss_start__ = _sbss
 *(.bss)
 .bss           0x0000000020000088       0x1c /opt/st/stm32cubeide_1.6.1/plugins/com.st.stm32cube.ide.mcu.externaltools.gnu-tools-for-stm32.9-2020-q2-update.linux64_1.5.0.202011040924/tools/bin/../lib/gcc/arm-none-eabi/9.3.1/thumb/v7e-m+fp/hard/crtbegin.o
 *(.bss*)
 .bss.can_buffer_pointer_rx
                0x00000000200000a4        0x4 Application/Src/can_comm.o
                0x00000000200000a4                can_buffer_pointer_rx
 .bss.can_buffer_pointer_tx
                0x00000000200000a8        0x4 Application/Src/can_comm.o
                0x00000000200000a8                can_buffer_pointer_tx
 .bss.last_wake_time.10450
                0x00000000200000ac        0x4 Application/Src/can_comm.o
 .bss.cm4_busy_sem
                0x00000000200000b0        0x4 Application/Src/cm4.o
 .bss.cm4_busy_sem_buffer
                0x00000000200000b4       0x48 Application/Src/cm4.o
 .bss.id_counter.10433
                0x00000000200000fc        0x4 Application/Src/cm4.o
 .bss.send_data.10443
                0x0000000020000100      0x200 Application/Src/cm4.o
 .bss.length.10444
                0x0000000020000300        0x2 Application/Src/cm4.o
 .bss.bin_length.10445
                0x0000000020000302        0x2 Application/Src/cm4.o
 .bss.control   0x0000000020000304       0xa0 Application/Src/control.o
 .bss.cm4.10461
                0x00000000200003a4     0x1488 Application/Src/control.o
 .bss.last_wake_time.10459
                0x000000002000182c        0x4 Application/Src/control.o
 .bss.send_data.10484
                0x0000000020001830      0x200 Application/Src/debug.o
 .bss.length.10485
                0x0000000020001a30        0x2 Application/Src/debug.o
 .bss.bin_length.10486
                0x0000000020001a32        0x2 Application/Src/debug.o
 .bss.id_counter.10492
                0x0000000020001a34        0x4 Application/Src/debug.o
 .bss.id_counter.8848
                0x0000000020001a38        0x4 Application/Src/msv2.o
 .bss.serial_devices
                0x0000000020001a3c       0x40 Application/Src/serial.o
 .bss.serial_devices_count
                0x0000000020001a7c        0x2 Application/Src/serial.o
 *fill*         0x0000000020001a7e        0x2 
 .bss.serial_rx_sem
                0x0000000020001a80        0x4 Application/Src/serial.o
 .bss.serial_rx_sem_buffer
                0x0000000020001a84       0x48 Application/Src/serial.o
 .bss.used_subsectors
                0x0000000020001acc        0x4 Application/Src/storage.o
 .bss.data_counter
                0x0000000020001ad0        0x4 Application/Src/storage.o
 .bss.record_active
                0x0000000020001ad4        0x1 Application/Src/storage.o
 .bss.restart_required
                0x0000000020001ad5        0x1 Application/Src/storage.o
 *fill*         0x0000000020001ad6        0x2 
 .bss.record_should_stop
                0x0000000020001ad8        0x4 Application/Src/storage.o
 .bss.storage_sem
                0x0000000020001adc        0x4 Application/Src/storage.o
 .bss.storage_sem_buffer
                0x0000000020001ae0       0x48 Application/Src/storage.o
 .bss.header.10468
                0x0000000020001b28       0x10 Application/Src/storage.o
 .bss.header.10481
                0x0000000020001b38       0x10 Application/Src/storage.o
 .bss.data.10485
                0x0000000020001b48       0x20 Application/Src/storage.o
 .bss.time.10507
                0x0000000020001b68        0x4 Application/Src/storage.o
 .bss.last_time.10508
                0x0000000020001b6c        0x4 Application/Src/storage.o
 .bss.control_handle
                0x0000000020001b70        0x4 Application/Src/threads.o
 .bss.serial_handle
                0x0000000020001b74        0x4 Application/Src/threads.o
 .bss.storage_handle
                0x0000000020001b78        0x4 Application/Src/threads.o
 .bss.can_send_handle
                0x0000000020001b7c        0x4 Application/Src/threads.o
 .bss.debug.10428
                0x0000000020001b80     0x1438 Application/Src/threads.o
 .bss.storage_stack.10430
                0x0000000020002fb8     0x1000 Application/Src/threads.o
 .bss.storage_buffer.10429
                0x0000000020003fb8       0x58 Application/Src/threads.o
 .bss.serial_stack.10432
                0x0000000020004010     0x1000 Application/Src/threads.o
 .bss.serial_buffer.10431
                0x0000000020005010       0x58 Application/Src/threads.o
 .bss.control_stack.10434
                0x0000000020005068     0x1000 Application/Src/threads.o
 .bss.control_buffer.10433
                0x0000000020006068       0x58 Application/Src/threads.o
 .bss.can_send_stack.10436
                0x00000000200060c0     0x1000 Application/Src/threads.o
 .bss.can_send_buffer.10435
                0x00000000200070c0       0x58 Application/Src/threads.o
 .bss.xIdleTaskTCBBuffer
                0x0000000020007118       0x58 Core/Src/freertos.o
 .bss.xIdleStack
                0x0000000020007170      0x200 Core/Src/freertos.o
 .bss.pxCurrentTCB
                0x0000000020007370        0x4 Middlewares/Third_Party/FreeRTOS/Source/tasks.o
                0x0000000020007370                pxCurrentTCB
 .bss.pxReadyTasksLists
                0x0000000020007374       0x8c Middlewares/Third_Party/FreeRTOS/Source/tasks.o
 .bss.xDelayedTaskList1
                0x0000000020007400       0x14 Middlewares/Third_Party/FreeRTOS/Source/tasks.o
 .bss.xDelayedTaskList2
                0x0000000020007414       0x14 Middlewares/Third_Party/FreeRTOS/Source/tasks.o
 .bss.pxDelayedTaskList
                0x0000000020007428        0x4 Middlewares/Third_Party/FreeRTOS/Source/tasks.o
 .bss.pxOverflowDelayedTaskList
                0x000000002000742c        0x4 Middlewares/Third_Party/FreeRTOS/Source/tasks.o
 .bss.xPendingReadyList
                0x0000000020007430       0x14 Middlewares/Third_Party/FreeRTOS/Source/tasks.o
 .bss.xTasksWaitingTermination
                0x0000000020007444       0x14 Middlewares/Third_Party/FreeRTOS/Source/tasks.o
 .bss.uxDeletedTasksWaitingCleanUp
                0x0000000020007458        0x4 Middlewares/Third_Party/FreeRTOS/Source/tasks.o
 .bss.xSuspendedTaskList
                0x000000002000745c       0x14 Middlewares/Third_Party/FreeRTOS/Source/tasks.o
 .bss.uxCurrentNumberOfTasks
                0x0000000020007470        0x4 Middlewares/Third_Party/FreeRTOS/Source/tasks.o
 .bss.xTickCount
                0x0000000020007474        0x4 Middlewares/Third_Party/FreeRTOS/Source/tasks.o
 .bss.uxTopReadyPriority
                0x0000000020007478        0x4 Middlewares/Third_Party/FreeRTOS/Source/tasks.o
 .bss.xSchedulerRunning
                0x000000002000747c        0x4 Middlewares/Third_Party/FreeRTOS/Source/tasks.o
 .bss.xPendedTicks
                0x0000000020007480        0x4 Middlewares/Third_Party/FreeRTOS/Source/tasks.o
 .bss.xYieldPending
                0x0000000020007484        0x4 Middlewares/Third_Party/FreeRTOS/Source/tasks.o
 .bss.xNumOfOverflows
                0x0000000020007488        0x4 Middlewares/Third_Party/FreeRTOS/Source/tasks.o
 .bss.uxTaskNumber
                0x000000002000748c        0x4 Middlewares/Third_Party/FreeRTOS/Source/tasks.o
 .bss.xNextTaskUnblockTime
                0x0000000020007490        0x4 Middlewares/Third_Party/FreeRTOS/Source/tasks.o
 .bss.xIdleTaskHandle
                0x0000000020007494        0x4 Middlewares/Third_Party/FreeRTOS/Source/tasks.o
 .bss.uxSchedulerSuspended
                0x0000000020007498        0x4 Middlewares/Third_Party/FreeRTOS/Source/tasks.o
 .bss.ulTaskSwitchedInTime
                0x000000002000749c        0x4 Middlewares/Third_Party/FreeRTOS/Source/tasks.o
 .bss.ulTotalRunTime
                0x00000000200074a0        0x4 Middlewares/Third_Party/FreeRTOS/Source/tasks.o
 .bss.ucMaxSysCallPriority
                0x00000000200074a4        0x1 Middlewares/Third_Party/FreeRTOS/Source/portable/GCC/ARM_CM4F/port.o
 *fill*         0x00000000200074a5        0x3 
 .bss.ulMaxPRIGROUPValue
                0x00000000200074a8        0x4 Middlewares/Third_Party/FreeRTOS/Source/portable/GCC/ARM_CM4F/port.o
 *(COMMON)
 COMMON         0x00000000200074ac      0x450 Application/Src/can_comm.o
                0x00000000200074ac                can_current_msg
                0x00000000200074bc                TxMailbox
                0x00000000200074c0                RxData
                0x00000000200074c8                TxHeader
                0x00000000200074e0                RxHeader
                0x00000000200074fc                can_buffer
 COMMON         0x00000000200078fc       0x28 Core/Src/can.o
                0x00000000200078fc                hcan1
 COMMON         0x0000000020007924      0x25c Core/Src/freertos.o
                0x0000000020007924                defaultTaskHandle
                0x0000000020007928                defaultTaskBuffer
                0x0000000020007b28                defaultTaskControlBlock
 COMMON         0x0000000020007b80       0x4c Core/Src/quadspi.o
                0x0000000020007b80                hqspi
 COMMON         0x0000000020007bcc       0x48 Core/Src/stm32f4xx_hal_timebase_tim.o
                0x0000000020007bcc                htim1
 COMMON         0x0000000020007c14      0x120 Core/Src/tim.o
                0x0000000020007c14                htim8
                0x0000000020007c5c                htim5
                0x0000000020007ca4                htim3
                0x0000000020007cec                htim2
 COMMON         0x0000000020007d34      0x30c Core/Src/usart.o
                0x0000000020007d34                hdma_usart6_rx
                0x0000000020007d94                hdma_usart3_rx
                0x0000000020007df4                huart3
                0x0000000020007e38                hdma_usart3_tx
                0x0000000020007e98                hdma_usart1_tx
                0x0000000020007ef8                hdma_usart6_tx
                0x0000000020007f58                hdma_usart1_rx
                0x0000000020007fb8                huart1
                0x0000000020007ffc                huart6
 COMMON         0x0000000020008040        0x4 Drivers/STM32F4xx_HAL_Driver/Src/stm32f4xx_hal.o
                0x0000000020008040                uwTick
                0x0000000020008044                . = ALIGN (0x4)
                0x0000000020008044                _ebss = .
                0x0000000020008044                __bss_end__ = _ebss

._user_heap_stack
                0x0000000020008044      0x604 load address 0x000000000800b7e8
                0x0000000020008048                . = ALIGN (0x8)
 *fill*         0x0000000020008044        0x4 
                0x0000000020008048                PROVIDE (end = .)
                [!provide]                        PROVIDE (_end = .)
                0x0000000020008248                . = (. + _Min_Heap_Size)
 *fill*         0x0000000020008048      0x200 
                0x0000000020008648                . = (. + _Min_Stack_Size)
 *fill*         0x0000000020008248      0x400 
                0x0000000020008648                . = ALIGN (0x8)

/DISCARD/
 libc.a(*)
 libm.a(*)
 libgcc.a(*)

.ARM.attributes
                0x0000000000000000       0x30
 *(.ARM.attributes)
 .ARM.attributes
                0x0000000000000000       0x1e /opt/st/stm32cubeide_1.6.1/plugins/com.st.stm32cube.ide.mcu.externaltools.gnu-tools-for-stm32.9-2020-q2-update.linux64_1.5.0.202011040924/tools/bin/../lib/gcc/arm-none-eabi/9.3.1/thumb/v7e-m+fp/hard/crti.o
 .ARM.attributes
                0x000000000000001e       0x34 /opt/st/stm32cubeide_1.6.1/plugins/com.st.stm32cube.ide.mcu.externaltools.gnu-tools-for-stm32.9-2020-q2-update.linux64_1.5.0.202011040924/tools/bin/../lib/gcc/arm-none-eabi/9.3.1/thumb/v7e-m+fp/hard/crtbegin.o
 .ARM.attributes
                0x0000000000000052       0x34 Application/Src/can_comm.o
 .ARM.attributes
                0x0000000000000086       0x34 Application/Src/cm4.o
 .ARM.attributes
                0x00000000000000ba       0x34 Application/Src/control.o
 .ARM.attributes
                0x00000000000000ee       0x34 Application/Src/debug.o
 .ARM.attributes
                0x0000000000000122       0x34 Application/Src/led.o
 .ARM.attributes
                0x0000000000000156       0x34 Application/Src/msv2.o
 .ARM.attributes
                0x000000000000018a       0x34 Application/Src/serial.o
 .ARM.attributes
                0x00000000000001be       0x34 Application/Src/storage.o
 .ARM.attributes
                0x00000000000001f2       0x34 Application/Src/threads.o
 .ARM.attributes
                0x0000000000000226       0x34 Core/Src/can.o
 .ARM.attributes
                0x000000000000025a       0x34 Core/Src/dma.o
 .ARM.attributes
                0x000000000000028e       0x34 Core/Src/freertos.o
 .ARM.attributes
                0x00000000000002c2       0x34 Core/Src/gpio.o
 .ARM.attributes
                0x00000000000002f6       0x34 Core/Src/main.o
 .ARM.attributes
                0x000000000000032a       0x34 Core/Src/quadspi.o
 .ARM.attributes
                0x000000000000035e       0x34 Core/Src/stm32f4xx_hal_msp.o
 .ARM.attributes
                0x0000000000000392       0x34 Core/Src/stm32f4xx_hal_timebase_tim.o
 .ARM.attributes
                0x00000000000003c6       0x34 Core/Src/stm32f4xx_it.o
 .ARM.attributes
                0x00000000000003fa       0x34 Core/Src/system_stm32f4xx.o
 .ARM.attributes
                0x000000000000042e       0x34 Core/Src/tim.o
 .ARM.attributes
                0x0000000000000462       0x34 Core/Src/usart.o
 .ARM.attributes
                0x0000000000000496       0x21 Core/Startup/startup_stm32f446retx.o
 .ARM.attributes
                0x00000000000004b7       0x34 Drivers/STM32F4xx_HAL_Driver/Src/stm32f4xx_hal.o
 .ARM.attributes
                0x00000000000004eb       0x34 Drivers/STM32F4xx_HAL_Driver/Src/stm32f4xx_hal_can.o
 .ARM.attributes
                0x000000000000051f       0x34 Drivers/STM32F4xx_HAL_Driver/Src/stm32f4xx_hal_cortex.o
 .ARM.attributes
                0x0000000000000553       0x34 Drivers/STM32F4xx_HAL_Driver/Src/stm32f4xx_hal_dma.o
 .ARM.attributes
                0x0000000000000587       0x34 Drivers/STM32F4xx_HAL_Driver/Src/stm32f4xx_hal_gpio.o
 .ARM.attributes
                0x00000000000005bb       0x34 Drivers/STM32F4xx_HAL_Driver/Src/stm32f4xx_hal_qspi.o
 .ARM.attributes
                0x00000000000005ef       0x34 Drivers/STM32F4xx_HAL_Driver/Src/stm32f4xx_hal_rcc.o
 .ARM.attributes
                0x0000000000000623       0x34 Drivers/STM32F4xx_HAL_Driver/Src/stm32f4xx_hal_rcc_ex.o
 .ARM.attributes
                0x0000000000000657       0x34 Drivers/STM32F4xx_HAL_Driver/Src/stm32f4xx_hal_tim.o
 .ARM.attributes
                0x000000000000068b       0x34 Drivers/STM32F4xx_HAL_Driver/Src/stm32f4xx_hal_tim_ex.o
 .ARM.attributes
                0x00000000000006bf       0x34 Drivers/STM32F4xx_HAL_Driver/Src/stm32f4xx_hal_uart.o
 .ARM.attributes
                0x00000000000006f3       0x34 FlashAPI/Src/io_driver.o
 .ARM.attributes
                0x0000000000000727       0x34 FlashAPI/Src/qspi_driver.o
 .ARM.attributes
                0x000000000000075b       0x34 Middlewares/Third_Party/FreeRTOS/Source/CMSIS_RTOS/cmsis_os.o
 .ARM.attributes
                0x000000000000078f       0x34 Middlewares/Third_Party/FreeRTOS/Source/list.o
 .ARM.attributes
                0x00000000000007c3       0x34 Middlewares/Third_Party/FreeRTOS/Source/queue.o
 .ARM.attributes
                0x00000000000007f7       0x34 Middlewares/Third_Party/FreeRTOS/Source/tasks.o
 .ARM.attributes
                0x000000000000082b       0x34 Middlewares/Third_Party/FreeRTOS/Source/portable/GCC/ARM_CM4F/port.o
 .ARM.attributes