Archive member included to satisfy reference by file (symbol)

c:/st/stm32cubeide_1.6.1/stm32cubeide/plugins/com.st.stm32cube.ide.mcu.externaltools.gnu-tools-for-stm32.9-2020-q2-update.win32_1.5.0.202011040924/tools/bin/../lib/gcc/arm-none-eabi/9.3.1/../../../../arm-none-eabi/lib/thumb/v7e-m+fp/hard\libc_nano.a(lib_a-errno.o)
                              Core/Src/syscalls.o (__errno)
c:/st/stm32cubeide_1.6.1/stm32cubeide/plugins/com.st.stm32cube.ide.mcu.externaltools.gnu-tools-for-stm32.9-2020-q2-update.win32_1.5.0.202011040924/tools/bin/../lib/gcc/arm-none-eabi/9.3.1/../../../../arm-none-eabi/lib/thumb/v7e-m+fp/hard\libc_nano.a(lib_a-exit.o)
                              c:/st/stm32cubeide_1.6.1/stm32cubeide/plugins/com.st.stm32cube.ide.mcu.externaltools.gnu-tools-for-stm32.9-2020-q2-update.win32_1.5.0.202011040924/tools/bin/../lib/gcc/arm-none-eabi/9.3.1/../../../../arm-none-eabi/lib/thumb/v7e-m+fp/hard/crt0.o (exit)
c:/st/stm32cubeide_1.6.1/stm32cubeide/plugins/com.st.stm32cube.ide.mcu.externaltools.gnu-tools-for-stm32.9-2020-q2-update.win32_1.5.0.202011040924/tools/bin/../lib/gcc/arm-none-eabi/9.3.1/../../../../arm-none-eabi/lib/thumb/v7e-m+fp/hard\libc_nano.a(lib_a-impure.o)
                              c:/st/stm32cubeide_1.6.1/stm32cubeide/plugins/com.st.stm32cube.ide.mcu.externaltools.gnu-tools-for-stm32.9-2020-q2-update.win32_1.5.0.202011040924/tools/bin/../lib/gcc/arm-none-eabi/9.3.1/../../../../arm-none-eabi/lib/thumb/v7e-m+fp/hard\libc_nano.a(lib_a-exit.o) (_global_impure_ptr)
c:/st/stm32cubeide_1.6.1/stm32cubeide/plugins/com.st.stm32cube.ide.mcu.externaltools.gnu-tools-for-stm32.9-2020-q2-update.win32_1.5.0.202011040924/tools/bin/../lib/gcc/arm-none-eabi/9.3.1/../../../../arm-none-eabi/lib/thumb/v7e-m+fp/hard\libc_nano.a(lib_a-init.o)
                              c:/st/stm32cubeide_1.6.1/stm32cubeide/plugins/com.st.stm32cube.ide.mcu.externaltools.gnu-tools-for-stm32.9-2020-q2-update.win32_1.5.0.202011040924/tools/bin/../lib/gcc/arm-none-eabi/9.3.1/../../../../arm-none-eabi/lib/thumb/v7e-m+fp/hard/crt0.o (__libc_init_array)
c:/st/stm32cubeide_1.6.1/stm32cubeide/plugins/com.st.stm32cube.ide.mcu.externaltools.gnu-tools-for-stm32.9-2020-q2-update.win32_1.5.0.202011040924/tools/bin/../lib/gcc/arm-none-eabi/9.3.1/../../../../arm-none-eabi/lib/thumb/v7e-m+fp/hard\libc_nano.a(lib_a-memcpy-stub.o)
                              Application/Src/dsv2.o (memcpy)
c:/st/stm32cubeide_1.6.1/stm32cubeide/plugins/com.st.stm32cube.ide.mcu.externaltools.gnu-tools-for-stm32.9-2020-q2-update.win32_1.5.0.202011040924/tools/bin/../lib/gcc/arm-none-eabi/9.3.1/../../../../arm-none-eabi/lib/thumb/v7e-m+fp/hard\libc_nano.a(lib_a-memset.o)
                              c:/st/stm32cubeide_1.6.1/stm32cubeide/plugins/com.st.stm32cube.ide.mcu.externaltools.gnu-tools-for-stm32.9-2020-q2-update.win32_1.5.0.202011040924/tools/bin/../lib/gcc/arm-none-eabi/9.3.1/../../../../arm-none-eabi/lib/thumb/v7e-m+fp/hard/crt0.o (memset)
c:/st/stm32cubeide_1.6.1/stm32cubeide/plugins/com.st.stm32cube.ide.mcu.externaltools.gnu-tools-for-stm32.9-2020-q2-update.win32_1.5.0.202011040924/tools/bin/../lib/gcc/arm-none-eabi/9.3.1/thumb/v7e-m+fp/hard\libgcc.a(_aeabi_uldivmod.o)
                              Drivers/STM32F4xx_HAL_Driver/Src/stm32f4xx_hal_rcc.o (__aeabi_uldivmod)
c:/st/stm32cubeide_1.6.1/stm32cubeide/plugins/com.st.stm32cube.ide.mcu.externaltools.gnu-tools-for-stm32.9-2020-q2-update.win32_1.5.0.202011040924/tools/bin/../lib/gcc/arm-none-eabi/9.3.1/thumb/v7e-m+fp/hard\libgcc.a(_udivmoddi4.o)
                              c:/st/stm32cubeide_1.6.1/stm32cubeide/plugins/com.st.stm32cube.ide.mcu.externaltools.gnu-tools-for-stm32.9-2020-q2-update.win32_1.5.0.202011040924/tools/bin/../lib/gcc/arm-none-eabi/9.3.1/thumb/v7e-m+fp/hard\libgcc.a(_aeabi_uldivmod.o) (__udivmoddi4)
c:/st/stm32cubeide_1.6.1/stm32cubeide/plugins/com.st.stm32cube.ide.mcu.externaltools.gnu-tools-for-stm32.9-2020-q2-update.win32_1.5.0.202011040924/tools/bin/../lib/gcc/arm-none-eabi/9.3.1/thumb/v7e-m+fp/hard\libgcc.a(_dvmd_tls.o)
                              c:/st/stm32cubeide_1.6.1/stm32cubeide/plugins/com.st.stm32cube.ide.mcu.externaltools.gnu-tools-for-stm32.9-2020-q2-update.win32_1.5.0.202011040924/tools/bin/../lib/gcc/arm-none-eabi/9.3.1/thumb/v7e-m+fp/hard\libgcc.a(_aeabi_uldivmod.o) (__aeabi_ldiv0)

Allocating common symbols
Common symbol       size              file

defaultTaskHandle   0x4               Core/Src/freertos.o
hdma_usart6_rx      0x60              Core/Src/usart.o
htim8               0x40              Core/Src/tim.o
hdma_usart3_rx      0x60              Core/Src/usart.o
huart3              0x40              Core/Src/usart.o
uwTick              0x4               Drivers/STM32F4xx_HAL_Driver/Src/stm32f4xx_hal.o
xQueueRegistry      0x40              Middlewares/Third_Party/FreeRTOS/Source/queue.o
hdma_usart3_tx      0x60              Core/Src/usart.o
pFlash              0x20              Drivers/STM32F4xx_HAL_Driver/Src/stm32f4xx_hal_flash.o
[...]
Memory Configuration

Name             Origin             Length             Attributes
RAM              0x0000000020000000 0x0000000000020000 xrw
FLASH            0x0000000008000000 0x0000000000080000 xr
*default*        0x0000000000000000 0xffffffffffffffff

Linker script and memory map

LOAD c:/st/stm32cubeide_1.6.1/stm32cubeide/plugins/com.st.stm32cube.ide.mcu.externaltools.gnu-tools-for-stm32.9-2020-q2-update.win32_1.5.0.202011040924/tools/bin/../lib/gcc/arm-none-eabi/9.3.1/thumb/v7e-m+fp/hard/crti.o
LOAD c:/st/stm32cubeide_1.6.1/stm32cubeide/plugins/com.st.stm32cube.ide.mcu.externaltools.gnu-tools-for-stm32.9-2020-q2-update.win32_1.5.0.202011040924/tools/bin/../lib/gcc/arm-none-eabi/9.3.1/thumb/v7e-m+fp/hard/crtbegin.o
LOAD c:/st/stm32cubeide_1.6.1/stm32cubeide/plugins/com.st.stm32cube.ide.mcu.externaltools.gnu-tools-for-stm32.9-2020-q2-update.win32_1.5.0.202011040924/tools/bin/../lib/gcc/arm-none-eabi/9.3.1/../../../../arm-none-eabi/lib/thumb/v7e-m+fp/hard/crt0.o
LOAD Application/Src/can_comm.o
LOAD Application/Src/cm4.o
LOAD Application/Src/control.o
LOAD Application/Src/debug.o
LOAD Application/Src/dsv2.o
LOAD Application/Src/feedback.o
LOAD Application/Src/led.o
LOAD Application/Src/msv2.o
LOAD Application/Src/serial.o
LOAD Application/Src/servo.o
LOAD Application/Src/storage.o
LOAD Application/Src/threads.o
LOAD Core/Src/can.o
LOAD Core/Src/dma.o
LOAD Core/Src/freertos.o
LOAD Core/Src/gpio.o
LOAD Core/Src/main.o
LOAD Core/Src/quadspi.o
LOAD Core/Src/stm32f4xx_hal_msp.o
LOAD Core/Src/stm32f4xx_hal_timebase_tim.o
LOAD Core/Src/stm32f4xx_it.o
LOAD Core/Src/syscalls.o
LOAD Core/Src/sysmem.o
LOAD Core/Src/system_stm32f4xx.o
LOAD Core/Src/tim.o
LOAD Core/Src/usart.o
LOAD Core/Startup/startup_stm32f446retx.o
LOAD Drivers/STM32F4xx_HAL_Driver/Src/stm32f4xx_hal.o
LOAD Drivers/STM32F4xx_HAL_Driver/Src/stm32f4xx_hal_can.o
LOAD Drivers/STM32F4xx_HAL_Driver/Src/stm32f4xx_hal_cortex.o
LOAD Drivers/STM32F4xx_HAL_Driver/Src/stm32f4xx_hal_dma.o
LOAD Drivers/STM32F4xx_HAL_Driver/Src/stm32f4xx_hal_dma_ex.o
LOAD Drivers/STM32F4xx_HAL_Driver/Src/stm32f4xx_hal_exti.o
LOAD Drivers/STM32F4xx_HAL_Driver/Src/stm32f4xx_hal_flash.o
LOAD Drivers/STM32F4xx_HAL_Driver/Src/stm32f4xx_hal_flash_ex.o
LOAD Drivers/STM32F4xx_HAL_Driver/Src/stm32f4xx_hal_flash_ramfunc.o
LOAD Drivers/STM32F4xx_HAL_Driver/Src/stm32f4xx_hal_gpio.o
LOAD Drivers/STM32F4xx_HAL_Driver/Src/stm32f4xx_hal_pwr.o
LOAD Drivers/STM32F4xx_HAL_Driver/Src/stm32f4xx_hal_pwr_ex.o
LOAD Drivers/STM32F4xx_HAL_Driver/Src/stm32f4xx_hal_qspi.o
LOAD Drivers/STM32F4xx_HAL_Driver/Src/stm32f4xx_hal_rcc.o
LOAD Drivers/STM32F4xx_HAL_Driver/Src/stm32f4xx_hal_rcc_ex.o
LOAD Drivers/STM32F4xx_HAL_Driver/Src/stm32f4xx_hal_tim.o
LOAD Drivers/STM32F4xx_HAL_Driver/Src/stm32f4xx_hal_tim_ex.o
LOAD Drivers/STM32F4xx_HAL_Driver/Src/stm32f4xx_hal_uart.o
LOAD FlashAPI/Src/io_driver.o
LOAD FlashAPI/Src/qspi_driver.o
LOAD Middlewares/Third_Party/FreeRTOS/Source/CMSIS_RTOS/cmsis_os.o
LOAD Middlewares/Third_Party/FreeRTOS/Source/croutine.o
LOAD Middlewares/Third_Party/FreeRTOS/Source/event_groups.o
LOAD Middlewares/Third_Party/FreeRTOS/Source/list.o
LOAD Middlewares/Third_Party/FreeRTOS/Source/queue.o
LOAD Middlewares/Third_Party/FreeRTOS/Source/stream_buffer.o
LOAD Middlewares/Third_Party/FreeRTOS/Source/tasks.o
LOAD Middlewares/Third_Party/FreeRTOS/Source/timers.o
LOAD Middlewares/Third_Party/FreeRTOS/Source/portable/GCC/ARM_CM4F/port.o
START GROUP
LOAD c:/st/stm32cubeide_1.6.1/stm32cubeide/plugins/com.st.stm32cube.ide.mcu.externaltools.gnu-tools-for-stm32.9-2020-q2-update.win32_1.5.0.202011040924/tools/bin/../lib/gcc/arm-none-eabi/9.3.1/../../../../arm-none-eabi/lib/thumb/v7e-m+fp/hard\libc_nano.a
LOAD c:/st/stm32cubeide_1.6.1/stm32cubeide/plugins/com.st.stm32cube.ide.mcu.externaltools.gnu-tools-for-stm32.9-2020-q2-update.win32_1.5.0.202011040924/tools/bin/../lib/gcc/arm-none-eabi/9.3.1/../../../../arm-none-eabi/lib/thumb/v7e-m+fp/hard\libm.a
END GROUP
START GROUP
LOAD c:/st/stm32cubeide_1.6.1/stm32cubeide/plugins/com.st.stm32cube.ide.mcu.externaltools.gnu-tools-for-stm32.9-2020-q2-update.win32_1.5.0.202011040924/tools/bin/../lib/gcc/arm-none-eabi/9.3.1/thumb/v7e-m+fp/hard\libgcc.a
LOAD c:/st/stm32cubeide_1.6.1/stm32cubeide/plugins/com.st.stm32cube.ide.mcu.externaltools.gnu-tools-for-stm32.9-2020-q2-update.win32_1.5.0.202011040924/tools/bin/../lib/gcc/arm-none-eabi/9.3.1/../../../../arm-none-eabi/lib/thumb/v7e-m+fp/hard\libc_nano.a
END GROUP
START GROUP
LOAD c:/st/stm32cubeide_1.6.1/stm32cubeide/plugins/com.st.stm32cube.ide.mcu.externaltools.gnu-tools-for-stm32.9-2020-q2-update.win32_1.5.0.202011040924/tools/bin/../lib/gcc/arm-none-eabi/9.3.1/thumb/v7e-m+fp/hard\libgcc.a
LOAD c:/st/stm32cubeide_1.6.1/stm32cubeide/plugins/com.st.stm32cube.ide.mcu.externaltools.gnu-tools-for-stm32.9-2020-q2-update.win32_1.5.0.202011040924/tools/bin/../lib/gcc/arm-none-eabi/9.3.1/../../../../arm-none-eabi/lib/thumb/v7e-m+fp/hard\libc_nano.a
LOAD c:/st/stm32cubeide_1.6.1/stm32cubeide/plugins/com.st.stm32cube.ide.mcu.externaltools.gnu-tools-for-stm32.9-2020-q2-update.win32_1.5.0.202011040924/tools/bin/../lib/gcc/arm-none-eabi/9.3.1/../../../../arm-none-eabi/lib/thumb/v7e-m+fp/hard\libnosys.a
END GROUP
START GROUP
LOAD c:/st/stm32cubeide_1.6.1/stm32cubeide/plugins/com.st.stm32cube.ide.mcu.externaltools.gnu-tools-for-stm32.9-2020-q2-update.win32_1.5.0.202011040924/tools/bin/../lib/gcc/arm-none-eabi/9.3.1/thumb/v7e-m+fp/hard\libgcc.a
LOAD c:/st/stm32cubeide_1.6.1/stm32cubeide/plugins/com.st.stm32cube.ide.mcu.externaltools.gnu-tools-for-stm32.9-2020-q2-update.win32_1.5.0.202011040924/tools/bin/../lib/gcc/arm-none-eabi/9.3.1/../../../../arm-none-eabi/lib/thumb/v7e-m+fp/hard\libc_nano.a
LOAD c:/st/stm32cubeide_1.6.1/stm32cubeide/plugins/com.st.stm32cube.ide.mcu.externaltools.gnu-tools-for-stm32.9-2020-q2-update.win32_1.5.0.202011040924/tools/bin/../lib/gcc/arm-none-eabi/9.3.1/../../../../arm-none-eabi/lib/thumb/v7e-m+fp/hard\libnosys.a
END GROUP
LOAD c:/st/stm32cubeide_1.6.1/stm32cubeide/plugins/com.st.stm32cube.ide.mcu.externaltools.gnu-tools-for-stm32.9-2020-q2-update.win32_1.5.0.202011040924/tools/bin/../lib/gcc/arm-none-eabi/9.3.1/thumb/v7e-m+fp/hard/crtend.o
LOAD c:/st/stm32cubeide_1.6.1/stm32cubeide/plugins/com.st.stm32cube.ide.mcu.externaltools.gnu-tools-for-stm32.9-2020-q2-update.win32_1.5.0.202011040924/tools/bin/../lib/gcc/arm-none-eabi/9.3.1/thumb/v7e-m+fp/hard/crtn.o
                0x0000000020020000                _estack = (ORIGIN (RAM) + LENGTH (RAM))
                0x0000000000000200                _Min_Heap_Size = 0x200
                0x0000000000000400                _Min_Stack_Size = 0x400

.isr_vector     0x0000000008000000      0x1c4
                0x0000000008000000                . = ALIGN (0x4)
 *(.isr_vector)
 .isr_vector    0x0000000008000000      0x1c4 Core/Startup/startup_stm32f446retx.o
                0x0000000008000000                g_pfnVectors
                0x00000000080001c4                . = ALIGN (0x4)

.text           0x00000000080001d0     0xb2a4
                0x00000000080001d0                . = ALIGN (0x4)
 *(.text)
 .text          0x00000000080001d0       0x40 c:/st/stm32cubeide_1.6.1/stm32cubeide/plugins/com.st.stm32cube.ide.mcu.externaltools.gnu-tools-for-stm32.9-2020-q2-update.win32_1.5.0.202011040924/tools/bin/../lib/gcc/arm-none-eabi/9.3.1/thumb/v7e-m+fp/hard/crtbegin.o
 .text          0x0000000008000210       0x30 c:/st/stm32cubeide_1.6.1/stm32cubeide/plugins/com.st.stm32cube.ide.mcu.externaltools.gnu-tools-for-stm32.9-2020-q2-update.win32_1.5.0.202011040924/tools/bin/../lib/gcc/arm-none-eabi/9.3.1/thumb/v7e-m+fp/hard\libgcc.a(_aeabi_uldivmod.o)
                0x0000000008000210                __aeabi_uldivmod
 .text          0x0000000008000240      0x2c4 c:/st/stm32cubeide_1.6.1/stm32cubeide/plugins/com.st.stm32cube.ide.mcu.externaltools.gnu-tools-for-stm32.9-2020-q2-update.win32_1.5.0.202011040924/tools/bin/../lib/gcc/arm-none-eabi/9.3.1/thumb/v7e-m+fp/hard\libgcc.a(_udivmoddi4.o)
                0x0000000008000240                __udivmoddi4
 .text          0x0000000008000504        0x4 c:/st/stm32cubeide_1.6.1/stm32cubeide/plugins/com.st.stm32cube.ide.mcu.externaltools.gnu-tools-for-stm32.9-2020-q2-update.win32_1.5.0.202011040924/tools/bin/../lib/gcc/arm-none-eabi/9.3.1/thumb/v7e-m+fp/hard\libgcc.a(_dvmd_tls.o)
                0x0000000008000504                __aeabi_idiv0
                0x0000000008000504                __aeabi_ldiv0
 *(.text*)
 .text.pointer_inc
                0x0000000008000508       0x28 Application/Src/can_comm.o
                0x0000000008000508                pointer_inc
 .text.can_addMsg
                0x0000000008000530       0x68 Application/Src/can_comm.o
                0x0000000008000530                can_addMsg
 .text.CAN_Config
                0x0000000008000598       0x80 Application/Src/can_comm.o
                0x0000000008000598                CAN_Config
 .text.HAL_CAN_RxFifo0MsgPendingCallback
                0x0000000008000618       0x20 Application/Src/can_comm.o
                0x0000000008000618                HAL_CAN_RxFifo0MsgPendingCallback
 .text.can_msgPending
                0x0000000008000638       0x34 Application/Src/can_comm.o
                0x0000000008000638                can_msgPending
 .text.can_readBuffer
                0x000000000800066c       0x68 Application/Src/can_comm.o
                0x000000000800066c                can_readBuffer
 .text.can_readFrame
                0x00000000080006d4       0xc4 Application/Src/can_comm.o
                0x00000000080006d4                can_readFrame
 .text.can_init
                0x0000000008000798        0xe Application/Src/can_comm.o
                0x0000000008000798                can_init
 *fill*         0x00000000080007a6        0x2 
 .text.can_send_thread
                0x00000000080007a8       0x28 Application/Src/can_comm.o
                0x00000000080007a8                can_send_thread
 .text.cm4_global_init
                0x00000000080007d0       0x20 Application/Src/cm4.o
                0x00000000080007d0                cm4_global_init
 .text.cm4_init
                0x00000000080007f0       0x68 Application/Src/cm4.o
                0x00000000080007f0                cm4_init
 .text.cm4_decode_fcn
                0x0000000008000858       0x4c Application/Src/cm4.o
                0x0000000008000858                cm4_decode_fcn
 .text.cm4_send
                0x00000000080008a4       0x7e Application/Src/cm4.o
                0x00000000080008a4                cm4_send
 .text.cm4_ping
                0x0000000008000922       0x3c Application/Src/cm4.o
                0x0000000008000922                cm4_ping
 .text.cm4_boot
                0x000000000800095e       0x16 Application/Src/cm4.o
                0x000000000800095e                cm4_boot
 .text.cm4_is_ready
                0x0000000008000974       0x40 Application/Src/cm4.o
                0x0000000008000974                cm4_is_ready
 .text.cm4_shutdown
                0x00000000080009b4       0x2e Application/Src/cm4.o
                0x00000000080009b4                cm4_shutdown
 .text.cm4_is_shutdown
                0x00000000080009e2       0x3c Application/Src/cm4.o
                0x00000000080009e2                cm4_is_shutdown
 *fill*         0x0000000008000a1e        0x2 
 .text.is_booted
                0x0000000008000a20       0x24 Application/Src/cm4.o
 .text.allow_boot
                0x0000000008000a44       0x1c Application/Src/cm4.o
 .text.hold_boot
                0x0000000008000a60       0x1c Application/Src/cm4.o
 .text.control_thread
                0x0000000008000a7c       0xe8 Application/Src/control.o
                0x0000000008000a7c                control_thread
 .text.control_update
                0x0000000008000b64       0x92 Application/Src/control.o
 .text.init_control
                0x0000000008000bf6       0x22 Application/Src/control.o
 .text.init_idle
                0x0000000008000c18       0x24 Application/Src/control.o
 .text.idle     0x0000000008000c3c       0x52 Application/Src/control.o
 .text.init_boot
                0x0000000008000c8e       0x2a Application/Src/control.o
 .text.boot     0x0000000008000cb8       0x30 Application/Src/control.o
 .text.init_compute
                0x0000000008000ce8       0x20 Application/Src/control.o
 .text.compute  0x0000000008000d08       0x2c Application/Src/control.o
 .text.init_shutdown
                0x0000000008000d34       0x2a Application/Src/control.o
 .text.shutdown
                0x0000000008000d5e       0x30 Application/Src/control.o
 .text.init_abort
                0x0000000008000d8e       0x40 Application/Src/control.o
 .text._abort   0x0000000008000dce       0x2c Application/Src/control.o
 .text.init_error
                0x0000000008000dfa       0x2a Application/Src/control.o
 .text.error    0x0000000008000e24       0x2c Application/Src/control.o
 .text.control_move_tvc
                0x0000000008000e50       0x24 Application/Src/control.o
                0x0000000008000e50                control_move_tvc
 .text.control_boot
                0x0000000008000e74       0x14 Application/Src/control.o
                0x0000000008000e74                control_boot
 .text.control_shutdown
                0x0000000008000e88       0x14 Application/Src/control.o
                0x0000000008000e88                control_shutdown
 .text.control_abort
                0x0000000008000e9c       0x14 Application/Src/control.o
                0x0000000008000e9c                control_abort
 .text.control_recover
                0x0000000008000eb0       0x14 Application/Src/control.o
                0x0000000008000eb0                control_recover
 .text.control_get_status
                0x0000000008000ec4       0x7c Application/Src/control.o
                0x0000000008000ec4                control_get_status
 .text.control_sched_should_run
                0x0000000008000f40       0x2a Application/Src/control.o
 .text.control_sched_done
                0x0000000008000f6a       0x30 Application/Src/control.o
 *fill*         0x0000000008000f9a        0x2 
 .text.control_sched_set
                0x0000000008000f9c       0x6c Application/Src/control.o
 .text.util_encode_u8
                0x0000000008001008       0x36 Application/Src/debug.o
 .text.util_encode_u16
                0x000000000800103e       0x3e Application/Src/debug.o
 .text.util_encode_u32
                0x000000000800107c       0x42 Application/Src/debug.o
 .text.util_encode_i8
                0x00000000080010be       0x36 Application/Src/debug.o
 .text.util_encode_i32
                0x00000000080010f4       0x42 Application/Src/debug.o
 .text.util_decode_u32
                0x0000000008001136       0x38 Application/Src/debug.o
 .text.util_decode_i32
                0x000000000800116e       0x38 Application/Src/debug.o
 *fill*         0x00000000080011a6        0x2 
 .text.debug_decode_fcn
                0x00000000080011a8      0x104 Application/Src/debug.o
                0x00000000080011a8                debug_decode_fcn
 .text.debug_init
                0x00000000080012ac       0x48 Application/Src/debug.o
                0x00000000080012ac                debug_init
 .text.debug_get_status
                0x00000000080012f4       0x9a Application/Src/debug.o
 .text.debug_boot
                0x000000000800138e       0x30 Application/Src/debug.o
 .text.debug_shutdown
                0x00000000080013be       0x30 Application/Src/debug.o
 .text.debug_download
                0x00000000080013ee       0x56 Application/Src/debug.o
 .text.debug_tvc_move
                0x0000000008001444       0x56 Application/Src/debug.o
 .text.debug_abort
                0x000000000800149a       0x30 Application/Src/debug.o
 .text.debug_recover
                0x00000000080014ca       0x30 Application/Src/debug.o
 *fill*         0x00000000080014fa        0x2 
 .text.calc_crc
                0x00000000080014fc       0x9c Application/Src/dsv2.o
 .text.dsv2_init
                0x0000000008001598       0x28 Application/Src/dsv2.o
                0x0000000008001598                dsv2_init
 .text.dsv2_create_frame
                0x00000000080015c0       0xe4 Application/Src/dsv2.o
                0x00000000080015c0                dsv2_create_frame
 .text.dsv2_decode_fragment
                0x00000000080016a4      0x20c Application/Src/dsv2.o
                0x00000000080016a4                dsv2_decode_fragment
 .text.dsv2_rx_data
                0x00000000080018b0       0x18 Application/Src/dsv2.o
                0x00000000080018b0                dsv2_rx_data
 .text.dsv2_tx_data
                0x00000000080018c8       0x1a Application/Src/dsv2.o
                0x00000000080018c8                dsv2_tx_data
 *fill*         0x00000000080018e2        0x2 
 .text.led_init
                0x00000000080018e4       0x48 Application/Src/led.o
                0x00000000080018e4                led_init
 .text.led_set_color
                0x000000000800192c       0x3c Application/Src/led.o
                0x000000000800192c                led_set_color
 .text.calc_field_CRC
                0x0000000008001968       0x7c Application/Src/msv2.o
 .text.msv2_init
                0x00000000080019e4       0x28 Application/Src/msv2.o
                0x00000000080019e4                msv2_init
 .text.msv2_create_frame
                0x0000000008001a0c      0x1cc Application/Src/msv2.o
                0x0000000008001a0c                msv2_create_frame
 .text.msv2_decode_fragment
                0x0000000008001bd8      0x1e8 Application/Src/msv2.o
                0x0000000008001bd8                msv2_decode_fragment
 .text.msv2_tx_data
                0x0000000008001dc0       0x1a Application/Src/msv2.o
                0x0000000008001dc0                msv2_tx_data
 .text.util_buffer_u8_init
                0x0000000008001dda       0x32 Application/Src/serial.o
 .text.util_buffer_u8_add
                0x0000000008001e0c       0x40 Application/Src/serial.o
 .text.util_buffer_u8_get
                0x0000000008001e4c       0x3e Application/Src/serial.o
 .text.util_buffer_u8_isempty
                0x0000000008001e8a       0x26 Application/Src/serial.o
 .text.HAL_UART_RxCpltCallback
                0x0000000008001eb0       0x98 Application/Src/serial.o
                0x0000000008001eb0                HAL_UART_RxCpltCallback
 .text.HAL_UART_ErrorCallback
                0x0000000008001f48       0x18 Application/Src/serial.o
                0x0000000008001f48                HAL_UART_ErrorCallback
 .text.serial_global_init
                0x0000000008001f60       0x2c Application/Src/serial.o
                0x0000000008001f60                serial_global_init
 .text.serial_init
                0x0000000008001f8c       0x80 Application/Src/serial.o
                0x0000000008001f8c                serial_init
 .text.serial_send
                0x000000000800200c       0x24 Application/Src/serial.o
                0x000000000800200c                serial_send
 .text.serial_garbage_clean
                0x0000000008002030       0x22 Application/Src/serial.o
                0x0000000008002030                serial_garbage_clean
 *fill*         0x0000000008002052        0x2 
 .text.serial_thread
                0x0000000008002054       0x88 Application/Src/serial.o
                0x0000000008002054                serial_thread
 .text.util_encode_u8
                0x00000000080020dc       0x36 Application/Src/servo.o
 .text.util_encode_i32
                0x0000000008002112       0x42 Application/Src/servo.o
 .text.util_decode_u8
                0x0000000008002154       0x18 Application/Src/servo.o
 .text.util_decode_u16
                0x000000000800216c       0x2a Application/Src/servo.o
 .text.util_decode_i8
                0x0000000008002196       0x1a Application/Src/servo.o
 .text.util_decode_i32
                0x00000000080021b0       0x38 Application/Src/servo.o
 .text.servo_init
                0x00000000080021e8       0x74 Application/Src/servo.o
                0x00000000080021e8                servo_init
 .text.servo_global_init
                0x000000000800225c       0x40 Application/Src/servo.o
                0x000000000800225c                servo_global_init
 .text.servo_decode_fcn
                0x000000000800229c       0x90 Application/Src/servo.o
                0x000000000800229c                servo_decode_fcn
 .text.servo_read
                0x000000000800232c      0x128 Application/Src/servo.o
                0x000000000800232c                servo_read
 .text.servo_write
                0x0000000008002454      0x114 Application/Src/servo.o
                0x0000000008002454                servo_write
 .text.servo_write_u8
                0x0000000008002568       0x3e Application/Src/servo.o
                0x0000000008002568                servo_write_u8
 .text.servo_write_i32
                0x00000000080025a6       0x3a Application/Src/servo.o
                0x00000000080025a6                servo_write_i32
 .text.servo_read_u8
                0x00000000080025e0       0x44 Application/Src/servo.o
                0x00000000080025e0                servo_read_u8
 .text.servo_read_u16
                0x0000000008002624       0x44 Application/Src/servo.o
                0x0000000008002624                servo_read_u16
 .text.servo_read_i8
                0x0000000008002668       0x44 Application/Src/servo.o
                0x0000000008002668                servo_read_i8
 .text.servo_read_i32
                0x00000000080026ac       0x42 Application/Src/servo.o
                0x00000000080026ac                servo_read_i32
 .text.servo_sync
                0x00000000080026ee       0x8e Application/Src/servo.o
                0x00000000080026ee                servo_sync
 .text.servo_config
                0x000000000800277c       0x78 Application/Src/servo.o
                0x000000000800277c                servo_config
 .text.servo_move
                0x00000000080027f4       0x48 Application/Src/servo.o
                0x00000000080027f4                servo_move
 .text.storage_init
                0x000000000800283c      0x108 Application/Src/storage.o
                0x000000000800283c                storage_init
 .text.write_header_used
                0x0000000008002944       0x48 Application/Src/storage.o
 .text.read_data
                0x000000000800298c       0x3c Application/Src/storage.o
 .text.storage_get_used
                0x00000000080029c8       0x18 Application/Src/storage.o
                0x00000000080029c8                storage_get_used
 .text.storage_get_sample
                0x00000000080029e0       0x2e Application/Src/storage.o
                0x00000000080029e0                storage_get_sample
 *fill*         0x0000000008002a0e        0x2 
 .text.storage_disable
                0x0000000008002a10       0x1c Application/Src/storage.o
                0x0000000008002a10                storage_disable
 .text.storage_thread
                0x0000000008002a2c       0x98 Application/Src/storage.o
                0x0000000008002a2c                storage_thread
 .text.threads_init
                0x0000000008002ac4       0xf0 Application/Src/threads.o
                0x0000000008002ac4                threads_init
 .text.MX_CAN1_Init
                0x0000000008002bb4       0x6c Core/Src/can.o
                0x0000000008002bb4                MX_CAN1_Init
 .text.HAL_CAN_MspInit
                0x0000000008002c20       0xe4 Core/Src/can.o
                0x0000000008002c20                HAL_CAN_MspInit
 .text.MX_DMA_Init
                0x0000000008002d04       0xac Core/Src/dma.o
                0x0000000008002d04                MX_DMA_Init
 .text.vApplicationGetIdleTaskMemory
                0x0000000008002db0       0x34 Core/Src/freertos.o
                0x0000000008002db0                vApplicationGetIdleTaskMemory
 .text.MX_FREERTOS_Init
                0x0000000008002de4       0x38 Core/Src/freertos.o
                0x0000000008002de4                MX_FREERTOS_Init
 .text.StartDefaultTask
                0x0000000008002e1c       0x10 Core/Src/freertos.o
                0x0000000008002e1c                StartDefaultTask
 .text.MX_GPIO_Init
                0x0000000008002e2c       0xe4 Core/Src/gpio.o
                0x0000000008002e2c                MX_GPIO_Init
 .text.main     0x0000000008002f10       0x4a Core/Src/main.o
                0x0000000008002f10                main
 *fill*         0x0000000008002f5a        0x2 
 .text.SystemClock_Config
                0x0000000008002f5c       0xd8 Core/Src/main.o
                0x0000000008002f5c                SystemClock_Config
 .text.HAL_TIM_PeriodElapsedCallback
                0x0000000008003034       0x24 Core/Src/main.o
                0x0000000008003034                HAL_TIM_PeriodElapsedCallback
 .text.Error_Handler
                0x0000000008003058        0xe Core/Src/main.o
                0x0000000008003058                Error_Handler
 *fill*         0x0000000008003066        0x2 
 .text.MX_QUADSPI_Init
                0x0000000008003068       0x58 Core/Src/quadspi.o
                0x0000000008003068                MX_QUADSPI_Init
 .text.HAL_QSPI_MspInit
                0x00000000080030c0      0x100 Core/Src/quadspi.o
                0x00000000080030c0                HAL_QSPI_MspInit
 .text.HAL_MspInit
                0x00000000080031c0       0x58 Core/Src/stm32f4xx_hal_msp.o
                0x00000000080031c0                HAL_MspInit
 .text.HAL_InitTick
                0x0000000008003218       0xb0 Core/Src/stm32f4xx_hal_timebase_tim.o
                0x0000000008003218                HAL_InitTick
 .text.NMI_Handler
                0x00000000080032c8        0xe Core/Src/stm32f4xx_it.o
                0x00000000080032c8                NMI_Handler
 .text.HardFault_Handler
                0x00000000080032d6       0x10 Core/Src/stm32f4xx_it.o
                0x00000000080032d6                HardFault_Handler
 .text.MemManage_Handler
                0x00000000080032e6        0x6 Core/Src/stm32f4xx_it.o
                0x00000000080032e6                MemManage_Handler
 .text.BusFault_Handler
                0x00000000080032ec        0x6 Core/Src/stm32f4xx_it.o
                0x00000000080032ec                BusFault_Handler
 .text.UsageFault_Handler
                0x00000000080032f2        0x6 Core/Src/stm32f4xx_it.o
                0x00000000080032f2                UsageFault_Handler
 .text.DebugMon_Handler
                0x00000000080032f8        0xe Core/Src/stm32f4xx_it.o
                0x00000000080032f8                DebugMon_Handler
 *fill*         0x0000000008003306        0x2 
 .text.DMA1_Stream1_IRQHandler
                0x0000000008003308       0x14 Core/Src/stm32f4xx_it.o
                0x0000000008003308                DMA1_Stream1_IRQHandler
 .text.DMA1_Stream3_IRQHandler
                0x000000000800331c       0x14 Core/Src/stm32f4xx_it.o
                0x000000000800331c                DMA1_Stream3_IRQHandler
 .text.CAN1_RX0_IRQHandler
                0x0000000008003330       0x14 Core/Src/stm32f4xx_it.o
                0x0000000008003330                CAN1_RX0_IRQHandler
 .text.TIM1_UP_TIM10_IRQHandler
                0x0000000008003344       0x14 Core/Src/stm32f4xx_it.o
                0x0000000008003344                TIM1_UP_TIM10_IRQHandler
 .text.USART1_IRQHandler
                0x0000000008003358       0x14 Core/Src/stm32f4xx_it.o
                0x0000000008003358                USART1_IRQHandler
 .text.USART3_IRQHandler
                0x000000000800336c       0x14 Core/Src/stm32f4xx_it.o
                0x000000000800336c                USART3_IRQHandler
 .text.DMA2_Stream2_IRQHandler
                0x0000000008003380       0x14 Core/Src/stm32f4xx_it.o
                0x0000000008003380                DMA2_Stream2_IRQHandler
 .text.DMA2_Stream5_IRQHandler
                0x0000000008003394       0x14 Core/Src/stm32f4xx_it.o
                0x0000000008003394                DMA2_Stream5_IRQHandler
 .text.DMA2_Stream6_IRQHandler
                0x00000000080033a8       0x14 Core/Src/stm32f4xx_it.o
                0x00000000080033a8                DMA2_Stream6_IRQHandler
 .text.DMA2_Stream7_IRQHandler
                0x00000000080033bc       0x14 Core/Src/stm32f4xx_it.o
                0x00000000080033bc                DMA2_Stream7_IRQHandler
 .text.USART6_IRQHandler
                0x00000000080033d0       0x14 Core/Src/stm32f4xx_it.o
                0x00000000080033d0                USART6_IRQHandler
 .text.QUADSPI_IRQHandler
                0x00000000080033e4       0x14 Core/Src/stm32f4xx_it.o
                0x00000000080033e4                QUADSPI_IRQHandler
 .text.SystemInit
                0x00000000080033f8       0x2c Core/Src/system_stm32f4xx.o
                0x00000000080033f8                SystemInit
 .text.MX_TIM2_Init
                0x0000000008003424       0x98 Core/Src/tim.o
                0x0000000008003424                MX_TIM2_Init
 .text.MX_TIM3_Init
                0x00000000080034bc       0x9c Core/Src/tim.o
                0x00000000080034bc                MX_TIM3_Init
 .text.MX_TIM8_Init
                0x0000000008003558      0x174 Core/Src/tim.o
                0x0000000008003558                MX_TIM8_Init
 .text.HAL_TIM_Base_MspInit
                0x00000000080036cc       0x98 Core/Src/tim.o
                0x00000000080036cc                HAL_TIM_Base_MspInit
 .text.HAL_TIM_MspPostInit
                0x0000000008003764       0xb4 Core/Src/tim.o
                0x0000000008003764                HAL_TIM_MspPostInit
 .text.MX_USART1_UART_Init
                0x0000000008003818       0x54 Core/Src/usart.o
                0x0000000008003818                MX_USART1_UART_Init
 .text.MX_USART3_UART_Init
                0x000000000800386c       0x54 Core/Src/usart.o
                0x000000000800386c                MX_USART3_UART_Init
 .text.MX_USART6_UART_Init
                0x00000000080038c0       0x54 Core/Src/usart.o
                0x00000000080038c0                MX_USART6_UART_Init
 .text.HAL_UART_MspInit
                0x0000000008003914      0x44c Core/Src/usart.o
                0x0000000008003914                HAL_UART_MspInit
 .text.Reset_Handler
                0x0000000008003d60       0x50 Core/Startup/startup_stm32f446retx.o
                0x0000000008003d60                Reset_Handler
 .text.Default_Handler
                0x0000000008003db0        0x2 Core/Startup/startup_stm32f446retx.o
                0x0000000008003db0                RTC_Alarm_IRQHandler
                0x0000000008003db0                EXTI2_IRQHandler
                0x0000000008003db0                TIM8_CC_IRQHandler
                0x0000000008003db0                FMPI2C1_EV_IRQHandler
                0x0000000008003db0                SPI4_IRQHandler
                0x0000000008003db0                TIM1_CC_IRQHandler
                0x0000000008003db0                DMA1_Stream5_IRQHandler
                0x0000000008003db0                PVD_IRQHandler
                0x0000000008003db0                SDIO_IRQHandler
                0x0000000008003db0                TAMP_STAMP_IRQHandler
                0x0000000008003db0                CAN2_RX1_IRQHandler
                0x0000000008003db0                EXTI3_IRQHandler
                0x0000000008003db0                TIM8_TRG_COM_TIM14_IRQHandler
                0x0000000008003db0                TIM8_UP_TIM13_IRQHandler
                0x0000000008003db0                I2C3_ER_IRQHandler
                0x0000000008003db0                EXTI0_IRQHandler
                0x0000000008003db0                I2C2_EV_IRQHandler
                0x0000000008003db0                DMA1_Stream2_IRQHandler
                0x0000000008003db0                FPU_IRQHandler
                0x0000000008003db0                OTG_HS_WKUP_IRQHandler
                0x0000000008003db0                CAN2_SCE_IRQHandler
                0x0000000008003db0                SPI1_IRQHandler
                0x0000000008003db0                TIM6_DAC_IRQHandler
                0x0000000008003db0                TIM1_BRK_TIM9_IRQHandler
                0x0000000008003db0                DCMI_IRQHandler
                0x0000000008003db0                CAN2_RX0_IRQHandler
                0x0000000008003db0                DMA2_Stream3_IRQHandler
                0x0000000008003db0                SAI2_IRQHandler
                0x0000000008003db0                CAN1_RX1_IRQHandler
                0x0000000008003db0                UART5_IRQHandler
                0x0000000008003db0                DMA2_Stream0_IRQHandler
                0x0000000008003db0                TIM4_IRQHandler
                0x0000000008003db0                I2C1_EV_IRQHandler
                0x0000000008003db0                DMA1_Stream6_IRQHandler
                0x0000000008003db0                UART4_IRQHandler
                0x0000000008003db0                TIM3_IRQHandler
                0x0000000008003db0                RCC_IRQHandler
                0x0000000008003db0                TIM8_BRK_TIM12_IRQHandler
                0x0000000008003db0                Default_Handler
                0x0000000008003db0                CEC_IRQHandler
                0x0000000008003db0                EXTI15_10_IRQHandler
                0x0000000008003db0                ADC_IRQHandler
                0x0000000008003db0                DMA1_Stream7_IRQHandler
                0x0000000008003db0                TIM7_IRQHandler
                0x0000000008003db0                CAN2_TX_IRQHandler
                0x0000000008003db0                TIM5_IRQHandler
                0x0000000008003db0                I2C3_EV_IRQHandler
                0x0000000008003db0                EXTI9_5_IRQHandler
                0x0000000008003db0                RTC_WKUP_IRQHandler
                0x0000000008003db0                SPDIF_RX_IRQHandler
                0x0000000008003db0                SPI2_IRQHandler
                0x0000000008003db0                OTG_HS_EP1_IN_IRQHandler
                0x0000000008003db0                DMA1_Stream0_IRQHandler
                0x0000000008003db0                CAN1_TX_IRQHandler
                0x0000000008003db0                FMPI2C1_ER_IRQHandler
                0x0000000008003db0                EXTI4_IRQHandler
                0x0000000008003db0                OTG_HS_EP1_OUT_IRQHandler
                0x0000000008003db0                WWDG_IRQHandler
                0x0000000008003db0                TIM2_IRQHandler
                0x0000000008003db0                OTG_FS_WKUP_IRQHandler
                0x0000000008003db0                TIM1_TRG_COM_TIM11_IRQHandler
                0x0000000008003db0                OTG_HS_IRQHandler
                0x0000000008003db0                EXTI1_IRQHandler
                0x0000000008003db0                USART2_IRQHandler
                0x0000000008003db0                I2C2_ER_IRQHandler
                0x0000000008003db0                DMA2_Stream1_IRQHandler
                0x0000000008003db0                CAN1_SCE_IRQHandler
                0x0000000008003db0                FLASH_IRQHandler
                0x0000000008003db0                DMA2_Stream4_IRQHandler
                0x0000000008003db0                OTG_FS_IRQHandler
                0x0000000008003db0                SPI3_IRQHandler
                0x0000000008003db0                DMA1_Stream4_IRQHandler
                0x0000000008003db0                I2C1_ER_IRQHandler
                0x0000000008003db0                FMC_IRQHandler
                0x0000000008003db0                SAI1_IRQHandler
 *fill*         0x0000000008003db2        0x2 
 .text.HAL_Init
                0x0000000008003db4       0x44 Drivers/STM32F4xx_HAL_Driver/Src/stm32f4xx_hal.o
                0x0000000008003db4                HAL_Init
 .text.HAL_IncTick
                0x0000000008003df8       0x28 Drivers/STM32F4xx_HAL_Driver/Src/stm32f4xx_hal.o
                0x0000000008003df8                HAL_IncTick
 .text.HAL_GetTick
                0x0000000008003e20       0x18 Drivers/STM32F4xx_HAL_Driver/Src/stm32f4xx_hal.o
                0x0000000008003e20                HAL_GetTick
 .text.HAL_CAN_Init
                0x0000000008003e38      0x1f6 Drivers/STM32F4xx_HAL_Driver/Src/stm32f4xx_hal_can.o
                0x0000000008003e38                HAL_CAN_Init
 *fill*         0x000000000800402e        0x2 
 .text.HAL_CAN_ConfigFilter
                0x0000000008004030      0x1c0 Drivers/STM32F4xx_HAL_Driver/Src/stm32f4xx_hal_can.o
                0x0000000008004030                HAL_CAN_ConfigFilter
 .text.HAL_CAN_Start
                0x00000000080041f0       0x88 Drivers/STM32F4xx_HAL_Driver/Src/stm32f4xx_hal_can.o
                0x00000000080041f0                HAL_CAN_Start
 .text.HAL_CAN_GetRxMessage
                0x0000000008004278      0x224 Drivers/STM32F4xx_HAL_Driver/Src/stm32f4xx_hal_can.o
                0x0000000008004278                HAL_CAN_GetRxMessage
 .text.HAL_CAN_GetRxFifoFillLevel
                0x000000000800449c       0x50 Drivers/STM32F4xx_HAL_Driver/Src/stm32f4xx_hal_can.o
                0x000000000800449c                HAL_CAN_GetRxFifoFillLevel
 .text.HAL_CAN_ActivateNotification
                0x00000000080044ec       0x4c Drivers/STM32F4xx_HAL_Driver/Src/stm32f4xx_hal_can.o
                0x00000000080044ec                HAL_CAN_ActivateNotification
 .text.HAL_CAN_IRQHandler
                0x0000000008004538      0x36e Drivers/STM32F4xx_HAL_Driver/Src/stm32f4xx_hal_can.o
                0x0000000008004538                HAL_CAN_IRQHandler
 .text.HAL_CAN_TxMailbox0CompleteCallback
                0x00000000080048a6       0x14 Drivers/STM32F4xx_HAL_Driver/Src/stm32f4xx_hal_can.o
                0x00000000080048a6                HAL_CAN_TxMailbox0CompleteCallback
 .text.HAL_CAN_TxMailbox1CompleteCallback
                0x00000000080048ba       0x14 Drivers/STM32F4xx_HAL_Driver/Src/stm32f4xx_hal_can.o
                0x00000000080048ba                HAL_CAN_TxMailbox1CompleteCallback
 .text.HAL_CAN_TxMailbox2CompleteCallback
                0x00000000080048ce       0x14 Drivers/STM32F4xx_HAL_Driver/Src/stm32f4xx_hal_can.o
                0x00000000080048ce                HAL_CAN_TxMailbox2CompleteCallback
 .text.HAL_CAN_TxMailbox0AbortCallback
                0x00000000080048e2       0x14 Drivers/STM32F4xx_HAL_Driver/Src/stm32f4xx_hal_can.o
                0x00000000080048e2                HAL_CAN_TxMailbox0AbortCallback
 .text.HAL_CAN_TxMailbox1AbortCallback
                0x00000000080048f6       0x14 Drivers/STM32F4xx_HAL_Driver/Src/stm32f4xx_hal_can.o
                0x00000000080048f6                HAL_CAN_TxMailbox1AbortCallback
 .text.HAL_CAN_TxMailbox2AbortCallback
                0x000000000800490a       0x14 Drivers/STM32F4xx_HAL_Driver/Src/stm32f4xx_hal_can.o
                0x000000000800490a                HAL_CAN_TxMailbox2AbortCallback
 .text.HAL_CAN_RxFifo0FullCallback
                0x000000000800491e       0x14 Drivers/STM32F4xx_HAL_Driver/Src/stm32f4xx_hal_can.o
                0x000000000800491e                HAL_CAN_RxFifo0FullCallback
 .text.HAL_CAN_RxFifo1MsgPendingCallback
                0x0000000008004932       0x14 Drivers/STM32F4xx_HAL_Driver/Src/stm32f4xx_hal_can.o
                0x0000000008004932                HAL_CAN_RxFifo1MsgPendingCallback
 .text.HAL_CAN_RxFifo1FullCallback
                0x0000000008004946       0x14 Drivers/STM32F4xx_HAL_Driver/Src/stm32f4xx_hal_can.o
                0x0000000008004946                HAL_CAN_RxFifo1FullCallback
 .text.HAL_CAN_SleepCallback
                0x000000000800495a       0x14 Drivers/STM32F4xx_HAL_Driver/Src/stm32f4xx_hal_can.o
                0x000000000800495a                HAL_CAN_SleepCallback
 .text.HAL_CAN_WakeUpFromRxMsgCallback
                0x000000000800496e       0x14 Drivers/STM32F4xx_HAL_Driver/Src/stm32f4xx_hal_can.o
                0x000000000800496e                HAL_CAN_WakeUpFromRxMsgCallback
 .text.HAL_CAN_ErrorCallback
                0x0000000008004982       0x14 Drivers/STM32F4xx_HAL_Driver/Src/stm32f4xx_hal_can.o
                0x0000000008004982                HAL_CAN_ErrorCallback
 *fill*         0x0000000008004996        0x2 
 .text.__NVIC_SetPriorityGrouping
                0x0000000008004998       0x48 Drivers/STM32F4xx_HAL_Driver/Src/stm32f4xx_hal_cortex.o
 .text.__NVIC_GetPriorityGrouping
                0x00000000080049e0       0x1c Drivers/STM32F4xx_HAL_Driver/Src/stm32f4xx_hal_cortex.o
 .text.__NVIC_EnableIRQ
                0x00000000080049fc       0x3c Drivers/STM32F4xx_HAL_Driver/Src/stm32f4xx_hal_cortex.o
 .text.__NVIC_SetPriority
                0x0000000008004a38       0x54 Drivers/STM32F4xx_HAL_Driver/Src/stm32f4xx_hal_cortex.o
 .text.NVIC_EncodePriority
                0x0000000008004a8c       0x66 Drivers/STM32F4xx_HAL_Driver/Src/stm32f4xx_hal_cortex.o
 .text.HAL_NVIC_SetPriorityGrouping
                0x0000000008004af2       0x16 Drivers/STM32F4xx_HAL_Driver/Src/stm32f4xx_hal_cortex.o
                0x0000000008004af2                HAL_NVIC_SetPriorityGrouping
 .text.HAL_NVIC_SetPriority
                0x0000000008004b08       0x38 Drivers/STM32F4xx_HAL_Driver/Src/stm32f4xx_hal_cortex.o
                0x0000000008004b08                HAL_NVIC_SetPriority
 .text.HAL_NVIC_EnableIRQ
                0x0000000008004b40       0x1c Drivers/STM32F4xx_HAL_Driver/Src/stm32f4xx_hal_cortex.o
                0x0000000008004b40                HAL_NVIC_EnableIRQ
 .text.HAL_DMA_Init
                0x0000000008004b5c      0x15c Drivers/STM32F4xx_HAL_Driver/Src/stm32f4xx_hal_dma.o
                0x0000000008004b5c                HAL_DMA_Init
 .text.HAL_DMA_Start_IT
                0x0000000008004cb8       0xb0 Drivers/STM32F4xx_HAL_Driver/Src/stm32f4xx_hal_dma.o
                0x0000000008004cb8                HAL_DMA_Start_IT
 .text.HAL_DMA_Abort
                0x0000000008004d68       0xe0 Drivers/STM32F4xx_HAL_Driver/Src/stm32f4xx_hal_dma.o
                0x0000000008004d68                HAL_DMA_Abort
 .text.HAL_DMA_Abort_IT
                0x0000000008004e48       0x44 Drivers/STM32F4xx_HAL_Driver/Src/stm32f4xx_hal_dma.o
                0x0000000008004e48                HAL_DMA_Abort_IT
 .text.HAL_DMA_IRQHandler
                0x0000000008004e8c      0x314 Drivers/STM32F4xx_HAL_Driver/Src/stm32f4xx_hal_dma.o
                0x0000000008004e8c                HAL_DMA_IRQHandler
 .text.DMA_SetConfig
                0x00000000080051a0       0x5c Drivers/STM32F4xx_HAL_Driver/Src/stm32f4xx_hal_dma.o
 .text.DMA_CalcBaseAndBitshift
                0x00000000080051fc       0x6c Drivers/STM32F4xx_HAL_Driver/Src/stm32f4xx_hal_dma.o
 .text.DMA_CheckFifoParam
                0x0000000008005268       0xf8 Drivers/STM32F4xx_HAL_Driver/Src/stm32f4xx_hal_dma.o
 .text.HAL_GPIO_Init
                0x0000000008005360      0x328 Drivers/STM32F4xx_HAL_Driver/Src/stm32f4xx_hal_gpio.o
                0x0000000008005360                HAL_GPIO_Init
 .text.HAL_GPIO_WritePin
                0x0000000008005688       0x32 Drivers/STM32F4xx_HAL_Driver/Src/stm32f4xx_hal_gpio.o
                0x0000000008005688                HAL_GPIO_WritePin
 *fill*         0x00000000080056ba        0x2 
 .text.HAL_QSPI_Init
                0x00000000080056bc       0xf8 Drivers/STM32F4xx_HAL_Driver/Src/stm32f4xx_hal_qspi.o
                0x00000000080056bc                HAL_QSPI_Init
 .text.HAL_QSPI_IRQHandler
                0x00000000080057b4      0x380 Drivers/STM32F4xx_HAL_Driver/Src/stm32f4xx_hal_qspi.o
                0x00000000080057b4                HAL_QSPI_IRQHandler
 .text.HAL_QSPI_Command
                0x0000000008005b34       0xbc Drivers/STM32F4xx_HAL_Driver/Src/stm32f4xx_hal_qspi.o
                0x0000000008005b34                HAL_QSPI_Command
 .text.HAL_QSPI_Transmit
                0x0000000008005bf0      0x12e Drivers/STM32F4xx_HAL_Driver/Src/stm32f4xx_hal_qspi.o
                0x0000000008005bf0                HAL_QSPI_Transmit
 .text.HAL_QSPI_Receive
                0x0000000008005d1e      0x144 Drivers/STM32F4xx_HAL_Driver/Src/stm32f4xx_hal_qspi.o
                0x0000000008005d1e                HAL_QSPI_Receive
 .text.HAL_QSPI_AutoPolling
                0x0000000008005e62       0xee Drivers/STM32F4xx_HAL_Driver/Src/stm32f4xx_hal_qspi.o
                0x0000000008005e62                HAL_QSPI_AutoPolling
 .text.HAL_QSPI_ErrorCallback
                0x0000000008005f50       0x14 Drivers/STM32F4xx_HAL_Driver/Src/stm32f4xx_hal_qspi.o
                0x0000000008005f50                HAL_QSPI_ErrorCallback
 .text.HAL_QSPI_AbortCpltCallback
                0x0000000008005f64       0x14 Drivers/STM32F4xx_HAL_Driver/Src/stm32f4xx_hal_qspi.o
                0x0000000008005f64                HAL_QSPI_AbortCpltCallback
 .text.HAL_QSPI_CmdCpltCallback
                0x0000000008005f78       0x14 Drivers/STM32F4xx_HAL_Driver/Src/stm32f4xx_hal_qspi.o
                0x0000000008005f78                HAL_QSPI_CmdCpltCallback
 .text.HAL_QSPI_RxCpltCallback
                0x0000000008005f8c       0x14 Drivers/STM32F4xx_HAL_Driver/Src/stm32f4xx_hal_qspi.o
                0x0000000008005f8c                HAL_QSPI_RxCpltCallback
 .text.HAL_QSPI_TxCpltCallback
                0x0000000008005fa0       0x14 Drivers/STM32F4xx_HAL_Driver/Src/stm32f4xx_hal_qspi.o
                0x0000000008005fa0                HAL_QSPI_TxCpltCallback
 .text.HAL_QSPI_FifoThresholdCallback
                0x0000000008005fb4       0x14 Drivers/STM32F4xx_HAL_Driver/Src/stm32f4xx_hal_qspi.o
                0x0000000008005fb4                HAL_QSPI_FifoThresholdCallback
 .text.HAL_QSPI_StatusMatchCallback
                0x0000000008005fc8       0x14 Drivers/STM32F4xx_HAL_Driver/Src/stm32f4xx_hal_qspi.o
                0x0000000008005fc8                HAL_QSPI_StatusMatchCallback
 .text.HAL_QSPI_TimeOutCallback
                0x0000000008005fdc       0x14 Drivers/STM32F4xx_HAL_Driver/Src/stm32f4xx_hal_qspi.o
                0x0000000008005fdc                HAL_QSPI_TimeOutCallback
 .text.HAL_QSPI_Abort
                0x0000000008005ff0       0xda Drivers/STM32F4xx_HAL_Driver/Src/stm32f4xx_hal_qspi.o
                0x0000000008005ff0                HAL_QSPI_Abort
 *fill*         0x00000000080060ca        0x2 
 .text.HAL_QSPI_Abort_IT
                0x00000000080060cc       0xb8 Drivers/STM32F4xx_HAL_Driver/Src/stm32f4xx_hal_qspi.o
                0x00000000080060cc                HAL_QSPI_Abort_IT
 .text.HAL_QSPI_SetTimeout
                0x0000000008006184       0x1c Drivers/STM32F4xx_HAL_Driver/Src/stm32f4xx_hal_qspi.o
                0x0000000008006184                HAL_QSPI_SetTimeout
 .text.QSPI_DMAAbortCplt
                0x00000000080061a0       0x66 Drivers/STM32F4xx_HAL_Driver/Src/stm32f4xx_hal_qspi.o
 .text.QSPI_WaitFlagStateUntilTimeout
                0x0000000008006206       0x6e Drivers/STM32F4xx_HAL_Driver/Src/stm32f4xx_hal_qspi.o
 .text.QSPI_Config
                0x0000000008006274      0x30c Drivers/STM32F4xx_HAL_Driver/Src/stm32f4xx_hal_qspi.o
 .text.HAL_RCC_ClockConfig
                0x0000000008006580      0x1cc Drivers/STM32F4xx_HAL_Driver/Src/stm32f4xx_hal_rcc.o
                0x0000000008006580                HAL_RCC_ClockConfig
 .text.HAL_RCC_GetHCLKFreq
                0x000000000800674c       0x18 Drivers/STM32F4xx_HAL_Driver/Src/stm32f4xx_hal_rcc.o
                0x000000000800674c                HAL_RCC_GetHCLKFreq
 .text.HAL_RCC_GetPCLK1Freq
                0x0000000008006764       0x28 Drivers/STM32F4xx_HAL_Driver/Src/stm32f4xx_hal_rcc.o
                0x0000000008006764                HAL_RCC_GetPCLK1Freq
 .text.HAL_RCC_GetPCLK2Freq
                0x000000000800678c       0x28 Drivers/STM32F4xx_HAL_Driver/Src/stm32f4xx_hal_rcc.o
                0x000000000800678c                HAL_RCC_GetPCLK2Freq
 .text.HAL_RCC_GetClockConfig
                0x00000000080067b4       0x64 Drivers/STM32F4xx_HAL_Driver/Src/stm32f4xx_hal_rcc.o
                0x00000000080067b4                HAL_RCC_GetClockConfig
 .text.HAL_RCC_GetSysClockFreq
                0x0000000008006818      0x2b8 Drivers/STM32F4xx_HAL_Driver/Src/stm32f4xx_hal_rcc_ex.o
                0x0000000008006818                HAL_RCC_GetSysClockFreq
 .text.HAL_RCC_OscConfig
                0x0000000008006ad0      0x4b4 Drivers/STM32F4xx_HAL_Driver/Src/stm32f4xx_hal_rcc_ex.o
                0x0000000008006ad0                HAL_RCC_OscConfig
 .text.HAL_TIM_Base_Init
                0x0000000008006f84       0x56 Drivers/STM32F4xx_HAL_Driver/Src/stm32f4xx_hal_tim.o
                0x0000000008006f84                HAL_TIM_Base_Init
 .text.HAL_TIM_Base_Start_IT
                0x0000000008006fda       0x48 Drivers/STM32F4xx_HAL_Driver/Src/stm32f4xx_hal_tim.o
                0x0000000008006fda                HAL_TIM_Base_Start_IT
 .text.HAL_TIM_PWM_Init
                0x0000000008007022       0x56 Drivers/STM32F4xx_HAL_Driver/Src/stm32f4xx_hal_tim.o
                0x0000000008007022                HAL_TIM_PWM_Init
 .text.HAL_TIM_PWM_MspInit
                0x0000000008007078       0x14 Drivers/STM32F4xx_HAL_Driver/Src/stm32f4xx_hal_tim.o
                0x0000000008007078                HAL_TIM_PWM_MspInit
 .text.HAL_TIM_IRQHandler
                0x000000000800708c      0x210 Drivers/STM32F4xx_HAL_Driver/Src/stm32f4xx_hal_tim.o
                0x000000000800708c                HAL_TIM_IRQHandler
 .text.HAL_TIM_PWM_ConfigChannel
                0x000000000800729c      0x18c Drivers/STM32F4xx_HAL_Driver/Src/stm32f4xx_hal_tim.o
                0x000000000800729c                HAL_TIM_PWM_ConfigChannel
 .text.HAL_TIM_ConfigClockSource
                0x0000000008007428      0x188 Drivers/STM32F4xx_HAL_Driver/Src/stm32f4xx_hal_tim.o
                0x0000000008007428                HAL_TIM_ConfigClockSource
 .text.HAL_TIM_OC_DelayElapsedCallback
                0x00000000080075b0       0x14 Drivers/STM32F4xx_HAL_Driver/Src/stm32f4xx_hal_tim.o
                0x00000000080075b0                HAL_TIM_OC_DelayElapsedCallback
 .text.HAL_TIM_IC_CaptureCallback
                0x00000000080075c4       0x14 Drivers/STM32F4xx_HAL_Driver/Src/stm32f4xx_hal_tim.o
                0x00000000080075c4                HAL_TIM_IC_CaptureCallback
 .text.HAL_TIM_PWM_PulseFinishedCallback
                0x00000000080075d8       0x14 Drivers/STM32F4xx_HAL_Driver/Src/stm32f4xx_hal_tim.o
                0x00000000080075d8                HAL_TIM_PWM_PulseFinishedCallback
 .text.HAL_TIM_TriggerCallback
                0x00000000080075ec       0x14 Drivers/STM32F4xx_HAL_Driver/Src/stm32f4xx_hal_tim.o
                0x00000000080075ec                HAL_TIM_TriggerCallback
 .text.TIM_Base_SetConfig
                0x0000000008007600      0x140 Drivers/STM32F4xx_HAL_Driver/Src/stm32f4xx_hal_tim.o
                0x0000000008007600                TIM_Base_SetConfig
 .text.TIM_OC1_SetConfig
                0x0000000008007740       0xe0 Drivers/STM32F4xx_HAL_Driver/Src/stm32f4xx_hal_tim.o
 .text.TIM_OC2_SetConfig
                0x0000000008007820       0xec Drivers/STM32F4xx_HAL_Driver/Src/stm32f4xx_hal_tim.o
                0x0000000008007820                TIM_OC2_SetConfig
 .text.TIM_OC3_SetConfig
                0x000000000800790c       0xe8 Drivers/STM32F4xx_HAL_Driver/Src/stm32f4xx_hal_tim.o
 .text.TIM_OC4_SetConfig
                0x00000000080079f4       0xac Drivers/STM32F4xx_HAL_Driver/Src/stm32f4xx_hal_tim.o
 .text.TIM_TI1_ConfigInputStage
                0x0000000008007aa0       0x5e Drivers/STM32F4xx_HAL_Driver/Src/stm32f4xx_hal_tim.o
 .text.TIM_TI2_ConfigInputStage
                0x0000000008007afe       0x60 Drivers/STM32F4xx_HAL_Driver/Src/stm32f4xx_hal_tim.o
 .text.TIM_ITRx_SetConfig
                0x0000000008007b5e       0x36 Drivers/STM32F4xx_HAL_Driver/Src/stm32f4xx_hal_tim.o
 .text.TIM_ETR_SetConfig
                0x0000000008007b94       0x40 Drivers/STM32F4xx_HAL_Driver/Src/stm32f4xx_hal_tim.o
                0x0000000008007b94                TIM_ETR_SetConfig
 .text.HAL_TIMEx_PWMN_Start
                0x0000000008007bd4       0x54 Drivers/STM32F4xx_HAL_Driver/Src/stm32f4xx_hal_tim_ex.o
                0x0000000008007bd4                HAL_TIMEx_PWMN_Start
 .text.HAL_TIMEx_MasterConfigSynchronization
                0x0000000008007c28       0xf8 Drivers/STM32F4xx_HAL_Driver/Src/stm32f4xx_hal_tim_ex.o
                0x0000000008007c28                HAL_TIMEx_MasterConfigSynchronization
 .text.HAL_TIMEx_ConfigBreakDeadTime
                0x0000000008007d20       0xa4 Drivers/STM32F4xx_HAL_Driver/Src/stm32f4xx_hal_tim_ex.o
                0x0000000008007d20                HAL_TIMEx_ConfigBreakDeadTime
 .text.HAL_TIMEx_CommutCallback
                0x0000000008007dc4       0x14 Drivers/STM32F4xx_HAL_Driver/Src/stm32f4xx_hal_tim_ex.o
                0x0000000008007dc4                HAL_TIMEx_CommutCallback
 .text.HAL_TIMEx_BreakCallback
                0x0000000008007dd8       0x14 Drivers/STM32F4xx_HAL_Driver/Src/stm32f4xx_hal_tim_ex.o
                0x0000000008007dd8                HAL_TIMEx_BreakCallback
 .text.TIM_CCxNChannelCmd
                0x0000000008007dec       0x4a Drivers/STM32F4xx_HAL_Driver/Src/stm32f4xx_hal_tim_ex.o
 .text.HAL_UART_Init
                0x0000000008007e36       0x9a Drivers/STM32F4xx_HAL_Driver/Src/stm32f4xx_hal_uart.o
                0x0000000008007e36                HAL_UART_Init
 .text.HAL_HalfDuplex_Init
                0x0000000008007ed0       0xaa Drivers/STM32F4xx_HAL_Driver/Src/stm32f4xx_hal_uart.o
                0x0000000008007ed0                HAL_HalfDuplex_Init
 *fill*         0x0000000008007f7a        0x2 
 .text.HAL_UART_Transmit_DMA
                0x0000000008007f7c       0xd8 Drivers/STM32F4xx_HAL_Driver/Src/stm32f4xx_hal_uart.o
                0x0000000008007f7c                HAL_UART_Transmit_DMA
 .text.HAL_UART_Receive_DMA
                0x0000000008008054      0x100 Drivers/STM32F4xx_HAL_Driver/Src/stm32f4xx_hal_uart.o
                0x0000000008008054                HAL_UART_Receive_DMA
 .text.HAL_UART_IRQHandler
                0x0000000008008154      0x200 Drivers/STM32F4xx_HAL_Driver/Src/stm32f4xx_hal_uart.o
                0x0000000008008154                HAL_UART_IRQHandler
 .text.HAL_UART_TxCpltCallback
                0x0000000008008354       0x14 Drivers/STM32F4xx_HAL_Driver/Src/stm32f4xx_hal_uart.o
                0x0000000008008354                HAL_UART_TxCpltCallback
 .text.HAL_UART_TxHalfCpltCallback
                0x0000000008008368       0x14 Drivers/STM32F4xx_HAL_Driver/Src/stm32f4xx_hal_uart.o
                0x0000000008008368                HAL_UART_TxHalfCpltCallback
 .text.HAL_UART_RxHalfCpltCallback
                0x000000000800837c       0x14 Drivers/STM32F4xx_HAL_Driver/Src/stm32f4xx_hal_uart.o
                0x000000000800837c                HAL_UART_RxHalfCpltCallback
 .text.UART_DMATransmitCplt
                0x0000000008008390       0x52 Drivers/STM32F4xx_HAL_Driver/Src/stm32f4xx_hal_uart.o
 .text.UART_DMATxHalfCplt
                0x00000000080083e2       0x1c Drivers/STM32F4xx_HAL_Driver/Src/stm32f4xx_hal_uart.o
 .text.UART_DMAReceiveCplt
                0x00000000080083fe       0x68 Drivers/STM32F4xx_HAL_Driver/Src/stm32f4xx_hal_uart.o
 .text.UART_DMARxHalfCplt
                0x0000000008008466       0x1c Drivers/STM32F4xx_HAL_Driver/Src/stm32f4xx_hal_uart.o
 .text.UART_DMAError
                0x0000000008008482       0x94 Drivers/STM32F4xx_HAL_Driver/Src/stm32f4xx_hal_uart.o
 .text.UART_EndTxTransfer
                0x0000000008008516       0x2c Drivers/STM32F4xx_HAL_Driver/Src/stm32f4xx_hal_uart.o
 .text.UART_EndRxTransfer
                0x0000000008008542       0x3c Drivers/STM32F4xx_HAL_Driver/Src/stm32f4xx_hal_uart.o
 .text.UART_DMAAbortOnError
                0x000000000800857e       0x28 Drivers/STM32F4xx_HAL_Driver/Src/stm32f4xx_hal_uart.o
 .text.UART_Transmit_IT
                0x00000000080085a6       0xac Drivers/STM32F4xx_HAL_Driver/Src/stm32f4xx_hal_uart.o
 .text.UART_EndTransmit_IT
                0x0000000008008652       0x30 Drivers/STM32F4xx_HAL_Driver/Src/stm32f4xx_hal_uart.o
 .text.UART_Receive_IT
                0x0000000008008682      0x102 Drivers/STM32F4xx_HAL_Driver/Src/stm32f4xx_hal_uart.o
 .text.UART_SetConfig
                0x0000000008008784      0x738 Drivers/STM32F4xx_HAL_Driver/Src/stm32f4xx_hal_uart.o
 .text.__read_flags
                0x0000000008008ebc       0x3a FlashAPI/Src/io_driver.o
                0x0000000008008ebc                __read_flags
 .text.__write_enable_latch
                0x0000000008008ef6       0x72 FlashAPI/Src/io_driver.o
                0x0000000008008ef6                __write_enable_latch
 .text.__write_disable_latch
                0x0000000008008f68       0x22 FlashAPI/Src/io_driver.o
                0x0000000008008f68                __write_disable_latch
 .text.flash_init
                0x0000000008008f8a       0x4a FlashAPI/Src/io_driver.o
                0x0000000008008f8a                flash_init
 .text.flash_read
                0x0000000008008fd4       0x60 FlashAPI/Src/io_driver.o
                0x0000000008008fd4                flash_read
 .text.__flash_write_page
                0x0000000008009034       0xa2 FlashAPI/Src/io_driver.o
                0x0000000008009034                __flash_write_page
 .text.flash_write
                0x00000000080090d6       0x60 FlashAPI/Src/io_driver.o
                0x00000000080090d6                flash_write
 .text.__flash_erase
                0x0000000008009136       0x8e FlashAPI/Src/io_driver.o
                0x0000000008009136                __flash_erase
 .text.flash_erase_subsector
                0x00000000080091c4       0x18 FlashAPI/Src/io_driver.o
                0x00000000080091c4                flash_erase_subsector
 .text.get_default_command
                0x00000000080091dc       0x40 FlashAPI/Src/qspi_driver.o
                0x00000000080091dc                get_default_command
 .text.with_address
                0x000000000800921c       0x2c FlashAPI/Src/qspi_driver.o
                0x000000000800921c                with_address
 .text.with_data
                0x0000000008009248       0x24 FlashAPI/Src/qspi_driver.o
                0x0000000008009248                with_data
 .text.qspi_run
                0x000000000800926c       0x38 FlashAPI/Src/qspi_driver.o
                0x000000000800926c                qspi_run
 .text.qspi_poll
                0x00000000080092a4       0x6c FlashAPI/Src/qspi_driver.o
                0x00000000080092a4                qspi_poll
 .text.qspi_transmit
                0x0000000008009310       0x2c FlashAPI/Src/qspi_driver.o
                0x0000000008009310                qspi_transmit
 .text.qspi_receive
                0x000000000800933c       0x2c FlashAPI/Src/qspi_driver.o
                0x000000000800933c                qspi_receive
 .text.makeFreeRtosPriority
                0x0000000008009368       0x30 Middlewares/Third_Party/FreeRTOS/Source/CMSIS_RTOS/cmsis_os.o
 .text.osKernelStart
                0x0000000008009398        0xe Middlewares/Third_Party/FreeRTOS/Source/CMSIS_RTOS/cmsis_os.o
                0x0000000008009398                osKernelStart
 .text.osThreadCreate
                0x00000000080093a6       0x4a Middlewares/Third_Party/FreeRTOS/Source/CMSIS_RTOS/cmsis_os.o
                0x00000000080093a6                osThreadCreate
 .text.osDelay  0x00000000080093f0       0x28 Middlewares/Third_Party/FreeRTOS/Source/CMSIS_RTOS/cmsis_os.o
                0x00000000080093f0                osDelay
 .text.vListInitialise
                0x0000000008009418       0x40 Middlewares/Third_Party/FreeRTOS/Source/list.o
                0x0000000008009418                vListInitialise
 .text.vListInitialiseItem
                0x0000000008009458       0x1a Middlewares/Third_Party/FreeRTOS/Source/list.o
                0x0000000008009458                vListInitialiseItem
 .text.vListInsertEnd
                0x0000000008009472       0x48 Middlewares/Third_Party/FreeRTOS/Source/list.o
                0x0000000008009472                vListInsertEnd
 .text.vListInsert
                0x00000000080094ba       0x72 Middlewares/Third_Party/FreeRTOS/Source/list.o
                0x00000000080094ba                vListInsert
 .text.uxListRemove
                0x000000000800952c       0x54 Middlewares/Third_Party/FreeRTOS/Source/list.o
                0x000000000800952c                uxListRemove
 .text.xQueueGenericReset
                0x0000000008009580       0xd0 Middlewares/Third_Party/FreeRTOS/Source/queue.o
                0x0000000008009580                xQueueGenericReset
 .text.xQueueGenericCreateStatic
                0x0000000008009650       0xe8 Middlewares/Third_Party/FreeRTOS/Source/queue.o
                0x0000000008009650                xQueueGenericCreateStatic
 .text.prvInitialiseNewQueue
                0x0000000008009738       0x3e Middlewares/Third_Party/FreeRTOS/Source/queue.o
 .text.prvInitialiseMutex
                0x0000000008009776       0x34 Middlewares/Third_Party/FreeRTOS/Source/queue.o
 .text.xQueueCreateMutexStatic
                0x00000000080097aa       0x36 Middlewares/Third_Party/FreeRTOS/Source/queue.o
                0x00000000080097aa                xQueueCreateMutexStatic
 .text.xQueueGenericSend
                0x00000000080097e0      0x1fc Middlewares/Third_Party/FreeRTOS/Source/queue.o
                0x00000000080097e0                xQueueGenericSend
 .text.xQueueGiveFromISR
                0x00000000080099dc      0x11a Middlewares/Third_Party/FreeRTOS/Source/queue.o
                0x00000000080099dc                xQueueGiveFromISR
 *fill*         0x0000000008009af6        0x2 
 .text.xQueueSemaphoreTake
                0x0000000008009af8      0x218 Middlewares/Third_Party/FreeRTOS/Source/queue.o
                0x0000000008009af8                xQueueSemaphoreTake
 .text.prvGetDisinheritPriorityAfterTimeout
                0x0000000008009d10       0x30 Middlewares/Third_Party/FreeRTOS/Source/queue.o
 .text.prvCopyDataToQueue
                0x0000000008009d40       0xd4 Middlewares/Third_Party/FreeRTOS/Source/queue.o
 .text.prvUnlockQueue
                0x0000000008009e14       0xa4 Middlewares/Third_Party/FreeRTOS/Source/queue.o
 .text.prvIsQueueEmpty
                0x0000000008009eb8       0x2c Middlewares/Third_Party/FreeRTOS/Source/queue.o
 .text.prvIsQueueFull
                0x0000000008009ee4       0x30 Middlewares/Third_Party/FreeRTOS/Source/queue.o
 .text.xTaskCreateStatic
                0x0000000008009f14       0xb2 Middlewares/Third_Party/FreeRTOS/Source/tasks.o
                0x0000000008009f14                xTaskCreateStatic
 .text.prvInitialiseNewTask
                0x0000000008009fc6      0x10e Middlewares/Third_Party/FreeRTOS/Source/tasks.o
 .text.prvAddNewTaskToReadyList
                0x000000000800a0d4       0xd4 Middlewares/Third_Party/FreeRTOS/Source/tasks.o
 .text.vTaskDelayUntil
                0x000000000800a1a8       0xfc Middlewares/Third_Party/FreeRTOS/Source/tasks.o
                0x000000000800a1a8                vTaskDelayUntil
 .text.vTaskDelay
                0x000000000800a2a4       0x68 Middlewares/Third_Party/FreeRTOS/Source/tasks.o
                0x000000000800a2a4                vTaskDelay
 .text.vTaskStartScheduler
                0x000000000800a30c       0xc0 Middlewares/Third_Party/FreeRTOS/Source/tasks.o
                0x000000000800a30c                vTaskStartScheduler
 .text.vTaskSuspendAll
                0x000000000800a3cc       0x1c Middlewares/Third_Party/FreeRTOS/Source/tasks.o
                0x000000000800a3cc                vTaskSuspendAll
 .text.xTaskResumeAll
                0x000000000800a3e8      0x138 Middlewares/Third_Party/FreeRTOS/Source/tasks.o
                0x000000000800a3e8                xTaskResumeAll
 .text.xTaskGetTickCount
                0x000000000800a520       0x20 Middlewares/Third_Party/FreeRTOS/Source/tasks.o
                0x000000000800a520                xTaskGetTickCount
 .text.xTaskIncrementTick
                0x000000000800a540      0x170 Middlewares/Third_Party/FreeRTOS/Source/tasks.o
                0x000000000800a540                xTaskIncrementTick
 .text.vTaskSwitchContext
                0x000000000800a6b0       0xb8 Middlewares/Third_Party/FreeRTOS/Source/tasks.o
                0x000000000800a6b0                vTaskSwitchContext
 .text.vTaskPlaceOnEventList
                0x000000000800a768       0x48 Middlewares/Third_Party/FreeRTOS/Source/tasks.o
                0x000000000800a768                vTaskPlaceOnEventList
 .text.xTaskRemoveFromEventList
                0x000000000800a7b0       0xc4 Middlewares/Third_Party/FreeRTOS/Source/tasks.o
                0x000000000800a7b0                xTaskRemoveFromEventList
 .text.vTaskInternalSetTimeOutState
                0x000000000800a874       0x2c Middlewares/Third_Party/FreeRTOS/Source/tasks.o
                0x000000000800a874                vTaskInternalSetTimeOutState
 .text.xTaskCheckForTimeOut
                0x000000000800a8a0       0xc4 Middlewares/Third_Party/FreeRTOS/Source/tasks.o
                0x000000000800a8a0                xTaskCheckForTimeOut
 .text.vTaskMissedYield
                0x000000000800a964       0x18 Middlewares/Third_Party/FreeRTOS/Source/tasks.o
                0x000000000800a964                vTaskMissedYield
 .text.prvIdleTask
                0x000000000800a97c       0x30 Middlewares/Third_Party/FreeRTOS/Source/tasks.o
 .text.prvInitialiseTaskLists
                0x000000000800a9ac       0x80 Middlewares/Third_Party/FreeRTOS/Source/tasks.o
 .text.prvCheckTasksWaitingTermination
                0x000000000800aa2c       0x5c Middlewares/Third_Party/FreeRTOS/Source/tasks.o
 .text.prvDeleteTCB
                0x000000000800aa88       0x14 Middlewares/Third_Party/FreeRTOS/Source/tasks.o
 .text.prvResetNextTaskUnblockTime
                0x000000000800aa9c       0x40 Middlewares/Third_Party/FreeRTOS/Source/tasks.o
 .text.xTaskGetSchedulerState
                0x000000000800aadc       0x3c Middlewares/Third_Party/FreeRTOS/Source/tasks.o
                0x000000000800aadc                xTaskGetSchedulerState
 .text.xTaskPriorityInherit
                0x000000000800ab18      0x100 Middlewares/Third_Party/FreeRTOS/Source/tasks.o
                0x000000000800ab18                xTaskPriorityInherit
 .text.xTaskPriorityDisinherit
                0x000000000800ac18      0x10c Middlewares/Third_Party/FreeRTOS/Source/tasks.o
                0x000000000800ac18                xTaskPriorityDisinherit
 .text.vTaskPriorityDisinheritAfterTimeout
                0x000000000800ad24      0x134 Middlewares/Third_Party/FreeRTOS/Source/tasks.o
                0x000000000800ad24                vTaskPriorityDisinheritAfterTimeout
 .text.pvTaskIncrementMutexHeldCount
                0x000000000800ae58       0x28 Middlewares/Third_Party/FreeRTOS/Source/tasks.o
                0x000000000800ae58                pvTaskIncrementMutexHeldCount
 .text.prvAddCurrentTaskToDelayedList
                0x000000000800ae80       0xcc Middlewares/Third_Party/FreeRTOS/Source/tasks.o
 .text.pxPortInitialiseStack
                0x000000000800af4c       0x68 Middlewares/Third_Party/FreeRTOS/Source/portable/GCC/ARM_CM4F/port.o
                0x000000000800af4c                pxPortInitialiseStack
 .text.prvTaskExitError
                0x000000000800afb4       0x58 Middlewares/Third_Party/FreeRTOS/Source/portable/GCC/ARM_CM4F/port.o
 *fill*         0x000000000800b00c        0x4 
 .text.SVC_Handler
                0x000000000800b010       0x28 Middlewares/Third_Party/FreeRTOS/Source/portable/GCC/ARM_CM4F/port.o
                0x000000000800b010                SVC_Handler
 .text.prvPortStartFirstTask
                0x000000000800b038       0x28 Middlewares/Third_Party/FreeRTOS/Source/portable/GCC/ARM_CM4F/port.o
 .text.xPortStartScheduler
                0x000000000800b060      0x144 Middlewares/Third_Party/FreeRTOS/Source/portable/GCC/ARM_CM4F/port.o
                0x000000000800b060                xPortStartScheduler
 .text.vPortEnterCritical
                0x000000000800b1a4       0x60 Middlewares/Third_Party/FreeRTOS/Source/portable/GCC/ARM_CM4F/port.o
                0x000000000800b1a4                vPortEnterCritical
 .text.vPortExitCritical
                0x000000000800b204       0x54 Middlewares/Third_Party/FreeRTOS/Source/portable/GCC/ARM_CM4F/port.o
                0x000000000800b204                vPortExitCritical
 *fill*         0x000000000800b258        0x8 
 .text.PendSV_Handler
                0x000000000800b260       0x68 Middlewares/Third_Party/FreeRTOS/Source/portable/GCC/ARM_CM4F/port.o
                0x000000000800b260                PendSV_Handler
 .text.SysTick_Handler
                0x000000000800b2c8       0x44 Middlewares/Third_Party/FreeRTOS/Source/portable/GCC/ARM_CM4F/port.o
                0x000000000800b2c8                SysTick_Handler
 .text.vPortSetupTimerInterrupt
                0x000000000800b30c       0x48 Middlewares/Third_Party/FreeRTOS/Source/portable/GCC/ARM_CM4F/port.o
                0x000000000800b30c                vPortSetupTimerInterrupt
 .text.vPortEnableVFP
                0x000000000800b354       0x14 Middlewares/Third_Party/FreeRTOS/Source/portable/GCC/ARM_CM4F/port.o
 .text.vPortValidateInterruptPriority
                0x000000000800b368       0x80 Middlewares/Third_Party/FreeRTOS/Source/portable/GCC/ARM_CM4F/port.o
                0x000000000800b368                vPortValidateInterruptPriority
 .text.__libc_init_array
                0x000000000800b3e8       0x48 c:/st/stm32cubeide_1.6.1/stm32cubeide/plugins/com.st.stm32cube.ide.mcu.externaltools.gnu-tools-for-stm32.9-2020-q2-update.win32_1.5.0.202011040924/tools/bin/../lib/gcc/arm-none-eabi/9.3.1/../../../../arm-none-eabi/lib/thumb/v7e-m+fp/hard\libc_nano.a(lib_a-init.o)
                0x000000000800b3e8                __libc_init_array
 .text.memcpy   0x000000000800b430       0x1c c:/st/stm32cubeide_1.6.1/stm32cubeide/plugins/com.st.stm32cube.ide.mcu.externaltools.gnu-tools-for-stm32.9-2020-q2-update.win32_1.5.0.202011040924/tools/bin/../lib/gcc/arm-none-eabi/9.3.1/../../../../arm-none-eabi/lib/thumb/v7e-m+fp/hard\libc_nano.a(lib_a-memcpy-stub.o)
                0x000000000800b430                memcpy
 .text.memset   0x000000000800b44c       0x10 c:/st/stm32cubeide_1.6.1/stm32cubeide/plugins/com.st.stm32cube.ide.mcu.externaltools.gnu-tools-for-stm32.9-2020-q2-update.win32_1.5.0.202011040924/tools/bin/../lib/gcc/arm-none-eabi/9.3.1/../../../../arm-none-eabi/lib/thumb/v7e-m+fp/hard\libc_nano.a(lib_a-memset.o)
                0x000000000800b44c                memset
 *(.glue_7)
 .glue_7        0x000000000800b45c        0x0 linker stubs
 *(.glue_7t)
 .glue_7t       0x000000000800b45c        0x0 linker stubs
 *(.eh_frame)
 .eh_frame      0x000000000800b45c        0x0 c:/st/stm32cubeide_1.6.1/stm32cubeide/plugins/com.st.stm32cube.ide.mcu.externaltools.gnu-tools-for-stm32.9-2020-q2-update.win32_1.5.0.202011040924/tools/bin/../lib/gcc/arm-none-eabi/9.3.1/thumb/v7e-m+fp/hard/crtbegin.o
 *(.init)
 .init          0x000000000800b45c        0x4 c:/st/stm32cubeide_1.6.1/stm32cubeide/plugins/com.st.stm32cube.ide.mcu.externaltools.gnu-tools-for-stm32.9-2020-q2-update.win32_1.5.0.202011040924/tools/bin/../lib/gcc/arm-none-eabi/9.3.1/thumb/v7e-m+fp/hard/crti.o
                0x000000000800b45c                _init
 .init          0x000000000800b460        0x8 c:/st/stm32cubeide_1.6.1/stm32cubeide/plugins/com.st.stm32cube.ide.mcu.externaltools.gnu-tools-for-stm32.9-2020-q2-update.win32_1.5.0.202011040924/tools/bin/../lib/gcc/arm-none-eabi/9.3.1/thumb/v7e-m+fp/hard/crtn.o
 *(.fini)
 .fini          0x000000000800b468        0x4 c:/st/stm32cubeide_1.6.1/stm32cubeide/plugins/com.st.stm32cube.ide.mcu.externaltools.gnu-tools-for-stm32.9-2020-q2-update.win32_1.5.0.202011040924/tools/bin/../lib/gcc/arm-none-eabi/9.3.1/thumb/v7e-m+fp/hard/crti.o
                0x000000000800b468                _fini
 .fini          0x000000000800b46c        0x8 c:/st/stm32cubeide_1.6.1/stm32cubeide/plugins/com.st.stm32cube.ide.mcu.externaltools.gnu-tools-for-stm32.9-2020-q2-update.win32_1.5.0.202011040924/tools/bin/../lib/gcc/arm-none-eabi/9.3.1/thumb/v7e-m+fp/hard/crtn.o
                0x000000000800b474                . = ALIGN (0x4)
                0x000000000800b474                _etext = .

.vfp11_veneer   0x000000000800b474        0x0
 .vfp11_veneer  0x000000000800b474        0x0 linker stubs

.v4_bx          0x000000000800b474        0x0
 .v4_bx         0x000000000800b474        0x0 linker stubs

.iplt           0x000000000800b474        0x0
 .iplt          0x000000000800b474        0x0 c:/st/stm32cubeide_1.6.1/stm32cubeide/plugins/com.st.stm32cube.ide.mcu.externaltools.gnu-tools-for-stm32.9-2020-q2-update.win32_1.5.0.202011040924/tools/bin/../lib/gcc/arm-none-eabi/9.3.1/thumb/v7e-m+fp/hard/crtbegin.o

.rodata         0x000000000800b474      0x27c
                0x000000000800b474                . = ALIGN (0x4)
 *(.rodata)
 .rodata        0x000000000800b474      0x200 Application/Src/dsv2.o
 .rodata        0x000000000800b674       0x21 Application/Src/threads.o
 *fill*         0x000000000800b695        0x3 
 .rodata        0x000000000800b698       0x28 Core/Src/freertos.o
 .rodata        0x000000000800b6c0        0x5 Middlewares/Third_Party/FreeRTOS/Source/tasks.o
 *(.rodata*)
 *fill*         0x000000000800b6c5        0x3 
 .rodata.period.10339
                0x000000000800b6c8        0x4 Application/Src/can_comm.o
 .rodata.period.10348
                0x000000000800b6cc        0x4 Application/Src/control.o
 .rodata.AHBPrescTable
                0x000000000800b6d0       0x10 Core/Src/system_stm32f4xx.o
                0x000000000800b6d0                AHBPrescTable
 .rodata.APBPrescTable
                0x000000000800b6e0        0x8 Core/Src/system_stm32f4xx.o
                0x000000000800b6e0                APBPrescTable
 .rodata.flagBitshiftOffset.8597
                0x000000000800b6e8        0x8 Drivers/STM32F4xx_HAL_Driver/Src/stm32f4xx_hal_dma.o
                0x000000000800b6f0                . = ALIGN (0x4)

.ARM.extab      0x000000000800b6f0        0x0
                0x000000000800b6f0                . = ALIGN (0x4)
 *(.ARM.extab* .gnu.linkonce.armextab.*)
                0x000000000800b6f0                . = ALIGN (0x4)

.ARM            0x000000000800b6f0        0x8
                0x000000000800b6f0                . = ALIGN (0x4)
                0x000000000800b6f0                __exidx_start = .
 *(.ARM.exidx*)
 .ARM.exidx     0x000000000800b6f0        0x8 c:/st/stm32cubeide_1.6.1/stm32cubeide/plugins/com.st.stm32cube.ide.mcu.externaltools.gnu-tools-for-stm32.9-2020-q2-update.win32_1.5.0.202011040924/tools/bin/../lib/gcc/arm-none-eabi/9.3.1/thumb/v7e-m+fp/hard\libgcc.a(_udivmoddi4.o)
                0x000000000800b6f8                __exidx_end = .
                0x000000000800b6f8                . = ALIGN (0x4)

.rel.dyn        0x000000000800b6f8        0x0
 .rel.iplt      0x000000000800b6f8        0x0 c:/st/stm32cubeide_1.6.1/stm32cubeide/plugins/com.st.stm32cube.ide.mcu.externaltools.gnu-tools-for-stm32.9-2020-q2-update.win32_1.5.0.202011040924/tools/bin/../lib/gcc/arm-none-eabi/9.3.1/thumb/v7e-m+fp/hard/crtbegin.o

.preinit_array  0x000000000800b6f8        0x0
                0x000000000800b6f8                . = ALIGN (0x4)
                0x000000000800b6f8                PROVIDE (__preinit_array_start = .)
 *(.preinit_array*)
                0x000000000800b6f8                PROVIDE (__preinit_array_end = .)
                0x000000000800b6f8                . = ALIGN (0x4)

.init_array     0x000000000800b6f8        0x4
                0x000000000800b6f8                . = ALIGN (0x4)
                0x000000000800b6f8                PROVIDE (__init_array_start = .)
 *(SORT_BY_NAME(.init_array.*))
 *(.init_array*)
 .init_array    0x000000000800b6f8        0x4 c:/st/stm32cubeide_1.6.1/stm32cubeide/plugins/com.st.stm32cube.ide.mcu.externaltools.gnu-tools-for-stm32.9-2020-q2-update.win32_1.5.0.202011040924/tools/bin/../lib/gcc/arm-none-eabi/9.3.1/thumb/v7e-m+fp/hard/crtbegin.o
                0x000000000800b6fc                PROVIDE (__init_array_end = .)
                0x000000000800b6fc                . = ALIGN (0x4)

.fini_array     0x000000000800b6fc        0x4
                0x000000000800b6fc                . = ALIGN (0x4)
                [!provide]                        PROVIDE (__fini_array_start = .)
 *(SORT_BY_NAME(.fini_array.*))
 *(.fini_array*)
 .fini_array    0x000000000800b6fc        0x4 c:/st/stm32cubeide_1.6.1/stm32cubeide/plugins/com.st.stm32cube.ide.mcu.externaltools.gnu-tools-for-stm32.9-2020-q2-update.win32_1.5.0.202011040924/tools/bin/../lib/gcc/arm-none-eabi/9.3.1/thumb/v7e-m+fp/hard/crtbegin.o
                [!provide]                        PROVIDE (__fini_array_end = .)
                0x000000000800b700                . = ALIGN (0x4)
                0x000000000800b700                _sidata = LOADADDR (.data)

.data           0x0000000020000000       0x6c load address 0x000000000800b700
                0x0000000020000000                . = ALIGN (0x4)
                0x0000000020000000                _sdata = .
 *(.data)
 *(.data*)
 .data.sched_allowed
                0x0000000020000000       0x24 Application/Src/control.o
 .data.control_fcn
                0x0000000020000024       0x18 Application/Src/control.o
 .data.debug_fcn
                0x000000002000003c       0x1c Application/Src/debug.o
 .data.debug_fcn_max
                0x0000000020000058        0x2 Application/Src/debug.o
 *fill*         0x000000002000005a        0x2 
 .data.SystemCoreClock
                0x000000002000005c        0x4 Core/Src/system_stm32f4xx.o
                0x000000002000005c                SystemCoreClock
 .data.uwTickPrio
                0x0000000020000060        0x4 Drivers/STM32F4xx_HAL_Driver/Src/stm32f4xx_hal.o
                0x0000000020000060                uwTickPrio
 .data.uwTickFreq
                0x0000000020000064        0x1 Drivers/STM32F4xx_HAL_Driver/Src/stm32f4xx_hal.o
                0x0000000020000064                uwTickFreq
 *fill*         0x0000000020000065        0x3 
 .data.uxCriticalNesting
                0x0000000020000068        0x4 Middlewares/Third_Party/FreeRTOS/Source/portable/GCC/ARM_CM4F/port.o
                0x000000002000006c                . = ALIGN (0x4)
                0x000000002000006c                _edata = .

.igot.plt       0x000000002000006c        0x0 load address 0x000000000800b76c
 .igot.plt      0x000000002000006c        0x0 c:/st/stm32cubeide_1.6.1/stm32cubeide/plugins/com.st.stm32cube.ide.mcu.externaltools.gnu-tools-for-stm32.9-2020-q2-update.win32_1.5.0.202011040924/tools/bin/../lib/gcc/arm-none-eabi/9.3.1/thumb/v7e-m+fp/hard/crtbegin.o
                0x000000002000006c                . = ALIGN (0x4)

.bss            0x000000002000006c     0x9e6c load address 0x000000000800b76c
                0x000000002000006c                _sbss = .
                0x000000002000006c                __bss_start__ = _sbss
 *(.bss)
 .bss           0x000000002000006c       0x1c c:/st/stm32cubeide_1.6.1/stm32cubeide/plugins/com.st.stm32cube.ide.mcu.externaltools.gnu-tools-for-stm32.9-2020-q2-update.win32_1.5.0.202011040924/tools/bin/../lib/gcc/arm-none-eabi/9.3.1/thumb/v7e-m+fp/hard/crtbegin.o
 *(.bss*)
 .bss.can_buffer_pointer_rx
                0x0000000020000088        0x4 Application/Src/can_comm.o
                0x0000000020000088                can_buffer_pointer_rx
 .bss.can_buffer_pointer_tx
                0x000000002000008c        0x4 Application/Src/can_comm.o
                0x000000002000008c                can_buffer_pointer_tx
 .bss.last_wake_time.10338
                0x0000000020000090        0x4 Application/Src/can_comm.o
 .bss.cm4_busy_sem
                0x0000000020000094        0x4 Application/Src/cm4.o
 .bss.cm4_busy_sem_buffer
                0x0000000020000098       0x48 Application/Src/cm4.o
 .bss.id_counter.9629
                0x00000000200000e0        0x4 Application/Src/cm4.o
 .bss.control   0x00000000200000e4       0x38 Application/Src/control.o
 .bss.tvc_servo.10349
                0x000000002000011c     0x109c Application/Src/control.o
 .bss.cm4.10350
                0x00000000200011b8     0x1484 Application/Src/control.o
 .bss.last_wake_time.10347
                0x000000002000263c        0x4 Application/Src/control.o
 .bss.cnt.10352
                0x0000000020002640        0x2 Application/Src/control.o
 .bss.lol.10351
                0x0000000020002642        0x1 Application/Src/control.o
 *fill*         0x0000000020002643        0x1 
 .bss.send_data.10352
                0x0000000020002644      0x200 Application/Src/debug.o
 .bss.length.10353
                0x0000000020002844        0x2 Application/Src/debug.o
 .bss.bin_length.10354
                0x0000000020002846        0x2 Application/Src/debug.o
 .bss.id_counter.10360
                0x0000000020002848        0x4 Application/Src/debug.o
 .bss.id_counter.8791
                0x000000002000284c        0x4 Application/Src/dsv2.o
 .bss.id_counter.8786
                0x0000000020002850        0x4 Application/Src/msv2.o
 .bss.serial_devices
                0x0000000020002854       0x40 Application/Src/serial.o
 .bss.serial_devices_count
                0x0000000020002894        0x2 Application/Src/serial.o
 *fill*         0x0000000020002896        0x2 
 .bss.serial_rx_sem
                0x0000000020002898        0x4 Application/Src/serial.o
 .bss.serial_rx_sem_buffer
                0x000000002000289c       0x48 Application/Src/serial.o
 .bss.servo_list
                0x00000000200028e4       0x40 Application/Src/servo.o
 .bss.servo_count
                0x0000000020002924        0x1 Application/Src/servo.o
 *fill*         0x0000000020002925        0x3 
 .bss.servo_serial
                0x0000000020002928      0x420 Application/Src/servo.o
 .bss.servo_dsv2
                0x0000000020002d48      0xc18 Application/Src/servo.o
 .bss.servo_busy_sem
                0x0000000020003960        0x4 Application/Src/servo.o
 .bss.servo_busy_sem_buffer
                0x0000000020003964       0x48 Application/Src/servo.o
 .bss.id_counter.9681
                0x00000000200039ac        0x4 Application/Src/servo.o
 .bss.send_data.9702
                0x00000000200039b0        0x4 Application/Src/servo.o
 .bss.send_data.9716
                0x00000000200039b4       0x40 Application/Src/servo.o
 .bss.used_subsectors
                0x00000000200039f4        0x4 Application/Src/storage.o
 .bss.data_counter
                0x00000000200039f8        0x4 Application/Src/storage.o
 .bss.record_active
                0x00000000200039fc        0x1 Application/Src/storage.o
 .bss.restart_required
                0x00000000200039fd        0x1 Application/Src/storage.o
 *fill*         0x00000000200039fe        0x2 
 .bss.record_should_stop
                0x0000000020003a00        0x4 Application/Src/storage.o
 .bss.storage_sem
                0x0000000020003a04        0x4 Application/Src/storage.o
 .bss.storage_sem_buffer
                0x0000000020003a08       0x48 Application/Src/storage.o
 .bss.header.10362
                0x0000000020003a50       0x10 Application/Src/storage.o
 .bss.header.10375
                0x0000000020003a60       0x10 Application/Src/storage.o
 .bss.data.10379
                0x0000000020003a70       0x20 Application/Src/storage.o
 .bss.time.10401
                0x0000000020003a90        0x4 Application/Src/storage.o
 .bss.last_time.10402
                0x0000000020003a94        0x4 Application/Src/storage.o
 .bss.control_handle
                0x0000000020003a98        0x4 Application/Src/threads.o
 .bss.serial_handle
                0x0000000020003a9c        0x4 Application/Src/threads.o
 .bss.storage_handle
                0x0000000020003aa0        0x4 Application/Src/threads.o
 .bss.can_send_handle
                0x0000000020003aa4        0x4 Application/Src/threads.o
 .bss.debug.10316
                0x0000000020003aa8     0x1438 Application/Src/threads.o
 .bss.storage_stack.10318
                0x0000000020004ee0     0x1000 Application/Src/threads.o
 .bss.storage_buffer.10317
                0x0000000020005ee0       0x54 Application/Src/threads.o
 .bss.serial_stack.10320
                0x0000000020005f34     0x1000 Application/Src/threads.o
 .bss.serial_buffer.10319
                0x0000000020006f34       0x54 Application/Src/threads.o
 .bss.control_stack.10322
                0x0000000020006f88     0x1000 Application/Src/threads.o
 .bss.control_buffer.10321
                0x0000000020007f88       0x54 Application/Src/threads.o
 .bss.can_send_stack.10324
                0x0000000020007fdc     0x1000 Application/Src/threads.o
 .bss.can_send_buffer.10323
                0x0000000020008fdc       0x54 Application/Src/threads.o
 .bss.xIdleTaskTCBBuffer
                0x0000000020009030       0x54 Core/Src/freertos.o
 .bss.xIdleStack
                0x0000000020009084      0x200 Core/Src/freertos.o
 .bss.pxCurrentTCB
                0x0000000020009284        0x4 Middlewares/Third_Party/FreeRTOS/Source/tasks.o
                0x0000000020009284                pxCurrentTCB
 .bss.pxReadyTasksLists
                0x0000000020009288       0x8c Middlewares/Third_Party/FreeRTOS/Source/tasks.o
 .bss.xDelayedTaskList1
                0x0000000020009314       0x14 Middlewares/Third_Party/FreeRTOS/Source/tasks.o
 .bss.xDelayedTaskList2
                0x0000000020009328       0x14 Middlewares/Third_Party/FreeRTOS/Source/tasks.o
 .bss.pxDelayedTaskList
                0x000000002000933c        0x4 Middlewares/Third_Party/FreeRTOS/Source/tasks.o
 .bss.pxOverflowDelayedTaskList
                0x0000000020009340        0x4 Middlewares/Third_Party/FreeRTOS/Source/tasks.o
 .bss.xPendingReadyList
                0x0000000020009344       0x14 Middlewares/Third_Party/FreeRTOS/Source/tasks.o
 .bss.xTasksWaitingTermination
                0x0000000020009358       0x14 Middlewares/Third_Party/FreeRTOS/Source/tasks.o
 .bss.uxDeletedTasksWaitingCleanUp
                0x000000002000936c        0x4 Middlewares/Third_Party/FreeRTOS/Source/tasks.o
 .bss.xSuspendedTaskList
                0x0000000020009370       0x14 Middlewares/Third_Party/FreeRTOS/Source/tasks.o
 .bss.uxCurrentNumberOfTasks
                0x0000000020009384        0x4 Middlewares/Third_Party/FreeRTOS/Source/tasks.o
 .bss.xTickCount
                0x0000000020009388        0x4 Middlewares/Third_Party/FreeRTOS/Source/tasks.o
 .bss.uxTopReadyPriority
                0x000000002000938c        0x4 Middlewares/Third_Party/FreeRTOS/Source/tasks.o
 .bss.xSchedulerRunning
                0x0000000020009390        0x4 Middlewares/Third_Party/FreeRTOS/Source/tasks.o
 .bss.uxPendedTicks
                0x0000000020009394        0x4 Middlewares/Third_Party/FreeRTOS/Source/tasks.o
 .bss.xYieldPending
                0x0000000020009398        0x4 Middlewares/Third_Party/FreeRTOS/Source/tasks.o
 .bss.xNumOfOverflows
                0x000000002000939c        0x4 Middlewares/Third_Party/FreeRTOS/Source/tasks.o
 .bss.uxTaskNumber
                0x00000000200093a0        0x4 Middlewares/Third_Party/FreeRTOS/Source/tasks.o
 .bss.xNextTaskUnblockTime
                0x00000000200093a4        0x4 Middlewares/Third_Party/FreeRTOS/Source/tasks.o
 .bss.xIdleTaskHandle
                0x00000000200093a8        0x4 Middlewares/Third_Party/FreeRTOS/Source/tasks.o
 .bss.uxSchedulerSuspended
                0x00000000200093ac        0x4 Middlewares/Third_Party/FreeRTOS/Source/tasks.o
 .bss.ucMaxSysCallPriority
                0x00000000200093b0        0x1 Middlewares/Third_Party/FreeRTOS/Source/portable/GCC/ARM_CM4F/port.o
 *fill*         0x00000000200093b1        0x3 
 .bss.ulMaxPRIGROUPValue
                0x00000000200093b4        0x4 Middlewares/Third_Party/FreeRTOS/Source/portable/GCC/ARM_CM4F/port.o
 *(COMMON)
 COMMON         0x00000000200093b8      0x450 Application/Src/can_comm.o
                0x00000000200093b8                can_current_msg
                0x00000000200093c8                TxMailbox
                0x00000000200093cc                RxData
                0x00000000200093d4                TxHeader
                0x00000000200093ec                RxHeader
                0x0000000020009408                can_buffer
 COMMON         0x0000000020009808       0x28 Core/Src/can.o
                0x0000000020009808                hcan1
 COMMON         0x0000000020009830      0x258 Core/Src/freertos.o
                0x0000000020009830                defaultTaskHandle
                0x0000000020009834                defaultTaskBuffer
                0x0000000020009a34                defaultTaskControlBlock
 COMMON         0x0000000020009a88       0x4c Core/Src/quadspi.o
                0x0000000020009a88                hqspi
 COMMON         0x0000000020009ad4       0x40 Core/Src/stm32f4xx_hal_timebase_tim.o
                0x0000000020009ad4                htim1
 COMMON         0x0000000020009b14       0xc0 Core/Src/tim.o
                0x0000000020009b14                htim8
                0x0000000020009b54                htim3
                0x0000000020009b94                htim2
 COMMON         0x0000000020009bd4      0x300 Core/Src/usart.o
                0x0000000020009bd4                hdma_usart6_rx
                0x0000000020009c34                hdma_usart3_rx
                0x0000000020009c94                huart3
                0x0000000020009cd4                hdma_usart3_tx
                0x0000000020009d34                hdma_usart1_tx
                0x0000000020009d94                hdma_usart6_tx
                0x0000000020009df4                hdma_usart1_rx
                0x0000000020009e54                huart1
                0x0000000020009e94                huart6
 COMMON         0x0000000020009ed4        0x4 Drivers/STM32F4xx_HAL_Driver/Src/stm32f4xx_hal.o
                0x0000000020009ed4                uwTick
                0x0000000020009ed8                . = ALIGN (0x4)
                0x0000000020009ed8                _ebss = .
                0x0000000020009ed8                __bss_end__ = _ebss

._user_heap_stack
                0x0000000020009ed8      0x600 load address 0x000000000800b76c
                0x0000000020009ed8                . = ALIGN (0x8)
                0x0000000020009ed8                PROVIDE (end = .)
                [!provide]                        PROVIDE (_end = .)
                0x000000002000a0d8                . = (. + _Min_Heap_Size)
 *fill*         0x0000000020009ed8      0x200 
                0x000000002000a4d8                . = (. + _Min_Stack_Size)
 *fill*         0x000000002000a0d8      0x400 
                0x000000002000a4d8                . = ALIGN (0x8)

/DISCARD/
 libc.a(*)
 libm.a(*)
 libgcc.a(*)

.ARM.attributes
                0x0000000000000000       0x30
 *(.ARM.attributes)
 .ARM.attributes
                0x0000000000000000       0x1e c:/st/stm32cubeide_1.6.1/stm32cubeide/plugins/com.st.stm32cube.ide.mcu.externaltools.gnu-tools-for-stm32.9-2020-q2-update.win32_1.5.0.202011040924/tools/bin/../lib/gcc/arm-none-eabi/9.3.1/thumb/v7e-m+fp/hard/crti.o
 .ARM.attributes
                0x000000000000001e       0x34 c:/st/stm32cubeide_1.6.1/stm32cubeide/plugins/com.st.stm32cube.ide.mcu.externaltools.gnu-tools-for-stm32.9-2020-q2-update.win32_1.5.0.202011040924/tools/bin/../lib/gcc/arm-none-eabi/9.3.1/thumb/v7e-m+fp/hard/crtbegin.o
 .ARM.attributes
                0x0000000000000052       0x34 Application/Src/can_comm.o
 .ARM.attributes
                0x0000000000000086       0x34 Application/Src/cm4.o
 .ARM.attributes
                0x00000000000000ba       0x34 Application/Src/control.o
 .ARM.attributes
                0x00000000000000ee       0x34 Application/Src/debug.o
 .ARM.attributes
                0x0000000000000122       0x34 Application/Src/dsv2.o
 .ARM.attributes
                0x0000000000000156       0x34 Application/Src/led.o
 .ARM.attributes
                0x000000000000018a       0x34 Application/Src/msv2.o
 .ARM.attributes
                0x00000000000001be       0x34 Application/Src/serial.o
 .ARM.attributes
                0x00000000000001f2       0x34 Application/Src/servo.o
 .ARM.attributes
                0x0000000000000226       0x34 Application/Src/storage.o
 .ARM.attributes
                0x000000000000025a       0x34 Application/Src/threads.o
 .ARM.attributes
                0x000000000000028e       0x34 Core/Src/can.o
 .ARM.attributes
                0x00000000000002c2       0x34 Core/Src/dma.o
 .ARM.attributes
                0x00000000000002f6       0x34 Core/Src/freertos.o
 .ARM.attributes
                0x000000000000032a       0x34 Core/Src/gpio.o
 .ARM.attributes
                0x000000000000035e       0x34 Core/Src/main.o
 .ARM.attributes
                0x0000000000000392       0x34 Core/Src/quadspi.o
 .ARM.attributes
                0x00000000000003c6       0x34 Core/Src/stm32f4xx_hal_msp.o
 .ARM.attributes
                0x00000000000003fa       0x34 Core/Src/stm32f4xx_hal_timebase_tim.o
 .ARM.attributes
                0x000000000000042e       0x34 Core/Src/stm32f4xx_it.o
 .ARM.attributes
                0x0000000000000462       0x34 Core/Src/system_stm32f4xx.o
 .ARM.attributes
                0x0000000000000496       0x34 Core/Src/tim.o
 .ARM.attributes
                0x00000000000004ca       0x34 Core/Src/usart.o
 .ARM.attributes
                0x00000000000004fe       0x21 Core/Startup/startup_stm32f446retx.o
 .ARM.attributes
                0x000000000000051f       0x34 Drivers/STM32F4xx_HAL_Driver/Src/stm32f4xx_hal.o
 .ARM.attributes
                0x0000000000000553       0x34 Drivers/STM32F4xx_HAL_Driver/Src/stm32f4xx_hal_can.o
 .ARM.attributes
                0x0000000000000587       0x34 Drivers/STM32F4xx_HAL_Driver/Src/stm32f4xx_hal_cortex.o
 .ARM.attributes
                0x00000000000005bb       0x34 Drivers/STM32F4xx_HAL_Driver/Src/stm32f4xx_hal_dma.o
 .ARM.attributes
                0x00000000000005ef       0x34 Drivers/STM32F4xx_HAL_Driver/Src/stm32f4xx_hal_gpio.o
 .ARM.attributes
                0x0000000000000623       0x34 Drivers/STM32F4xx_HAL_Driver/Src/stm32f4xx_hal_qspi.o
 .ARM.attributes
                0x0000000000000657       0x34 Drivers/STM32F4xx_HAL_Driver/Src/stm32f4xx_hal_rcc.o
 .ARM.attributes