stm32f4xx_it.c:86:6:NMI_Handler	4	static
stm32f4xx_it.c:99:6:HardFault_Handler	8	static
stm32f4xx_it.c:117:6:MemManage_Handler	4	static
stm32f4xx_it.c:132:6:BusFault_Handler	4	static
stm32f4xx_it.c:147:6:UsageFault_Handler	4	static
stm32f4xx_it.c:162:6:DebugMon_Handler	4	static
stm32f4xx_it.c:182:6:DMA1_Stream1_IRQHandler	8	static
stm32f4xx_it.c:196:6:DMA1_Stream3_IRQHandler	8	static
stm32f4xx_it.c:210:6:CAN1_RX0_IRQHandler	8	static
stm32f4xx_it.c:224:6:TIM1_UP_TIM10_IRQHandler	8	static
stm32f4xx_it.c:238:6:USART1_IRQHandler	8	static
stm32f4xx_it.c:252:6:USART3_IRQHandler	8	static
stm32f4xx_it.c:266:6:DMA2_Stream0_IRQHandler	8	static
stm32f4xx_it.c:280:6:DMA2_Stream1_IRQHandler	8	static
stm32f4xx_it.c:294:6:DMA2_Stream2_IRQHandler	8	static
stm32f4xx_it.c:308:6:DMA2_Stream6_IRQHandler	8	static
stm32f4xx_it.c:322:6:DMA2_Stream7_IRQHandler	8	static
stm32f4xx_it.c:336:6:USART6_IRQHandler	8	static
stm32f4xx_it.c:350:6:QUADSPI_IRQHandler	8	static
