util.h:224:20:util_encode_u32	16	static
util.h:242:20:util_encode_i32	16	static
util.h:253:24:util_decode_u16	16	static
util.h:257:24:util_decode_u32	16	static
util.h:269:23:util_decode_i32	16	static
cm4.c:117:6:cm4_global_init	8	static
cm4.c:121:6:cm4_init	24	static
cm4.c:133:14:cm4_decode_fcn	24	static
cm4.c:147:6:cm4_generate_response	32	static
cm4.c:167:13:cm4_response_ping	24	static
cm4.c:173:13:cm4_response_command	128	static
cm4.c:210:13:cm4_send	40	static
cm4.c:250:13:cm4_ping	32	static
cm4.c:259:13:cm4_send_sensors	72	static
cm4.c:284:13:cm4_send_feedback	64	static
cm4.c:306:13:cm4_boot	16	static
cm4.c:311:13:cm4_is_ready	16	static
cm4.c:324:13:cm4_shutdown	32	static
cm4.c:332:13:cm4_is_shutdown	16	static
cm4.c:349:13:cm4_force_shutdown	16	static
cm4.c:356:16:is_booted	4	static
cm4.c:360:13:allow_boot	4	static
cm4.c:364:13:hold_boot	4	static
