util.h:224:20:util_encode_u32	16	static
util.h:242:20:util_encode_i32	16	static
util.h:253:24:util_decode_u16	16	static
util.h:257:24:util_decode_u32	16	static
util.h:269:23:util_decode_i32	16	static
cm4.c:97:6:cm4_global_init	8	static
cm4.c:101:6:cm4_init	24	static
cm4.c:113:14:cm4_decode_fcn	24	static
cm4.c:124:13:cm4_send	40	static
cm4.c:155:13:cm4_ping	32	static
cm4.c:164:13:cm4_transaction	96	static
cm4.c:214:13:cm4_boot	16	static
cm4.c:219:13:cm4_is_ready	16	static
cm4.c:232:13:cm4_shutdown	32	static
cm4.c:240:13:cm4_is_shutdown	16	static
cm4.c:257:13:cm4_force_shutdown	16	static
cm4.c:264:16:is_booted	4	static
cm4.c:268:13:allow_boot	4	static
cm4.c:272:13:hold_boot	4	static
