control.c:88:6:control_thread	16	static
control.c:164:13:control_update	40	static
control.c:197:13:init_control	16	static
control.c:204:13:init_idle	16	static
control.c:210:13:idle	16	static
control.c:218:13:init_abort	16	static
control.c:226:13:_abort	16	static
control.c:235:13:init_error	16	static
control.c:242:13:error	16	static
control.c:250:17:control_get_state	4	static
control.c:255:6:control_move_tvc	16	static
control.c:260:6:control_abort	8	static
control.c:264:6:control_recover	8	static
control.c:268:18:control_get_status	48	static
control.c:279:6:control_release	4	static
control.c:284:16:control_sched_should_run	16	static
control.c:288:13:control_sched_done	16	static
control.c:296:13:control_sched_set	24	static
