control.c:116:6:control_thread	16	static
control.c:184:13:control_update	16	static
control.c:207:13:init_control	16	static
control.c:212:13:init_idle	16	static
control.c:219:13:idle	16	static
control.c:233:13:init_boot	16	static
control.c:241:13:boot	24	static
control.c:250:13:init_compute	16	static
control.c:256:13:compute	16	static
control.c:269:13:init_shutdown	16	static
control.c:275:13:shutdown	24	static
control.c:283:13:init_abort	16	static
control.c:295:13:_abort	16	static
control.c:302:13:init_error	16	static
control.c:309:13:error	16	static
control.c:317:17:control_get_state	4	static
control.c:322:6:control_move_tvc	16	static
control.c:327:6:control_boot	8	static
control.c:331:6:control_shutdown	8	static
control.c:335:6:control_abort	8	static
control.c:339:6:control_recover	8	static
control.c:343:18:control_get_status	48	static
control.c:354:6:control_set_sens	12	static
control.c:358:22:control_get_sens	24	static
control.c:362:6:control_set_cmd	12	static
control.c:366:23:control_get_cmd	24	static
control.c:371:16:control_sched_should_run	16	static
control.c:375:13:control_sched_done	16	static
control.c:383:13:control_sched_set	24	static
