control.c:116:6:control_thread	16	static
control.c:184:13:control_update	16	static
control.c:207:13:init_control	16	static
control.c:212:13:init_idle	16	static
control.c:219:13:idle	16	static
control.c:233:13:init_boot	16	static
control.c:241:13:boot	24	static
control.c:250:13:init_compute	16	static
control.c:256:13:compute	16	static
control.c:265:13:init_shutdown	16	static
control.c:271:13:shutdown	24	static
control.c:279:13:init_abort	16	static
control.c:291:13:_abort	16	static
control.c:298:13:init_error	16	static
control.c:305:13:error	16	static
control.c:313:17:control_get_state	4	static
control.c:318:6:control_move_tvc	16	static
control.c:323:6:control_boot	8	static
control.c:327:6:control_shutdown	8	static
control.c:331:6:control_abort	8	static
control.c:335:6:control_recover	8	static
control.c:339:18:control_get_status	48	static
control.c:350:6:control_set_sens	12	static
control.c:354:22:control_get_sens	24	static
control.c:358:6:control_set_cmd	12	static
control.c:362:23:control_get_cmd	24	static
control.c:367:16:control_sched_should_run	16	static
control.c:371:13:control_sched_done	16	static
control.c:379:13:control_sched_set	24	static
