control.c:107:6:control_thread	16	static
control.c:164:13:control_update	40	static
control.c:194:13:init_control	16	static
control.c:199:13:init_idle	16	static
control.c:205:13:idle	16	static
control.c:213:13:init_boot	16	static
control.c:218:13:boot	16	static
control.c:222:13:init_compute	16	static
control.c:226:13:compute	16	static
control.c:230:13:init_abort	16	static
control.c:238:13:_abort	16	static
control.c:245:13:init_error	16	static
control.c:252:13:error	16	static
control.c:260:17:control_get_state	4	static
control.c:265:6:control_move_tvc	16	static
control.c:270:6:control_boot	4	static
control.c:274:6:control_abort	8	static
control.c:278:6:control_recover	8	static
control.c:282:18:control_get_status	48	static
control.c:293:16:control_sched_should_run	16	static
control.c:297:13:control_sched_done	16	static
control.c:305:13:control_sched_set	24	static
