control.c:112:6:control_thread	16	static
control.c:175:13:control_update	40	static
control.c:205:13:init_control	16	static
control.c:210:13:init_idle	16	static
control.c:216:13:idle	16	static
control.c:229:13:init_boot	16	static
control.c:237:13:boot	24	static
control.c:246:13:init_compute	16	static
control.c:252:13:compute	16	static
control.c:260:13:init_shutdown	16	static
control.c:266:13:shutdown	24	static
control.c:274:13:init_abort	16	static
control.c:282:13:_abort	16	static
control.c:289:13:init_error	16	static
control.c:296:13:error	16	static
control.c:304:17:control_get_state	4	static
control.c:309:6:control_move_tvc	16	static
control.c:314:6:control_boot	8	static
control.c:318:6:control_shutdown	8	static
control.c:322:6:control_abort	8	static
control.c:326:6:control_recover	8	static
control.c:330:18:control_get_status	48	static
control.c:342:16:control_sched_should_run	16	static
control.c:346:13:control_sched_done	16	static
control.c:354:13:control_sched_set	24	static
