control.c:112:6:control_thread	16	static
control.c:177:13:control_update	40	static
control.c:207:13:init_control	16	static
control.c:212:13:init_idle	16	static
control.c:218:13:idle	16	static
control.c:231:13:init_boot	16	static
control.c:239:13:boot	24	static
control.c:248:13:init_compute	16	static
control.c:254:13:compute	16	static
control.c:266:13:init_shutdown	16	static
control.c:272:13:shutdown	24	static
control.c:280:13:init_abort	16	static
control.c:289:13:_abort	16	static
control.c:296:13:init_error	16	static
control.c:303:13:error	16	static
control.c:311:17:control_get_state	4	static
control.c:316:6:control_move_tvc	16	static
control.c:321:6:control_boot	8	static
control.c:325:6:control_shutdown	8	static
control.c:329:6:control_abort	8	static
control.c:333:6:control_recover	8	static
control.c:337:18:control_get_status	48	static
control.c:348:6:control_set_sens	12	static
control.c:352:23:control_get_cmd	24	static
control.c:357:16:control_sched_should_run	16	static
control.c:361:13:control_sched_done	16	static
control.c:369:13:control_sched_set	24	static
