control.c:117:6:control_thread	16	static
control.c:187:13:control_update	16	static
control.c:210:13:init_control	16	static
control.c:215:13:init_idle	16	static
control.c:222:13:idle	16	static
control.c:236:13:init_boot	16	static
control.c:244:13:boot	24	static
control.c:253:13:init_compute	16	static
control.c:259:13:compute	16	static
control.c:268:13:init_shutdown	16	static
control.c:274:13:shutdown	24	static
control.c:282:13:init_abort	16	static
control.c:294:13:_abort	16	static
control.c:301:13:init_error	16	static
control.c:308:13:error	16	static
control.c:316:17:control_get_state	4	static
control.c:321:6:control_move_tvc	16	static
control.c:326:6:control_boot	8	static
control.c:330:6:control_shutdown	8	static
control.c:334:6:control_abort	8	static
control.c:338:6:control_recover	8	static
control.c:342:18:control_get_status	48	static
control.c:353:14:control_get_cm4	4	static
control.c:357:6:control_set_sens	12	static
control.c:361:22:control_get_sens	24	static
control.c:365:6:control_set_cmd	12	static
control.c:369:23:control_get_cmd	24	static
control.c:374:16:control_sched_should_run	16	static
control.c:378:13:control_sched_done	16	static
control.c:386:13:control_sched_set	24	static
