control.c:117:6:control_thread	16	static
control.c:187:13:control_update	16	static
control.c:210:13:init_control	16	static
control.c:216:13:init_idle	16	static
control.c:223:13:idle	16	static
control.c:237:13:init_boot	16	static
control.c:245:13:boot	24	static
control.c:254:13:init_compute	16	static
control.c:260:13:compute	16	static
control.c:269:13:init_shutdown	16	static
control.c:275:13:shutdown	24	static
control.c:284:13:init_abort	16	static
control.c:296:13:_abort	16	static
control.c:303:13:init_error	16	static
control.c:310:13:error	16	static
control.c:318:17:control_get_state	4	static
control.c:323:6:control_move_tvc	16	static
control.c:328:6:control_boot	8	static
control.c:333:6:control_shutdown	8	static
control.c:337:6:control_abort	8	static
control.c:341:6:control_recover	8	static
control.c:345:18:control_get_status	48	static
control.c:356:14:control_get_cm4	4	static
control.c:360:6:control_set_sens	12	static
control.c:364:22:control_get_sens	24	static
control.c:368:6:control_set_cmd	12	static
control.c:372:23:control_get_cmd	24	static
control.c:377:16:control_sched_should_run	16	static
control.c:381:13:control_sched_done	16	static
control.c:389:13:control_sched_set	24	static
