control.c:117:6:control_thread	16	static
control.c:187:13:control_update	16	static
control.c:217:13:init_control	16	static
control.c:223:13:init_idle	16	static
control.c:230:13:idle	16	static
control.c:244:13:init_boot	16	static
control.c:252:13:boot	24	static
control.c:261:13:init_compute	16	static
control.c:267:13:compute	16	static
control.c:276:13:init_shutdown	16	static
control.c:282:13:shutdown	24	static
control.c:291:13:init_abort	16	static
control.c:303:13:_abort	16	static
control.c:310:13:init_error	16	static
control.c:317:13:error	16	static
control.c:325:17:control_get_state	4	static
control.c:330:6:control_move_tvc	16	static
control.c:335:6:control_boot	8	static
control.c:340:6:control_shutdown	8	static
control.c:344:6:control_abort	8	static
control.c:348:6:control_recover	8	static
control.c:352:18:control_get_status	48	static
control.c:363:14:control_get_cm4	4	static
control.c:367:6:control_set_sens	12	static
control.c:371:22:control_get_sens	24	static
control.c:375:6:control_set_cmd	12	static
control.c:379:23:control_get_cmd	24	static
control.c:384:16:control_sched_should_run	16	static
control.c:388:13:control_sched_done	16	static
control.c:396:13:control_sched_set	24	static
