control.c:116:6:control_thread	16	static
control.c:184:13:control_update	40	static
control.c:231:13:init_control	16	static
control.c:236:13:init_idle	16	static
control.c:244:13:idle	16	static
control.c:258:13:init_boot	16	static
control.c:266:13:boot	24	static
control.c:275:13:init_compute	16	static
control.c:281:13:compute	16	static
control.c:294:13:init_shutdown	16	static
control.c:300:13:shutdown	24	static
control.c:308:13:init_abort	16	static
control.c:320:13:_abort	16	static
control.c:327:13:init_error	16	static
control.c:334:13:error	16	static
control.c:342:17:control_get_state	4	static
control.c:347:6:control_move_tvc	16	static
control.c:352:6:control_boot	8	static
control.c:356:6:control_shutdown	8	static
control.c:360:6:control_abort	8	static
control.c:364:6:control_recover	8	static
control.c:368:18:control_get_status	48	static
control.c:379:6:control_set_sens	12	static
control.c:383:22:control_get_sens	24	static
control.c:387:6:control_set_cmd	12	static
control.c:391:23:control_get_cmd	24	static
control.c:396:16:control_sched_should_run	16	static
control.c:400:13:control_sched_done	16	static
control.c:408:13:control_sched_set	24	static
