control.c:116:6:control_thread	16	static
control.c:184:13:control_update	40	static
control.c:231:13:init_control	16	static
control.c:236:13:init_idle	16	static
control.c:243:13:idle	16	static
control.c:257:13:init_boot	16	static
control.c:265:13:boot	24	static
control.c:274:13:init_compute	16	static
control.c:280:13:compute	16	static
control.c:293:13:init_shutdown	16	static
control.c:299:13:shutdown	24	static
control.c:307:13:init_abort	16	static
control.c:319:13:_abort	16	static
control.c:326:13:init_error	16	static
control.c:333:13:error	16	static
control.c:341:17:control_get_state	4	static
control.c:346:6:control_move_tvc	16	static
control.c:351:6:control_boot	8	static
control.c:355:6:control_shutdown	8	static
control.c:359:6:control_abort	8	static
control.c:363:6:control_recover	8	static
control.c:367:18:control_get_status	48	static
control.c:378:6:control_set_sens	12	static
control.c:382:22:control_get_sens	24	static
control.c:386:6:control_set_cmd	12	static
control.c:390:23:control_get_cmd	24	static
control.c:395:16:control_sched_should_run	16	static
control.c:399:13:control_sched_done	16	static
control.c:407:13:control_sched_set	24	static
