control.c:114:6:control_thread	16	static
control.c:182:13:control_update	40	static
control.c:227:13:init_control	16	static
control.c:232:13:init_idle	16	static
control.c:239:13:idle	16	static
control.c:253:13:init_boot	16	static
control.c:261:13:boot	24	static
control.c:270:13:init_compute	16	static
control.c:276:13:compute	16	static
control.c:287:13:init_shutdown	16	static
control.c:293:13:shutdown	24	static
control.c:301:13:init_abort	16	static
control.c:313:13:_abort	16	static
control.c:320:13:init_error	16	static
control.c:327:13:error	16	static
control.c:335:17:control_get_state	4	static
control.c:340:6:control_move_tvc	16	static
control.c:345:6:control_boot	8	static
control.c:349:6:control_shutdown	8	static
control.c:353:6:control_abort	8	static
control.c:357:6:control_recover	8	static
control.c:361:18:control_get_status	48	static
control.c:372:6:control_set_sens	12	static
control.c:376:22:control_get_sens	24	static
control.c:380:23:control_get_cmd	24	static
control.c:385:16:control_sched_should_run	16	static
control.c:389:13:control_sched_done	16	static
control.c:397:13:control_sched_set	24	static
