control.c:112:6:control_thread	16	static
control.c:169:13:control_update	40	static
control.c:199:13:init_control	16	static
control.c:204:13:init_idle	16	static
control.c:210:13:idle	16	static
control.c:223:13:init_boot	16	static
control.c:231:13:boot	24	static
control.c:240:13:init_compute	16	static
control.c:246:13:compute	16	static
control.c:254:13:init_shutdown	16	static
control.c:260:13:shutdown	24	static
control.c:268:13:init_abort	16	static
control.c:276:13:_abort	16	static
control.c:283:13:init_error	16	static
control.c:290:13:error	16	static
control.c:298:17:control_get_state	4	static
control.c:303:6:control_move_tvc	16	static
control.c:308:6:control_boot	8	static
control.c:312:6:control_shutdown	8	static
control.c:316:6:control_abort	8	static
control.c:320:6:control_recover	8	static
control.c:324:18:control_get_status	48	static
control.c:335:16:control_sched_should_run	16	static
control.c:339:13:control_sched_done	16	static
control.c:347:13:control_sched_set	24	static
