control.c:112:6:control_thread	16	static
control.c:177:13:control_update	40	static
control.c:207:13:init_control	16	static
control.c:212:13:init_idle	16	static
control.c:218:13:idle	16	static
control.c:231:13:init_boot	16	static
control.c:239:13:boot	24	static
control.c:248:13:init_compute	16	static
control.c:254:13:compute	16	static
control.c:262:13:init_shutdown	16	static
control.c:268:13:shutdown	24	static
control.c:276:13:init_abort	16	static
control.c:285:13:_abort	16	static
control.c:292:13:init_error	16	static
control.c:299:13:error	16	static
control.c:307:17:control_get_state	4	static
control.c:312:6:control_move_tvc	16	static
control.c:317:6:control_boot	8	static
control.c:321:6:control_shutdown	8	static
control.c:325:6:control_abort	8	static
control.c:329:6:control_recover	8	static
control.c:333:18:control_get_status	48	static
control.c:345:16:control_sched_should_run	16	static
control.c:349:13:control_sched_done	16	static
control.c:357:13:control_sched_set	24	static
