control.c:114:6:control_thread	16	static
control.c:182:13:control_update	40	static
control.c:225:13:init_control	16	static
control.c:230:13:init_idle	16	static
control.c:237:13:idle	16	static
control.c:251:13:init_boot	16	static
control.c:259:13:boot	24	static
control.c:268:13:init_compute	16	static
control.c:274:13:compute	16	static
control.c:285:13:init_shutdown	16	static
control.c:291:13:shutdown	24	static
control.c:299:13:init_abort	16	static
control.c:311:13:_abort	16	static
control.c:318:13:init_error	16	static
control.c:325:13:error	16	static
control.c:333:17:control_get_state	4	static
control.c:338:6:control_move_tvc	16	static
control.c:343:6:control_boot	8	static
control.c:347:6:control_shutdown	8	static
control.c:351:6:control_abort	8	static
control.c:355:6:control_recover	8	static
control.c:359:18:control_get_status	48	static
control.c:370:6:control_set_sens	12	static
control.c:374:22:control_get_sens	24	static
control.c:378:23:control_get_cmd	24	static
control.c:383:16:control_sched_should_run	16	static
control.c:387:13:control_sched_done	16	static
control.c:395:13:control_sched_set	24	static
