control.c:114:6:control_thread	16	static
control.c:182:13:control_update	40	static
control.c:212:13:init_control	16	static
control.c:217:13:init_idle	16	static
control.c:224:13:idle	16	static
control.c:238:13:init_boot	16	static
control.c:246:13:boot	24	static
control.c:255:13:init_compute	16	static
control.c:261:13:compute	16	static
control.c:272:13:init_shutdown	16	static
control.c:278:13:shutdown	24	static
control.c:286:13:init_abort	16	static
control.c:298:13:_abort	16	static
control.c:305:13:init_error	16	static
control.c:312:13:error	16	static
control.c:320:17:control_get_state	4	static
control.c:325:6:control_move_tvc	16	static
control.c:330:6:control_boot	8	static
control.c:334:6:control_shutdown	8	static
control.c:338:6:control_abort	8	static
control.c:342:6:control_recover	8	static
control.c:346:18:control_get_status	48	static
control.c:357:6:control_set_sens	12	static
control.c:361:23:control_get_cmd	24	static
control.c:366:16:control_sched_should_run	16	static
control.c:370:13:control_sched_done	16	static
control.c:378:13:control_sched_set	24	static
