util.h:212:20:util_encode_u8	16	static
util.h:218:20:util_encode_u16	16	static
util.h:224:20:util_encode_u32	16	static
util.h:230:20:util_encode_i8	16	static
util.h:236:20:util_encode_i16	16	static
util.h:242:20:util_encode_i32	16	static
util.h:249:23:util_decode_u8	16	static
util.h:253:24:util_decode_u16	16	static
util.h:257:24:util_decode_u32	16	static
util.h:261:22:util_decode_i8	16	static
util.h:265:23:util_decode_i16	16	static
util.h:269:23:util_decode_i32	16	static
servo.c:80:6:servo_init	24	static
servo.c:90:6:servo_global_init	8	static
servo.c:96:14:servo_decode_fcn	32	static
servo.c:120:15:servo_read	40	static
servo.c:158:15:servo_write	40	static
servo.c:192:15:servo_ping	32	static
servo.c:204:15:servo_write_u8	40	static
servo.c:210:15:servo_write_u16	40	static
servo.c:216:15:servo_write_u32	40	static
servo.c:222:15:servo_write_i8	40	static
servo.c:228:15:servo_write_i16	40	static
servo.c:234:15:servo_write_i32	40	static
servo.c:240:15:servo_read_u8	40	static
servo.c:247:15:servo_read_u16	40	static
servo.c:254:15:servo_read_u32	40	static
servo.c:261:15:servo_read_i8	40	static
servo.c:268:15:servo_read_i16	40	static
servo.c:275:15:servo_read_i32	40	static
servo.c:286:15:servo_sync	24	static
servo.c:302:15:servo_config	24	static
servo.c:317:15:servo_move	24	static
